Archive member included because of file (symbol)

.\CortexM0\ARM_GCC_484\Debug\Interface_driver.a(cyfitter_cfg.o)
                              .\CortexM0\ARM_GCC_484\Debug\Cm0Start.o (cyfitter_cfg)
.\CortexM0\ARM_GCC_484\Debug\Interface_driver.a(UART_1.o)
                              .\CortexM0\ARM_GCC_484\Debug\main.o (UART_1_Enable)
.\CortexM0\ARM_GCC_484\Debug\Interface_driver.a(UART_1_I2C.o)
                              .\CortexM0\ARM_GCC_484\Debug\Interface_driver.a(UART_1.o) (UART_1_I2CStop)
.\CortexM0\ARM_GCC_484\Debug\Interface_driver.a(UART_1_I2C_MASTER.o)
                              .\CortexM0\ARM_GCC_484\Debug\Interface_driver.a(UART_1_I2C.o) (UART_1_mstrRdBufIndex)
.\CortexM0\ARM_GCC_484\Debug\Interface_driver.a(UART_1_I2C_SLAVE.o)
                              .\CortexM0\ARM_GCC_484\Debug\Interface_driver.a(UART_1_I2C.o) (UART_1_slStatus)
.\CortexM0\ARM_GCC_484\Debug\Interface_driver.a(UART_1_SPI.o)
                              .\CortexM0\ARM_GCC_484\Debug\Interface_driver.a(UART_1.o) (UART_1_SpiPostEnable)
.\CortexM0\ARM_GCC_484\Debug\Interface_driver.a(UART_1_UART.o)
                              .\CortexM0\ARM_GCC_484\Debug\main.o (UART_1_UartInit)
.\CortexM0\ARM_GCC_484\Debug\Interface_driver.a(UART_1_EZI2C.o)
                              .\CortexM0\ARM_GCC_484\Debug\Interface_driver.a(UART_1.o) (UART_1_EzI2CStop)
.\CortexM0\ARM_GCC_484\Debug\Interface_driver.a(UART_1_EZI2C_INT.o)
                              .\CortexM0\ARM_GCC_484\Debug\Interface_driver.a(UART_1_EZI2C.o) (UART_1_EZI2C_STRETCH_ISR)
.\CortexM0\ARM_GCC_484\Debug\Interface_driver.a(UART_2.o)
                              .\CortexM0\ARM_GCC_484\Debug\main.o (UART_2_Start)
.\CortexM0\ARM_GCC_484\Debug\Interface_driver.a(UART_2_SPI_UART.o)
                              .\CortexM0\ARM_GCC_484\Debug\main.o (UART_2_SpiUartWriteTxData)
.\CortexM0\ARM_GCC_484\Debug\Interface_driver.a(UART_2_UART.o)
                              .\CortexM0\ARM_GCC_484\Debug\Interface_driver.a(UART_2.o) (UART_2_UartInit)
.\CortexM0\ARM_GCC_484\Debug\Interface_driver.a(UART_CLK.o)
                              .\CortexM0\ARM_GCC_484\Debug\main.o (UART_CLK_SetFractionalDividerRegister)
.\CortexM0\ARM_GCC_484\Debug\Interface_driver.a(UART_1_uart_rx_i2c_scl_spi_mosi.o)
                              .\CortexM0\ARM_GCC_484\Debug\Interface_driver.a(UART_1_I2C_MASTER.o) (UART_1_uart_rx_i2c_scl_spi_mosi_Write)
.\CortexM0\ARM_GCC_484\Debug\Interface_driver.a(UART_1_uart_tx_i2c_sda_spi_miso.o)
                              .\CortexM0\ARM_GCC_484\Debug\Interface_driver.a(UART_1.o) (UART_1_uart_tx_i2c_sda_spi_miso_SetDriveMode)
.\CortexM0\ARM_GCC_484\Debug\Interface_driver.a(CyLib.o)
                              .\CortexM0\ARM_GCC_484\Debug\Interface_driver.a(cyfitter_cfg.o) (CyIntEnable)
.\CortexM0\ARM_GCC_484\Debug\Interface_driver.a(CyLFClk.o)
                              .\CortexM0\ARM_GCC_484\Debug\Interface_driver.a(cyfitter_cfg.o) (CySysWdtIsr)
.\CortexM0\ARM_GCC_484\Debug\Interface_driver.a(UART_1_I2C_INT.o)
                              .\CortexM0\ARM_GCC_484\Debug\Interface_driver.a(UART_1_I2C.o) (UART_1_I2C_ISR)
.\CortexM0\ARM_GCC_484\Debug\Interface_driver.a(UART_1_SPI_UART.o)
                              .\CortexM0\ARM_GCC_484\Debug\Interface_driver.a(UART_1_UART.o) (UART_1_SpiUartGetRxBufferSize)
.\CortexM0\ARM_GCC_484\Debug\Interface_driver.a(UART_1_SPI_UART_INT.o)
                              .\CortexM0\ARM_GCC_484\Debug\Interface_driver.a(UART_1_SPI.o) (UART_1_SPI_UART_ISR)
.\CortexM0\ARM_GCC_484\Debug\Interface_driver.a(CyBootAsmGnu.o)
                              .\CortexM0\ARM_GCC_484\Debug\Interface_driver.a(CyLib.o) (CyDelayCycles)
c:/program files (x86)/cypress/psoc creator/3.2/psoc creator/import/gnu/arm/4.8.4/bin/../lib/gcc/arm-none-eabi/4.8.4/armv6-m\libgcc.a(_udivsi3.o)
                              .\CortexM0\ARM_GCC_484\Debug\Interface_driver.a(CyLib.o) (__aeabi_uidiv)
c:/program files (x86)/cypress/psoc creator/3.2/psoc creator/import/gnu/arm/4.8.4/bin/../lib/gcc/arm-none-eabi/4.8.4/armv6-m\libgcc.a(_dvmd_tls.o)
                              c:/program files (x86)/cypress/psoc creator/3.2/psoc creator/import/gnu/arm/4.8.4/bin/../lib/gcc/arm-none-eabi/4.8.4/armv6-m\libgcc.a(_udivsi3.o) (__aeabi_idiv0)
c:/program files (x86)/cypress/psoc creator/3.2/psoc creator/import/gnu/arm/4.8.4/bin/../lib/gcc/arm-none-eabi/4.8.4/armv6-m\libgcc.a(_fixunssfsi.o)
                              .\CortexM0\ARM_GCC_484\Debug\main.o (__aeabi_f2uiz)
c:/program files (x86)/cypress/psoc creator/3.2/psoc creator/import/gnu/arm/4.8.4/bin/../lib/gcc/arm-none-eabi/4.8.4/armv6-m\libgcc.a(subsf3.o)
                              c:/program files (x86)/cypress/psoc creator/3.2/psoc creator/import/gnu/arm/4.8.4/bin/../lib/gcc/arm-none-eabi/4.8.4/armv6-m\libgcc.a(_fixunssfsi.o) (__aeabi_fsub)
c:/program files (x86)/cypress/psoc creator/3.2/psoc creator/import/gnu/arm/4.8.4/bin/../lib/gcc/arm-none-eabi/4.8.4/armv6-m\libgcc.a(fixsfsi.o)
[...]
Memory Configuration

Name             Origin             Length             Attributes
rom              0x00000000         0x00008000         xr
ram              0x20000000         0x00001000         xrw
*default*        0x00000000         0xffffffff

Linker script and memory map

LOAD c:/program files (x86)/cypress/psoc creator/3.2/psoc creator/import/gnu/arm/4.8.4/bin/../lib/gcc/arm-none-eabi/4.8.4/armv6-m/crti.o
LOAD c:/program files (x86)/cypress/psoc creator/3.2/psoc creator/import/gnu/arm/4.8.4/bin/../lib/gcc/arm-none-eabi/4.8.4/armv6-m/crtbegin.o
LOAD c:/program files (x86)/cypress/psoc creator/3.2/psoc creator/import/gnu/arm/4.8.4/bin/../lib/gcc/arm-none-eabi/4.8.4/../../../../arm-none-eabi/lib/armv6-m/crt0.o
START GROUP
LOAD .\CortexM0\ARM_GCC_484\Debug\main.o
LOAD .\CortexM0\ARM_GCC_484\Debug\cymetadata.o
LOAD .\CortexM0\ARM_GCC_484\Debug\Cm0Start.o
LOAD .\CortexM0\ARM_GCC_484\Debug\cybootloader.o
LOAD .\CortexM0\ARM_GCC_484\Debug\Interface_driver.a
LOAD C:\Program Files (x86)\Cypress\PSoC Creator\3.2\PSoC Creator\psoc\content\cycomponentlibrary\CyComponentLibrary.cylib\CortexM0\ARM_GCC_484\Debug\CyComponentLibrary.a
END GROUP
START GROUP
LOAD c:/program files (x86)/cypress/psoc creator/3.2/psoc creator/import/gnu/arm/4.8.4/bin/../lib/gcc/arm-none-eabi/4.8.4/armv6-m\libgcc.a
LOAD c:/program files (x86)/cypress/psoc creator/3.2/psoc creator/import/gnu/arm/4.8.4/bin/../lib/gcc/arm-none-eabi/4.8.4/../../../../arm-none-eabi/lib/armv6-m\libg_s.a
LOAD c:/program files (x86)/cypress/psoc creator/3.2/psoc creator/import/gnu/arm/4.8.4/bin/../lib/gcc/arm-none-eabi/4.8.4/../../../../arm-none-eabi/lib/armv6-m\libc_s.a
END GROUP
START GROUP
LOAD c:/program files (x86)/cypress/psoc creator/3.2/psoc creator/import/gnu/arm/4.8.4/bin/../lib/gcc/arm-none-eabi/4.8.4/armv6-m\libgcc.a
LOAD c:/program files (x86)/cypress/psoc creator/3.2/psoc creator/import/gnu/arm/4.8.4/bin/../lib/gcc/arm-none-eabi/4.8.4/../../../../arm-none-eabi/lib/armv6-m\libc_s.a
END GROUP
LOAD c:/program files (x86)/cypress/psoc creator/3.2/psoc creator/import/gnu/arm/4.8.4/bin/../lib/gcc/arm-none-eabi/4.8.4/armv6-m/crtend.o
LOAD c:/program files (x86)/cypress/psoc creator/3.2/psoc creator/import/gnu/arm/4.8.4/bin/../lib/gcc/arm-none-eabi/4.8.4/armv6-m/crtn.o
START GROUP
LOAD c:/program files (x86)/cypress/psoc creator/3.2/psoc creator/import/gnu/arm/4.8.4/bin/../lib/gcc/arm-none-eabi/4.8.4/armv6-m\libgcc.a
LOAD c:/program files (x86)/cypress/psoc creator/3.2/psoc creator/import/gnu/arm/4.8.4/bin/../lib/gcc/arm-none-eabi/4.8.4/../../../../arm-none-eabi/lib/armv6-m\libc.a
LOAD c:/program files (x86)/cypress/psoc creator/3.2/psoc creator/import/gnu/arm/4.8.4/bin/../lib/gcc/arm-none-eabi/4.8.4/../../../../arm-none-eabi/lib/armv6-m\libnosys.a
END GROUP
                0x00000000                CY_APPL_ORIGIN = 0x0
                0x00000080                CY_FLASH_ROW_SIZE = 0x80
                0x00000001                CY_APPL_NUM = 0x1
                0x00000040                CY_METADATA_SIZE = 0x40
                0x200001b0                PROVIDE (__cy_heap_start, _end)
                0x00000001                PROVIDE (__cy_region_num, ((__cy_regions_end - __cy_regions) / 0x10))
                0x20001000                PROVIDE (__cy_stack, (ORIGIN (ram) + 0x1000))
                0x20000c00                PROVIDE (__cy_heap_end, (__cy_stack - 0x400))

.cybootloader   0x00000000     0x1600
 *(.cybootloader)
 .cybootloader  0x00000000     0x1600 .\CortexM0\ARM_GCC_484\Debug\cybootloader.o
                0x00000000                cy_bootloader
                0x00001600                appl1_start = CY_APPL_ORIGIN?CY_APPL_ORIGIN:ALIGN (CY_FLASH_ROW_SIZE)
                0x00004a80                appl2_start = (appl1_start + ALIGN ((((0x8000 - appl1_start) - (0x2 * CY_FLASH_ROW_SIZE)) / 0x2), CY_FLASH_ROW_SIZE))
                0x00001600                appl_start = (CY_APPL_NUM == 0x1)?appl1_start:appl2_start

.text           0x00001600     0x1aea
 CREATE_OBJECT_SYMBOLS
                0x00001600                PROVIDE (__cy_interrupt_vector, RomVectors)
 *(.romvectors)
 .romvectors    0x00001600       0x10 .\CortexM0\ARM_GCC_484\Debug\Cm0Start.o
                0x00001600                RomVectors
                0x00000001                ASSERT ((. != __cy_interrupt_vector), No interrupt vector)
                0x00000001                ASSERT (CY_APPL_ORIGIN?(SIZEOF (.cybootloader) <= CY_APPL_ORIGIN):0x1, Wrong image location)
                0x00001610                PROVIDE (__cy_reset, Reset)
 *(.text.Reset)
 .text.Reset    0x00001610       0x10 .\CortexM0\ARM_GCC_484\Debug\Cm0Start.o
                0x00001610                Reset
                0x00000001                ASSERT ((. != __cy_reset), No reset code)
 *(.psocinit)
 .psocinit      0x00001620      0x160 .\CortexM0\ARM_GCC_484\Debug\Interface_driver.a(cyfitter_cfg.o)
                0x000016a8                cyfitter_cfg
                0x00001780                . = MAX (., 0x100)
 *(.text .text.* .gnu.linkonce.t.*)
 .text          0x00001780       0x60 c:/program files (x86)/cypress/psoc creator/3.2/psoc creator/import/gnu/arm/4.8.4/bin/../lib/gcc/arm-none-eabi/4.8.4/armv6-m/crtbegin.o
 .text.substr   0x000017e0       0x50 .\CortexM0\ARM_GCC_484\Debug\main.o
 .text.readlineCR
                0x00001830       0x50 .\CortexM0\ARM_GCC_484\Debug\main.o
 .text.send     0x00001880       0x14 .\CortexM0\ARM_GCC_484\Debug\main.o
 .text.BaudRate
                0x00001894       0x6c .\CortexM0\ARM_GCC_484\Debug\main.o
 .text.read_datablock
                0x00001900      0x1b4 .\CortexM0\ARM_GCC_484\Debug\main.o
 .text.main     0x00001ab4       0x80 .\CortexM0\ARM_GCC_484\Debug\main.o
                0x00001ab4                main
 .text.IntDefaultHandler
                0x00001b34        0x4 .\CortexM0\ARM_GCC_484\Debug\Cm0Start.o
                0x00001b34                IntDefaultHandler
 .text.Start_c  0x00001b38       0x48 .\CortexM0\ARM_GCC_484\Debug\Cm0Start.o
                0x00001b38                Start_c
 .text.initialize_psoc
                0x00001b80       0x5c .\CortexM0\ARM_GCC_484\Debug\Cm0Start.o
                0x00001b80                initialize_psoc
 .text.CYMEMZERO
                0x00001bdc        0xc .\CortexM0\ARM_GCC_484\Debug\Interface_driver.a(cyfitter_cfg.o)
 .text.UART_1_ScbEnableIntr
                0x00001be8       0x18 .\CortexM0\ARM_GCC_484\Debug\Interface_driver.a(UART_1.o)
 .text.UART_1_ScbModePostEnable
                0x00001c00       0x20 .\CortexM0\ARM_GCC_484\Debug\Interface_driver.a(UART_1.o)
 .text.UART_1_ScbModeStop
                0x00001c20       0x34 .\CortexM0\ARM_GCC_484\Debug\Interface_driver.a(UART_1.o)
 .text.UART_1_Init
                0x00001c54       0x18 .\CortexM0\ARM_GCC_484\Debug\Interface_driver.a(UART_1.o)
                0x00001c54                UART_1_Init
 .text.UART_1_Enable
                0x00001c6c       0x28 .\CortexM0\ARM_GCC_484\Debug\Interface_driver.a(UART_1.o)
                0x00001c6c                UART_1_Enable
 .text.UART_1_Start
                0x00001c94       0x20 .\CortexM0\ARM_GCC_484\Debug\Interface_driver.a(UART_1.o)
                0x00001c94                UART_1_Start
 .text.UART_1_Stop
                0x00001cb4       0x2c .\CortexM0\ARM_GCC_484\Debug\Interface_driver.a(UART_1.o)
                0x00001cb4                UART_1_Stop
 .text.UART_1_SetPins
                0x00001ce0      0x100 .\CortexM0\ARM_GCC_484\Debug\Interface_driver.a(UART_1.o)
                0x00001ce0                UART_1_SetPins
 .text.UART_1_I2CStop
                0x00001de0        0xc .\CortexM0\ARM_GCC_484\Debug\Interface_driver.a(UART_1_I2C.o)
                0x00001de0                UART_1_I2CStop
 .text.UART_1_SpiPostEnable
                0x00001dec        0xc .\CortexM0\ARM_GCC_484\Debug\Interface_driver.a(UART_1_SPI.o)
                0x00001dec                UART_1_SpiPostEnable
 .text.UART_1_SpiStop
                0x00001df8        0xc .\CortexM0\ARM_GCC_484\Debug\Interface_driver.a(UART_1_SPI.o)
                0x00001df8                UART_1_SpiStop
 .text.UART_1_UartInit
                0x00001e04      0x2ac .\CortexM0\ARM_GCC_484\Debug\Interface_driver.a(UART_1_UART.o)
                0x00001e04                UART_1_UartInit
 .text.UART_1_UartPostEnable
                0x000020b0       0x28 .\CortexM0\ARM_GCC_484\Debug\Interface_driver.a(UART_1_UART.o)
                0x000020b0                UART_1_UartPostEnable
 .text.UART_1_UartStop
                0x000020d8       0x34 .\CortexM0\ARM_GCC_484\Debug\Interface_driver.a(UART_1_UART.o)
                0x000020d8                UART_1_UartStop
 .text.UART_1_UartGetChar
                0x0000210c       0x2c .\CortexM0\ARM_GCC_484\Debug\Interface_driver.a(UART_1_UART.o)
                0x0000210c                UART_1_UartGetChar
 .text.UART_1_UartPutString
                0x00002138       0x18 .\CortexM0\ARM_GCC_484\Debug\Interface_driver.a(UART_1_UART.o)
                0x00002138                UART_1_UartPutString
 .text.UART_1_EzI2CStop
                0x00002150       0x1c .\CortexM0\ARM_GCC_484\Debug\Interface_driver.a(UART_1_EZI2C.o)
                0x00002150                UART_1_EzI2CStop
 .text.UART_2_ScbModePostEnable
                0x0000216c        0x8 .\CortexM0\ARM_GCC_484\Debug\Interface_driver.a(UART_2.o)
 .text.UART_2_Init
                0x00002174        0x8 .\CortexM0\ARM_GCC_484\Debug\Interface_driver.a(UART_2.o)
                0x00002174                UART_2_Init
 .text.UART_2_Enable
                0x0000217c       0x18 .\CortexM0\ARM_GCC_484\Debug\Interface_driver.a(UART_2.o)
                0x0000217c                UART_2_Enable
 .text.UART_2_Start
                0x00002194       0x20 .\CortexM0\ARM_GCC_484\Debug\Interface_driver.a(UART_2.o)
                0x00002194                UART_2_Start
 .text.UART_2_SpiUartReadRxData
                0x000021b4        0xc .\CortexM0\ARM_GCC_484\Debug\Interface_driver.a(UART_2_SPI_UART.o)
                0x000021b4                UART_2_SpiUartReadRxData
 .text.UART_2_SpiUartGetRxBufferSize
                0x000021c0       0x10 .\CortexM0\ARM_GCC_484\Debug\Interface_driver.a(UART_2_SPI_UART.o)
                0x000021c0                UART_2_SpiUartGetRxBufferSize
 .text.UART_2_SpiUartWriteTxData
                0x000021d0       0x1c .\CortexM0\ARM_GCC_484\Debug\Interface_driver.a(UART_2_SPI_UART.o)
                0x000021d0                UART_2_SpiUartWriteTxData
 .text.UART_2_UartInit
                0x000021ec       0x90 .\CortexM0\ARM_GCC_484\Debug\Interface_driver.a(UART_2_UART.o)
                0x000021ec                UART_2_UartInit
 .text.UART_2_UartPostEnable
                0x0000227c       0x14 .\CortexM0\ARM_GCC_484\Debug\Interface_driver.a(UART_2_UART.o)
                0x0000227c                UART_2_UartPostEnable
 .text.UART_2_UartGetChar
                0x00002290       0x2c .\CortexM0\ARM_GCC_484\Debug\Interface_driver.a(UART_2_UART.o)
                0x00002290                UART_2_UartGetChar
 .text.UART_2_UartPutString
                0x000022bc       0x18 .\CortexM0\ARM_GCC_484\Debug\Interface_driver.a(UART_2_UART.o)
                0x000022bc                UART_2_UartPutString
 .text.UART_CLK_SetFractionalDividerRegister
                0x000022d4       0x14 .\CortexM0\ARM_GCC_484\Debug\Interface_driver.a(UART_CLK.o)
                0x000022d4                UART_CLK_SetFractionalDividerRegister
 .text.UART_1_uart_rx_i2c_scl_spi_mosi_SetDriveMode
                0x000022e8       0x1c .\CortexM0\ARM_GCC_484\Debug\Interface_driver.a(UART_1_uart_rx_i2c_scl_spi_mosi.o)
                0x000022e8                UART_1_uart_rx_i2c_scl_spi_mosi_SetDriveMode
 .text.UART_1_uart_tx_i2c_sda_spi_miso_SetDriveMode
                0x00002304       0x1c .\CortexM0\ARM_GCC_484\Debug\Interface_driver.a(UART_1_uart_tx_i2c_sda_spi_miso.o)
                0x00002304                UART_1_uart_tx_i2c_sda_spi_miso_SetDriveMode
 .text.CyIntEnable
                0x00002320       0x14 .\CortexM0\ARM_GCC_484\Debug\Interface_driver.a(CyLib.o)
                0x00002320                CyIntEnable
 .text.CyIntDisable
                0x00002334       0x14 .\CortexM0\ARM_GCC_484\Debug\Interface_driver.a(CyLib.o)
                0x00002334                CyIntDisable
 .text.CyIntClearPending
                0x00002348       0x14 .\CortexM0\ARM_GCC_484\Debug\Interface_driver.a(CyLib.o)
                0x00002348                CyIntClearPending
 .text.CyHalt   0x0000235c        0x4 .\CortexM0\ARM_GCC_484\Debug\Interface_driver.a(CyLib.o)
                0x0000235c                CyHalt
 .text.CyIntSetVector
                0x00002360       0x20 .\CortexM0\ARM_GCC_484\Debug\Interface_driver.a(CyLib.o)
                0x00002360                CyIntSetVector
 .text.CyIntSetPriority
                0x00002380       0x48 .\CortexM0\ARM_GCC_484\Debug\Interface_driver.a(CyLib.o)
                0x00002380                CyIntSetPriority
 .text.CyDelay  0x000023c8       0x30 .\CortexM0\ARM_GCC_484\Debug\Interface_driver.a(CyLib.o)
                0x000023c8                CyDelay
 .text.CyDelayUs
                0x000023f8       0x14 .\CortexM0\ARM_GCC_484\Debug\Interface_driver.a(CyLib.o)
                0x000023f8                CyDelayUs
 .text.CySysClkWriteImoFreq
                0x0000240c      0x164 .\CortexM0\ARM_GCC_484\Debug\Interface_driver.a(CyLib.o)
                0x0000240c                CySysClkWriteImoFreq
 .text.CySysWdtLocked
                0x00002570       0x18 .\CortexM0\ARM_GCC_484\Debug\Interface_driver.a(CyLFClk.o)
 .text.CySysWdtLock
                0x00002588       0x1c .\CortexM0\ARM_GCC_484\Debug\Interface_driver.a(CyLFClk.o)
                0x00002588                CySysWdtLock
 .text.CySysWdtUnlock
                0x000025a4       0x30 .\CortexM0\ARM_GCC_484\Debug\Interface_driver.a(CyLFClk.o)
                0x000025a4                CySysWdtUnlock
 .text.CySysWdtClearInterrupt
                0x000025d4       0x4c .\CortexM0\ARM_GCC_484\Debug\Interface_driver.a(CyLFClk.o)
                0x000025d4                CySysWdtClearInterrupt
 .text.CySysWdtIsr
                0x00002620       0xa4 .\CortexM0\ARM_GCC_484\Debug\Interface_driver.a(CyLFClk.o)
                0x00002620                CySysWdtIsr
 .text.UART_1_SpiUartGetRxBufferSize
                0x000026c4       0x4c .\CortexM0\ARM_GCC_484\Debug\Interface_driver.a(UART_1_SPI_UART.o)
                0x000026c4                UART_1_SpiUartGetRxBufferSize
 .text.UART_1_PutWordInRxBuffer
                0x00002710       0x38 .\CortexM0\ARM_GCC_484\Debug\Interface_driver.a(UART_1_SPI_UART.o)
                0x00002710                UART_1_PutWordInRxBuffer
 .text.UART_1_GetWordFromRxBuffer
                0x00002748       0x34 .\CortexM0\ARM_GCC_484\Debug\Interface_driver.a(UART_1_SPI_UART.o)
                0x00002748                UART_1_GetWordFromRxBuffer
 .text.UART_1_SpiUartReadRxData
                0x0000277c       0x54 .\CortexM0\ARM_GCC_484\Debug\Interface_driver.a(UART_1_SPI_UART.o)
                0x0000277c                UART_1_SpiUartReadRxData
 .text.UART_1_PutWordInTxBuffer
                0x000027d0       0x38 .\CortexM0\ARM_GCC_484\Debug\Interface_driver.a(UART_1_SPI_UART.o)
                0x000027d0                UART_1_PutWordInTxBuffer
 .text.UART_1_SpiUartWriteTxData
                0x00002808       0x98 .\CortexM0\ARM_GCC_484\Debug\Interface_driver.a(UART_1_SPI_UART.o)
                0x00002808                UART_1_SpiUartWriteTxData
 .text.UART_1_GetWordFromTxBuffer
                0x000028a0       0x34 .\CortexM0\ARM_GCC_484\Debug\Interface_driver.a(UART_1_SPI_UART.o)
                0x000028a0                UART_1_GetWordFromTxBuffer
 .text.UART_1_SPI_UART_ISR
                0x000028d4      0x11c .\CortexM0\ARM_GCC_484\Debug\Interface_driver.a(UART_1_SPI_UART_INT.o)
                0x000028d4                UART_1_SPI_UART_ISR
 .text          0x000029f0       0x28 .\CortexM0\ARM_GCC_484\Debug\Interface_driver.a(CyBootAsmGnu.o)
                0x000029f0                CyDelayCycles
                0x00002a04                CyEnterCriticalSection
                0x00002a0c                CyExitCriticalSection
 .text          0x00002a18       0x30 c:/program files (x86)/cypress/psoc creator/3.2/psoc creator/import/gnu/arm/4.8.4/bin/../lib/gcc/arm-none-eabi/4.8.4/armv6-m\libgcc.a(_fixunssfsi.o)
                0x00002a18                __fixunssfsi
                0x00002a18                __aeabi_f2uiz
 .text          0x00002a48      0x2ec c:/program files (x86)/cypress/psoc creator/3.2/psoc creator/import/gnu/arm/4.8.4/bin/../lib/gcc/arm-none-eabi/4.8.4/armv6-m\libgcc.a(subsf3.o)
                0x00002a48                __aeabi_fsub
 .text          0x00002d34       0x40 c:/program files (x86)/cypress/psoc creator/3.2/psoc creator/import/gnu/arm/4.8.4/bin/../lib/gcc/arm-none-eabi/4.8.4/armv6-m\libgcc.a(fixsfsi.o)
                0x00002d34                __aeabi_f2iz
 .text          0x00002d74       0xa0 c:/program files (x86)/cypress/psoc creator/3.2/psoc creator/import/gnu/arm/4.8.4/bin/../lib/gcc/arm-none-eabi/4.8.4/armv6-m\libgcc.a(floatunsisf.o)
                0x00002d74                __aeabi_ui2f
 .text          0x00002e14       0x74 c:/program files (x86)/cypress/psoc creator/3.2/psoc creator/import/gnu/arm/4.8.4/bin/../lib/gcc/arm-none-eabi/4.8.4/armv6-m\libgcc.a(_arm_cmpsf2.o)
                0x00002e14                __aeabi_cfrcmple
                0x00002e1c                __aeabi_cfcmpeq
                0x00002e1c                __aeabi_cfcmple
                0x00002e2c                __aeabi_fcmpeq
                0x00002e38                __aeabi_fcmplt
                0x00002e4c                __aeabi_fcmple
                0x00002e60                __aeabi_fcmpgt
                0x00002e74                __aeabi_fcmpge
 .text          0x00002e88       0x3c c:/program files (x86)/cypress/psoc creator/3.2/psoc creator/import/gnu/arm/4.8.4/bin/../lib/gcc/arm-none-eabi/4.8.4/armv6-m\libgcc.a(_clzsi2.o)
                0x00002e88                __clzsi2
 .text          0x00002ec4       0x54 c:/program files (x86)/cypress/psoc creator/3.2/psoc creator/import/gnu/arm/4.8.4/bin/../lib/gcc/arm-none-eabi/4.8.4/armv6-m\libgcc.a(eqsf2.o)
                0x00002ec4                __eqsf2
                0x00002ec4                __nesf2
 .text          0x00002f18       0x90 c:/program files (x86)/cypress/psoc creator/3.2/psoc creator/import/gnu/arm/4.8.4/bin/../lib/gcc/arm-none-eabi/4.8.4/armv6-m\libgcc.a(gesf2.o)
                0x00002f18                __gesf2
                0x00002f18                __gtsf2
 .text          0x00002fa8       0x98 c:/program files (x86)/cypress/psoc creator/3.2/psoc creator/import/gnu/arm/4.8.4/bin/../lib/gcc/arm-none-eabi/4.8.4/armv6-m\libgcc.a(lesf2.o)
                0x00002fa8                __ltsf2
                0x00002fa8                __lesf2
 .text.__libc_init_array
                0x00003040       0x4c c:/program files (x86)/cypress/psoc creator/3.2/psoc creator/import/gnu/arm/4.8.4/bin/../lib/gcc/arm-none-eabi/4.8.4/../../../../arm-none-eabi/lib/armv6-m\libg_s.a(lib_a-init.o)
                0x00003040                __libc_init_array
 .text.memcpy   0x0000308c       0x12 c:/program files (x86)/cypress/psoc creator/3.2/psoc creator/import/gnu/arm/4.8.4/bin/../lib/gcc/arm-none-eabi/4.8.4/../../../../arm-none-eabi/lib/armv6-m\libg_s.a(lib_a-memcpy-stub.o)
                0x0000308c                memcpy
 .text.memset   0x0000309e       0x10 c:/program files (x86)/cypress/psoc creator/3.2/psoc creator/import/gnu/arm/4.8.4/bin/../lib/gcc/arm-none-eabi/4.8.4/../../../../arm-none-eabi/lib/armv6-m\libg_s.a(lib_a-memset.o)
                0x0000309e                memset
 .text.strcat   0x000030ae       0x1a c:/program files (x86)/cypress/psoc creator/3.2/psoc creator/import/gnu/arm/4.8.4/bin/../lib/gcc/arm-none-eabi/4.8.4/../../../../arm-none-eabi/lib/armv6-m\libg_s.a(lib_a-strcat.o)
                0x000030ae                strcat
 .text          0x000030c8       0x14 c:/program files (x86)/cypress/psoc creator/3.2/psoc creator/import/gnu/arm/4.8.4/bin/../lib/gcc/arm-none-eabi/4.8.4/../../../../arm-none-eabi/lib/armv6-m\libg_s.a(lib_a-strcmp.o)
                0x000030c8                strcmp
 .text.strlen   0x000030dc        0xe c:/program files (x86)/cypress/psoc creator/3.2/psoc creator/import/gnu/arm/4.8.4/bin/../lib/gcc/arm-none-eabi/4.8.4/../../../../arm-none-eabi/lib/armv6-m\libg_s.a(lib_a-strlen.o)
                0x000030dc                strlen
 *(.plt)
 *(.gnu.warning)
 *(.glue_7t)
 .glue_7t       0x00000000        0x0 linker stubs
 *(.glue_7)
 .glue_7        0x00000000        0x0 linker stubs
 *(.vfp11_veneer)
 .vfp11_veneer  0x00000000        0x0 linker stubs
 *(.bootloader)
 *(.ARM.extab* .gnu.linkonce.armextab.*)
 *(.gcc_except_table)

.v4_bx          0x000030ec        0x0
 .v4_bx         0x00000000        0x0 linker stubs

.iplt           0x000030ec        0x0
 .iplt          0x00000000        0x0 c:/program files (x86)/cypress/psoc creator/3.2/psoc creator/import/gnu/arm/4.8.4/bin/../lib/gcc/arm-none-eabi/4.8.4/armv6-m/crtbegin.o

.eh_frame_hdr
 *(.eh_frame_hdr)

.eh_frame       0x000030ec        0x4
 *(.eh_frame)
 .eh_frame      0x000030ec        0x0 c:/program files (x86)/cypress/psoc creator/3.2/psoc creator/import/gnu/arm/4.8.4/bin/../lib/gcc/arm-none-eabi/4.8.4/armv6-m/crtbegin.o
 .eh_frame      0x000030ec        0x4 c:/program files (x86)/cypress/psoc creator/3.2/psoc creator/import/gnu/arm/4.8.4/bin/../lib/gcc/arm-none-eabi/4.8.4/armv6-m/crtend.o
                0x000030f0                PROVIDE (__exidx_start, .)

.ARM.exidx
 *(.ARM.exidx* .gnu.linkonce.armexidx.*)
                0x000030f0                __exidx_end = .

.rodata         0x000030f0      0x2c8
 *(.rodata .rodata.* .gnu.linkonce.r.*)
 .rodata        0x000030f0       0x88 .\CortexM0\ARM_GCC_484\Debug\main.o
                0x00003108                configUart
 .rodata.str1.4
                0x00003178       0xc8 .\CortexM0\ARM_GCC_484\Debug\main.o
                                 0xcc (size before relaxing)
 .rodata        0x00003240        0xc .\CortexM0\ARM_GCC_484\Debug\Interface_driver.a(cyfitter_cfg.o)
 .rodata        0x0000324c       0x30 .\CortexM0\ARM_GCC_484\Debug\Interface_driver.a(CyLib.o)
                0x0000324c                cyImoFreqMhz2Reg
 .rodata._ctype_
                0x0000327c      0x101 c:/program files (x86)/cypress/psoc creator/3.2/psoc creator/import/gnu/arm/4.8.4/bin/../lib/gcc/arm-none-eabi/4.8.4/../../../../arm-none-eabi/lib/armv6-m\libg_s.a(lib_a-ctype_.o)
                0x0000327c                _ctype_
                0x00003380                . = ALIGN (0x4)
 *fill*         0x0000337d        0x3 
 *(.init)
 .init          0x00003380        0x4 c:/program files (x86)/cypress/psoc creator/3.2/psoc creator/import/gnu/arm/4.8.4/bin/../lib/gcc/arm-none-eabi/4.8.4/armv6-m/crti.o
                0x00003380                _init
 .init          0x00003384        0x8 c:/program files (x86)/cypress/psoc creator/3.2/psoc creator/import/gnu/arm/4.8.4/bin/../lib/gcc/arm-none-eabi/4.8.4/armv6-m/crtn.o
                0x0000338c                . = ALIGN (0x4)
                0x0000338c                __preinit_array_start = .
 *(.preinit_array)
                0x0000338c                __preinit_array_end = .
                0x0000338c                . = ALIGN (0x4)
                0x0000338c                __init_array_start = .
 *(SORT(.init_array.*))
 *(.init_array)
 .init_array    0x0000338c        0x4 c:/program files (x86)/cypress/psoc creator/3.2/psoc creator/import/gnu/arm/4.8.4/bin/../lib/gcc/arm-none-eabi/4.8.4/armv6-m/crtbegin.o
 .init_array    0x00003390        0x4 .\CortexM0\ARM_GCC_484\Debug\Cm0Start.o
                0x00003394                __init_array_end = .
                0x00003394                . = ALIGN (0x4)
 *(.fini)
 .fini          0x00003394        0x4 c:/program files (x86)/cypress/psoc creator/3.2/psoc creator/import/gnu/arm/4.8.4/bin/../lib/gcc/arm-none-eabi/4.8.4/armv6-m/crti.o
                0x00003394                _fini
 .fini          0x00003398        0x8 c:/program files (x86)/cypress/psoc creator/3.2/psoc creator/import/gnu/arm/4.8.4/bin/../lib/gcc/arm-none-eabi/4.8.4/armv6-m/crtn.o
                0x000033a0                . = ALIGN (0x4)
                0x000033a0                __fini_array_start = .
 *(.fini_array)
 .fini_array    0x000033a0        0x4 c:/program files (x86)/cypress/psoc creator/3.2/psoc creator/import/gnu/arm/4.8.4/bin/../lib/gcc/arm-none-eabi/4.8.4/armv6-m/crtbegin.o
 *(SORT(.fini_array.*))
                0x000033a4                __fini_array_end = .
                0x000033a4                . = ALIGN (0x4)
 *crtbegin.o(.ctors)
 *(EXCLUDE_FILE(*crtend.o) .ctors)
 *(SORT(.ctors.*))
 *crtend.o(.ctors)
                0x000033a4                . = ALIGN (0x4)
 *crtbegin.o(.dtors)
 *(EXCLUDE_FILE(*crtend.o) .dtors)
 *(SORT(.dtors.*))
 *crtend.o(.dtors)
                0x000033a4                . = ALIGN (0x4)
                0x000033a4                __cy_regions = .
                0x000033a4        0x4 LONG 0x33b8 __cy_region_init_ram
                0x000033a8        0x4 LONG 0x200000d0 __cy_region_start_data
                0x000033ac        0x4 LONG 0x20 __cy_region_init_size_ram
                0x000033b0        0x4 LONG 0xc0 __cy_region_zero_size_ram
                0x000033b4                __cy_regions_end = .
                0x000033b8                . = ALIGN (0x8)
 *fill*         0x000033b4        0x4 
                0x000033b8                _etext = .

.ramvectors     0x20000000       0xc0
                0x20000000                __cy_region_start_ram = .
 *(.ramvectors)
 .ramvectors    0x20000000       0xc0 .\CortexM0\ARM_GCC_484\Debug\Cm0Start.o
                0x20000000                CyRamVectors

.btldr_run      0x200000c0        0x4
 *(.bootloaderruntype)
 .bootloaderruntype
                0x200000c0        0x4 .\CortexM0\ARM_GCC_484\Debug\Cm0Start.o
                0x200000c0                cyBtldrRunType

.noinit         0x200000c8        0x4
 *(.noinit)
 .noinit        0x200000c8        0x4 .\CortexM0\ARM_GCC_484\Debug\Cm0Start.o

.data           0x200000d0       0x20 load address 0x000033b8
                0x200000d0                __cy_region_start_data = .
 *(.jcr)
 .jcr           0x200000d0        0x0 c:/program files (x86)/cypress/psoc creator/3.2/psoc creator/import/gnu/arm/4.8.4/bin/../lib/gcc/arm-none-eabi/4.8.4/armv6-m/crtbegin.o
 .jcr           0x200000d0        0x4 c:/program files (x86)/cypress/psoc creator/3.2/psoc creator/import/gnu/arm/4.8.4/bin/../lib/gcc/arm-none-eabi/4.8.4/armv6-m/crtend.o
 *(.got.plt)
 *(.got)
 *(.shdata)
 *(.data .data.* .gnu.linkonce.d.*)
 .data          0x200000d4        0x1 .\CortexM0\ARM_GCC_484\Debug\Interface_driver.a(UART_1.o)
                0x200000d4                UART_1_scbMode
 *fill*         0x200000d5        0x3 
 .data          0x200000d8       0x10 .\CortexM0\ARM_GCC_484\Debug\Interface_driver.a(CyLib.o)
                0x200000d8                cydelay32kMs
                0x200000dc                cydelayFreqKhz
                0x200000e0                cydelayFreqMhz
                0x200000e4                cydelayFreqHz
 .data          0x200000e8        0x4 .\CortexM0\ARM_GCC_484\Debug\Interface_driver.a(CyLFClk.o)
 .data.__ctype_ptr__
                0x200000ec        0x4 c:/program files (x86)/cypress/psoc creator/3.2/psoc creator/import/gnu/arm/4.8.4/bin/../lib/gcc/arm-none-eabi/4.8.4/../../../../arm-none-eabi/lib/armv6-m\libg_s.a(lib_a-ctype_.o)
                0x200000ec                __ctype_ptr__
                0x200000f0                . = ALIGN (0x8)
 *(.ram)
                0x200000f0                _edata = .

.igot.plt       0x200000f0        0x0 load address 0x000033d8
 .igot.plt      0x00000000        0x0 c:/program files (x86)/cypress/psoc creator/3.2/psoc creator/import/gnu/arm/4.8.4/bin/../lib/gcc/arm-none-eabi/4.8.4/armv6-m/crtbegin.o

.bss            0x200000f0       0xc0 load address 0x000033d8
                0x200000f0                PROVIDE (__bss_start__, .)
 *(.shbss)
 *(.bss .bss.* .gnu.linkonce.b.*)
 .bss           0x200000f0       0x1c c:/program files (x86)/cypress/psoc creator/3.2/psoc creator/import/gnu/arm/4.8.4/bin/../lib/gcc/arm-none-eabi/4.8.4/armv6-m/crtbegin.o
 .bss           0x2000010c        0x8 .\CortexM0\ARM_GCC_484\Debug\Interface_driver.a(UART_1.o)
                0x2000010c                UART_1_initVar
                0x20000110                UART_1_customIntrHandler
 .bss           0x20000114        0x1 .\CortexM0\ARM_GCC_484\Debug\Interface_driver.a(UART_2.o)
                0x20000114                UART_2_initVar
 *fill*         0x20000115        0x3 
 .bss           0x20000118       0x1c .\CortexM0\ARM_GCC_484\Debug\Interface_driver.a(CyLFClk.o)
 *(COMMON)
 COMMON         0x20000134       0x24 .\CortexM0\ARM_GCC_484\Debug\main.o
                0x20000134                bufferRx
                0x20000148                bufferTx
 COMMON         0x20000158       0x1c .\CortexM0\ARM_GCC_484\Debug\Interface_driver.a(UART_1.o)
                0x20000158                UART_1_scbEnableIntr
                0x20000159                UART_1_numberOfAddr
                0x2000015a                UART_1_rxDataBits
                0x2000015c                UART_1_txBuffer
                0x20000160                UART_1_mode
                0x20000161                UART_1_scbEnableWake
                0x20000162                UART_1_subAddrSize
                0x20000163                UART_1_acceptAddr
                0x20000164                UART_1_rxBufferSize
                0x20000168                UART_1_txDataBits
                0x2000016c                UART_1_rxBuffer
                0x20000170                UART_1_txBufferSize
 COMMON         0x20000174        0x1 .\CortexM0\ARM_GCC_484\Debug\Interface_driver.a(UART_1_I2C.o)
                0x20000174                UART_1_state
 *fill*         0x20000175        0x3 
 COMMON         0x20000178       0x20 .\CortexM0\ARM_GCC_484\Debug\Interface_driver.a(UART_1_EZI2C.o)
                0x20000178                UART_1_bufSizeBuf1
                0x2000017a                UART_1_indexBuf2
                0x2000017c                UART_1_curStatus
                0x2000017d                UART_1_addrBuf2
                0x2000017e                UART_1_fsmState
                0x20000180                UART_1_protectBuf1
                0x20000184                UART_1_dataBuffer1
                0x20000188                UART_1_addrBuf1
                0x2000018a                UART_1_bufSizeBuf2
                0x2000018c                UART_1_offsetBuf1
                0x2000018e                UART_1_indexBuf1
                0x20000190                UART_1_protectBuf2
                0x20000192                UART_1_offsetBuf2
                0x20000194                UART_1_dataBuffer2
 COMMON         0x20000198       0x11 .\CortexM0\ARM_GCC_484\Debug\Interface_driver.a(UART_1_SPI_UART.o)
                0x20000198                UART_1_txBufferTail
                0x2000019c                UART_1_rxBufferTail
                0x200001a0                UART_1_rxBufferHead
                0x200001a4                UART_1_txBufferHead
                0x200001a8                UART_1_rxBufferOverflow
                0x200001b0                . = ALIGN (0x8)
 *fill*         0x200001a9        0x7 
 *(.ram.b)
                0x200001b0                _end = .
                0x200001b0                __end = .
                0x200001b0                PROVIDE (end, .)
                0x200001b0                PROVIDE (__bss_end__, .)
                0x000033b8                __cy_region_init_ram = LOADADDR (.data)
                0x00000020                __cy_region_init_size_ram = (_edata - ADDR (.data))
                0x000000c0                __cy_region_zero_size_ram = (_end - _edata)

.heap           0x200001b0       0x80 load address 0x000033d8
                0x200001b0                . = _end
                0x20000230                . = (. + 0x80)
 *fill*         0x200001b0       0x80 
                0x20000230                __cy_heap_limit = .

.stack          0x20000c00      0x400
                0x20000c00                __cy_stack_limit = .
                0x20001000                . = (. + 0x400)
 *fill*         0x20000c00      0x400 
                0x00000001                ASSERT ((__cy_stack_limit >= __cy_heap_limit), region RAM overflowed with stack)

.cyloadermeta   0xf0000000       0x40
 *(.cyloadermeta)
 .cyloadermeta  0xf0000000       0x40 .\CortexM0\ARM_GCC_484\Debug\cybootloader.o
                0xf0000000                cy_meta_loader

.cyloadablemeta
                0x00007fc0       0x40
 *(.cyloadablemeta)
 .cyloadablemeta
                0x00007fc0       0x40 .\CortexM0\ARM_GCC_484\Debug\cymetadata.o
                0x00007fc0                cy_meta_loadable

.cyflashprotect
                0x90400000       0x20
 *(.cyflashprotect)
 .cyflashprotect
                0x90400000       0x20 .\CortexM0\ARM_GCC_484\Debug\cybootloader.o
                0x90400000                cy_meta_flashprotect

.cymeta         0x90500000        0xc
 *(.cymeta)
 .cymeta        0x90500000        0xc .\CortexM0\ARM_GCC_484\Debug\cybootloader.o
                0x90500000                cy_metadata

.cychipprotect  0x90600000        0x4
 *(.cychipprotect)
 .cychipprotect
                0x90600000        0x4 .\CortexM0\ARM_GCC_484\Debug\cybootloader.o
                0x90600000                cy_meta_chipprotect

.rel.dyn        0x00008000        0x0 load address 0x90600004
 .rel.iplt      0x00000000        0x0 c:/program files (x86)/cypress/psoc creator/3.2/psoc creator/import/gnu/arm/4.8.4/bin/../lib/gcc/arm-none-eabi/4.8.4/armv6-m/crtbegin.o

.stab
 *(.stab)

.stabstr
 *(.stabstr)

.debug
 *(.debug)

.line
 *(.line)

.debug_srcinfo
 *(.debug_srcinfo)

.debug_sfnames
 *(.debug_sfnames)

.debug_aranges  0x00000000      0x958
 *(.debug_aranges)
 .debug_aranges
                0x00000000       0x48 .\CortexM0\ARM_GCC_484\Debug\main.o
 .debug_aranges
                0x00000048       0x18 .\CortexM0\ARM_GCC_484\Debug\cymetadata.o
 .debug_aranges
                0x00000060       0x48 .\CortexM0\ARM_GCC_484\Debug\Cm0Start.o
 .debug_aranges
                0x000000a8       0x18 .\CortexM0\ARM_GCC_484\Debug\cybootloader.o
 .debug_aranges
                0x000000c0       0x30 .\CortexM0\ARM_GCC_484\Debug\Interface_driver.a(cyfitter_cfg.o)
 .debug_aranges
                0x000000f0       0x78 .\CortexM0\ARM_GCC_484\Debug\Interface_driver.a(UART_1.o)
 .debug_aranges
                0x00000168       0x38 .\CortexM0\ARM_GCC_484\Debug\Interface_driver.a(UART_1_I2C.o)
 .debug_aranges
                0x000001a0       0x88 .\CortexM0\ARM_GCC_484\Debug\Interface_driver.a(UART_1_I2C_MASTER.o)
 .debug_aranges
                0x00000228       0x78 .\CortexM0\ARM_GCC_484\Debug\Interface_driver.a(UART_1_I2C_SLAVE.o)
 .debug_aranges
                0x000002a0       0x48 .\CortexM0\ARM_GCC_484\Debug\Interface_driver.a(UART_1_SPI.o)
 .debug_aranges
                0x000002e8       0x70 .\CortexM0\ARM_GCC_484\Debug\Interface_driver.a(UART_1_UART.o)
 .debug_aranges
                0x00000358       0x88 .\CortexM0\ARM_GCC_484\Debug\Interface_driver.a(UART_1_EZI2C.o)
 .debug_aranges
                0x000003e0       0x28 .\CortexM0\ARM_GCC_484\Debug\Interface_driver.a(UART_1_EZI2C_INT.o)
 .debug_aranges
                0x00000408       0x60 .\CortexM0\ARM_GCC_484\Debug\Interface_driver.a(UART_2.o)
 .debug_aranges
                0x00000468       0x60 .\CortexM0\ARM_GCC_484\Debug\Interface_driver.a(UART_2_SPI_UART.o)
 .debug_aranges
                0x000004c8       0x60 .\CortexM0\ARM_GCC_484\Debug\Interface_driver.a(UART_2_UART.o)
 .debug_aranges
                0x00000528       0x40 .\CortexM0\ARM_GCC_484\Debug\Interface_driver.a(UART_CLK.o)
 .debug_aranges
                0x00000568       0x40 .\CortexM0\ARM_GCC_484\Debug\Interface_driver.a(UART_1_uart_rx_i2c_scl_spi_mosi.o)
 .debug_aranges
                0x000005a8       0x40 .\CortexM0\ARM_GCC_484\Debug\Interface_driver.a(UART_1_uart_tx_i2c_sda_spi_miso.o)
 .debug_aranges
                0x000005e8      0x170 .\CortexM0\ARM_GCC_484\Debug\Interface_driver.a(CyLib.o)
 .debug_aranges
                0x00000758      0x120 .\CortexM0\ARM_GCC_484\Debug\Interface_driver.a(CyLFClk.o)
 .debug_aranges
                0x00000878       0x20 .\CortexM0\ARM_GCC_484\Debug\Interface_driver.a(UART_1_I2C_INT.o)
 .debug_aranges
                0x00000898       0x80 .\CortexM0\ARM_GCC_484\Debug\Interface_driver.a(UART_1_SPI_UART.o)
 .debug_aranges
                0x00000918       0x20 .\CortexM0\ARM_GCC_484\Debug\Interface_driver.a(UART_1_SPI_UART_INT.o)
 .debug_aranges
                0x00000938       0x20 .\CortexM0\ARM_GCC_484\Debug\Interface_driver.a(CyBootAsmGnu.o)

.debug_pubnames
 *(.debug_pubnames)

.debug_info     0x00000000     0x6447
 *(.debug_info .gnu.linkonce.wi.*)
 .debug_info    0x00000000      0xa9b .\CortexM0\ARM_GCC_484\Debug\main.o
 .debug_info    0x00000a9b       0xb1 .\CortexM0\ARM_GCC_484\Debug\cymetadata.o
 .debug_info    0x00000b4c      0x397 .\CortexM0\ARM_GCC_484\Debug\Cm0Start.o
 .debug_info    0x00000ee3      0x14d .\CortexM0\ARM_GCC_484\Debug\cybootloader.o
 .debug_info    0x00001030      0x28c .\CortexM0\ARM_GCC_484\Debug\Interface_driver.a(cyfitter_cfg.o)
 .debug_info    0x000012bc      0x4c5 .\CortexM0\ARM_GCC_484\Debug\Interface_driver.a(UART_1.o)
 .debug_info    0x00001781      0x36c .\CortexM0\ARM_GCC_484\Debug\Interface_driver.a(UART_1_I2C.o)
 .debug_info    0x00001aed      0x682 .\CortexM0\ARM_GCC_484\Debug\Interface_driver.a(UART_1_I2C_MASTER.o)
 .debug_info    0x0000216f      0x3c8 .\CortexM0\ARM_GCC_484\Debug\Interface_driver.a(UART_1_I2C_SLAVE.o)
 .debug_info    0x00002537      0x44f .\CortexM0\ARM_GCC_484\Debug\Interface_driver.a(UART_1_SPI.o)
 .debug_info    0x00002986      0x691 .\CortexM0\ARM_GCC_484\Debug\Interface_driver.a(UART_1_UART.o)
 .debug_info    0x00003017      0x65f .\CortexM0\ARM_GCC_484\Debug\Interface_driver.a(UART_1_EZI2C.o)
 .debug_info    0x00003676      0x331 .\CortexM0\ARM_GCC_484\Debug\Interface_driver.a(UART_1_EZI2C_INT.o)
 .debug_info    0x000039a7      0x216 .\CortexM0\ARM_GCC_484\Debug\Interface_driver.a(UART_2.o)
 .debug_info    0x00003bbd      0x215 .\CortexM0\ARM_GCC_484\Debug\Interface_driver.a(UART_2_SPI_UART.o)
 .debug_info    0x00003dd2      0x2a7 .\CortexM0\ARM_GCC_484\Debug\Interface_driver.a(UART_2_UART.o)
 .debug_info    0x00004079      0x14b .\CortexM0\ARM_GCC_484\Debug\Interface_driver.a(UART_CLK.o)
 .debug_info    0x000041c4      0x150 .\CortexM0\ARM_GCC_484\Debug\Interface_driver.a(UART_1_uart_rx_i2c_scl_spi_mosi.o)
 .debug_info    0x00004314      0x150 .\CortexM0\ARM_GCC_484\Debug\Interface_driver.a(UART_1_uart_tx_i2c_sda_spi_miso.o)
 .debug_info    0x00004464      0xa5f .\CortexM0\ARM_GCC_484\Debug\Interface_driver.a(CyLib.o)
 .debug_info    0x00004ec3      0xc42 .\CortexM0\ARM_GCC_484\Debug\Interface_driver.a(CyLFClk.o)
 .debug_info    0x00005b05      0x242 .\CortexM0\ARM_GCC_484\Debug\Interface_driver.a(UART_1_I2C_INT.o)
 .debug_info    0x00005d47      0x479 .\CortexM0\ARM_GCC_484\Debug\Interface_driver.a(UART_1_SPI_UART.o)
 .debug_info    0x000061c0      0x1c7 .\CortexM0\ARM_GCC_484\Debug\Interface_driver.a(UART_1_SPI_UART_INT.o)
 .debug_info    0x00006387       0xc0 .\CortexM0\ARM_GCC_484\Debug\Interface_driver.a(CyBootAsmGnu.o)

.debug_abbrev   0x00000000     0x20c1
 *(.debug_abbrev)
 .debug_abbrev  0x00000000      0x23e .\CortexM0\ARM_GCC_484\Debug\main.o
 .debug_abbrev  0x0000023e       0x5d .\CortexM0\ARM_GCC_484\Debug\cymetadata.o
 .debug_abbrev  0x0000029b      0x20d .\CortexM0\ARM_GCC_484\Debug\Cm0Start.o
 .debug_abbrev  0x000004a8       0x77 .\CortexM0\ARM_GCC_484\Debug\cybootloader.o
 .debug_abbrev  0x0000051f      0x18a .\CortexM0\ARM_GCC_484\Debug\Interface_driver.a(cyfitter_cfg.o)
 .debug_abbrev  0x000006a9      0x1b0 .\CortexM0\ARM_GCC_484\Debug\Interface_driver.a(UART_1.o)
 .debug_abbrev  0x00000859      0x141 .\CortexM0\ARM_GCC_484\Debug\Interface_driver.a(UART_1_I2C.o)
 .debug_abbrev  0x0000099a      0x189 .\CortexM0\ARM_GCC_484\Debug\Interface_driver.a(UART_1_I2C_MASTER.o)
 .debug_abbrev  0x00000b23      0x195 .\CortexM0\ARM_GCC_484\Debug\Interface_driver.a(UART_1_I2C_SLAVE.o)
 .debug_abbrev  0x00000cb8      0x182 .\CortexM0\ARM_GCC_484\Debug\Interface_driver.a(UART_1_SPI.o)
 .debug_abbrev  0x00000e3a      0x1d5 .\CortexM0\ARM_GCC_484\Debug\Interface_driver.a(UART_1_UART.o)
 .debug_abbrev  0x0000100f      0x1f2 .\CortexM0\ARM_GCC_484\Debug\Interface_driver.a(UART_1_EZI2C.o)
 .debug_abbrev  0x00001201      0x134 .\CortexM0\ARM_GCC_484\Debug\Interface_driver.a(UART_1_EZI2C_INT.o)
 .debug_abbrev  0x00001335       0xfa .\CortexM0\ARM_GCC_484\Debug\Interface_driver.a(UART_2.o)
 .debug_abbrev  0x0000142f      0x176 .\CortexM0\ARM_GCC_484\Debug\Interface_driver.a(UART_2_SPI_UART.o)
 .debug_abbrev  0x000015a5      0x157 .\CortexM0\ARM_GCC_484\Debug\Interface_driver.a(UART_2_UART.o)
 .debug_abbrev  0x000016fc       0xc4 .\CortexM0\ARM_GCC_484\Debug\Interface_driver.a(UART_CLK.o)
 .debug_abbrev  0x000017c0       0xb7 .\CortexM0\ARM_GCC_484\Debug\Interface_driver.a(UART_1_uart_rx_i2c_scl_spi_mosi.o)
 .debug_abbrev  0x00001877       0xb7 .\CortexM0\ARM_GCC_484\Debug\Interface_driver.a(UART_1_uart_tx_i2c_sda_spi_miso.o)
 .debug_abbrev  0x0000192e      0x20d .\CortexM0\ARM_GCC_484\Debug\Interface_driver.a(CyLib.o)
 .debug_abbrev  0x00001b3b      0x226 .\CortexM0\ARM_GCC_484\Debug\Interface_driver.a(CyLFClk.o)
 .debug_abbrev  0x00001d61       0xba .\CortexM0\ARM_GCC_484\Debug\Interface_driver.a(UART_1_I2C_INT.o)
 .debug_abbrev  0x00001e1b      0x1ac .\CortexM0\ARM_GCC_484\Debug\Interface_driver.a(UART_1_SPI_UART.o)
 .debug_abbrev  0x00001fc7       0xe6 .\CortexM0\ARM_GCC_484\Debug\Interface_driver.a(UART_1_SPI_UART_INT.o)
 .debug_abbrev  0x000020ad       0x14 .\CortexM0\ARM_GCC_484\Debug\Interface_driver.a(CyBootAsmGnu.o)

.debug_line     0x00000000     0x2c63
 *(.debug_line)
 .debug_line    0x00000000      0x33d .\CortexM0\ARM_GCC_484\Debug\main.o
 .debug_line    0x0000033d       0x53 .\CortexM0\ARM_GCC_484\Debug\cymetadata.o
 .debug_line    0x00000390      0x231 .\CortexM0\ARM_GCC_484\Debug\Cm0Start.o
 .debug_line    0x000005c1       0x55 .\CortexM0\ARM_GCC_484\Debug\cybootloader.o
 .debug_line    0x00000616      0x141 .\CortexM0\ARM_GCC_484\Debug\Interface_driver.a(cyfitter_cfg.o)
 .debug_line    0x00000757      0x27e .\CortexM0\ARM_GCC_484\Debug\Interface_driver.a(UART_1.o)
 .debug_line    0x000009d5      0x157 .\CortexM0\ARM_GCC_484\Debug\Interface_driver.a(UART_1_I2C.o)
 .debug_line    0x00000b2c      0x324 .\CortexM0\ARM_GCC_484\Debug\Interface_driver.a(UART_1_I2C_MASTER.o)
 .debug_line    0x00000e50      0x16a .\CortexM0\ARM_GCC_484\Debug\Interface_driver.a(UART_1_I2C_SLAVE.o)
 .debug_line    0x00000fba      0x16a .\CortexM0\ARM_GCC_484\Debug\Interface_driver.a(UART_1_SPI.o)
 .debug_line    0x00001124      0x22a .\CortexM0\ARM_GCC_484\Debug\Interface_driver.a(UART_1_UART.o)
 .debug_line    0x0000134e      0x229 .\CortexM0\ARM_GCC_484\Debug\Interface_driver.a(UART_1_EZI2C.o)
 .debug_line    0x00001577      0x2b0 .\CortexM0\ARM_GCC_484\Debug\Interface_driver.a(UART_1_EZI2C_INT.o)
 .debug_line    0x00001827      0x144 .\CortexM0\ARM_GCC_484\Debug\Interface_driver.a(UART_2.o)
 .debug_line    0x0000196b      0x138 .\CortexM0\ARM_GCC_484\Debug\Interface_driver.a(UART_2_SPI_UART.o)
 .debug_line    0x00001aa3      0x15c .\CortexM0\ARM_GCC_484\Debug\Interface_driver.a(UART_2_UART.o)
 .debug_line    0x00001bff       0xc7 .\CortexM0\ARM_GCC_484\Debug\Interface_driver.a(UART_CLK.o)
 .debug_line    0x00001cc6       0xc5 .\CortexM0\ARM_GCC_484\Debug\Interface_driver.a(UART_1_uart_rx_i2c_scl_spi_mosi.o)
 .debug_line    0x00001d8b       0xc5 .\CortexM0\ARM_GCC_484\Debug\Interface_driver.a(UART_1_uart_tx_i2c_sda_spi_miso.o)
 .debug_line    0x00001e50      0x42f .\CortexM0\ARM_GCC_484\Debug\Interface_driver.a(CyLib.o)
 .debug_line    0x0000227f      0x3fa .\CortexM0\ARM_GCC_484\Debug\Interface_driver.a(CyLFClk.o)
 .debug_line    0x00002679      0x2bf .\CortexM0\ARM_GCC_484\Debug\Interface_driver.a(UART_1_I2C_INT.o)
 .debug_line    0x00002938      0x1d9 .\CortexM0\ARM_GCC_484\Debug\Interface_driver.a(UART_1_SPI_UART.o)
 .debug_line    0x00002b11       0xe9 .\CortexM0\ARM_GCC_484\Debug\Interface_driver.a(UART_1_SPI_UART_INT.o)
 .debug_line    0x00002bfa       0x69 .\CortexM0\ARM_GCC_484\Debug\Interface_driver.a(CyBootAsmGnu.o)

.debug_frame    0x00000000     0x1818
 *(.debug_frame)
 .debug_frame   0x00000000       0xe8 .\CortexM0\ARM_GCC_484\Debug\main.o
 .debug_frame   0x000000e8       0xbc .\CortexM0\ARM_GCC_484\Debug\Cm0Start.o
 .debug_frame   0x000001a4       0x68 .\CortexM0\ARM_GCC_484\Debug\Interface_driver.a(cyfitter_cfg.o)
 .debug_frame   0x0000020c      0x12c .\CortexM0\ARM_GCC_484\Debug\Interface_driver.a(UART_1.o)
 .debug_frame   0x00000338       0x60 .\CortexM0\ARM_GCC_484\Debug\Interface_driver.a(UART_1_I2C.o)
 .debug_frame   0x00000398      0x188 .\CortexM0\ARM_GCC_484\Debug\Interface_driver.a(UART_1_I2C_MASTER.o)
 .debug_frame   0x00000520      0x108 .\CortexM0\ARM_GCC_484\Debug\Interface_driver.a(UART_1_I2C_SLAVE.o)
 .debug_frame   0x00000628       0x80 .\CortexM0\ARM_GCC_484\Debug\Interface_driver.a(UART_1_SPI.o)
 .debug_frame   0x000006a8      0x100 .\CortexM0\ARM_GCC_484\Debug\Interface_driver.a(UART_1_UART.o)
 .debug_frame   0x000007a8      0x140 .\CortexM0\ARM_GCC_484\Debug\Interface_driver.a(UART_1_EZI2C.o)
 .debug_frame   0x000008e8       0x6c .\CortexM0\ARM_GCC_484\Debug\Interface_driver.a(UART_1_EZI2C_INT.o)
 .debug_frame   0x00000954       0xe8 .\CortexM0\ARM_GCC_484\Debug\Interface_driver.a(UART_2.o)
 .debug_frame   0x00000a3c       0xb0 .\CortexM0\ARM_GCC_484\Debug\Interface_driver.a(UART_2_SPI_UART.o)
 .debug_frame   0x00000aec       0xe0 .\CortexM0\ARM_GCC_484\Debug\Interface_driver.a(UART_2_UART.o)
 .debug_frame   0x00000bcc       0x60 .\CortexM0\ARM_GCC_484\Debug\Interface_driver.a(UART_CLK.o)
 .debug_frame   0x00000c2c       0x60 .\CortexM0\ARM_GCC_484\Debug\Interface_driver.a(UART_1_uart_rx_i2c_scl_spi_mosi.o)
 .debug_frame   0x00000c8c       0x60 .\CortexM0\ARM_GCC_484\Debug\Interface_driver.a(UART_1_uart_tx_i2c_sda_spi_miso.o)
 .debug_frame   0x00000cec      0x3bc .\CortexM0\ARM_GCC_484\Debug\Interface_driver.a(CyLib.o)
 .debug_frame   0x000010a8      0x36c .\CortexM0\ARM_GCC_484\Debug\Interface_driver.a(CyLFClk.o)
 .debug_frame   0x00001414       0x40 .\CortexM0\ARM_GCC_484\Debug\Interface_driver.a(UART_1_I2C_INT.o)
 .debug_frame   0x00001454      0x13c .\CortexM0\ARM_GCC_484\Debug\Interface_driver.a(UART_1_SPI_UART.o)
 .debug_frame   0x00001590       0x38 .\CortexM0\ARM_GCC_484\Debug\Interface_driver.a(UART_1_SPI_UART_INT.o)
 .debug_frame   0x000015c8       0x20 c:/program files (x86)/cypress/psoc creator/3.2/psoc creator/import/gnu/arm/4.8.4/bin/../lib/gcc/arm-none-eabi/4.8.4/armv6-m\libgcc.a(_udivsi3.o)
 .debug_frame   0x000015e8       0x28 c:/program files (x86)/cypress/psoc creator/3.2/psoc creator/import/gnu/arm/4.8.4/bin/../lib/gcc/arm-none-eabi/4.8.4/armv6-m\libgcc.a(_fixunssfsi.o)
 .debug_frame   0x00001610       0x30 c:/program files (x86)/cypress/psoc creator/3.2/psoc creator/import/gnu/arm/4.8.4/bin/../lib/gcc/arm-none-eabi/4.8.4/armv6-m\libgcc.a(subsf3.o)
 .debug_frame   0x00001640       0x20 c:/program files (x86)/cypress/psoc creator/3.2/psoc creator/import/gnu/arm/4.8.4/bin/../lib/gcc/arm-none-eabi/4.8.4/armv6-m\libgcc.a(fixsfsi.o)
 .debug_frame   0x00001660       0x28 c:/program files (x86)/cypress/psoc creator/3.2/psoc creator/import/gnu/arm/4.8.4/bin/../lib/gcc/arm-none-eabi/4.8.4/armv6-m\libgcc.a(floatunsisf.o)
 .debug_frame   0x00001688       0x2c c:/program files (x86)/cypress/psoc creator/3.2/psoc creator/import/gnu/arm/4.8.4/bin/../lib/gcc/arm-none-eabi/4.8.4/armv6-m\libgcc.a(eqsf2.o)
 .debug_frame   0x000016b4       0x30 c:/program files (x86)/cypress/psoc creator/3.2/psoc creator/import/gnu/arm/4.8.4/bin/../lib/gcc/arm-none-eabi/4.8.4/armv6-m\libgcc.a(gesf2.o)
 .debug_frame   0x000016e4       0x30 c:/program files (x86)/cypress/psoc creator/3.2/psoc creator/import/gnu/arm/4.8.4/bin/../lib/gcc/arm-none-eabi/4.8.4/armv6-m\libgcc.a(lesf2.o)
 .debug_frame   0x00001714       0x20 c:/program files (x86)/cypress/psoc creator/3.2/psoc creator/import/gnu/arm/4.8.4/bin/../lib/gcc/arm-none-eabi/4.8.4/../../../../arm-none-eabi/lib/armv6-m\libg_s.a(lib_a-errno.o)
 .debug_frame   0x00001734       0x28 c:/program files (x86)/cypress/psoc creator/3.2/psoc creator/import/gnu/arm/4.8.4/bin/../lib/gcc/arm-none-eabi/4.8.4/../../../../arm-none-eabi/lib/armv6-m\libg_s.a(lib_a-exit.o)
 .debug_frame   0x0000175c       0x2c c:/program files (x86)/cypress/psoc creator/3.2/psoc creator/import/gnu/arm/4.8.4/bin/../lib/gcc/arm-none-eabi/4.8.4/../../../../arm-none-eabi/lib/armv6-m\libg_s.a(lib_a-init.o)
 .debug_frame   0x00001788       0x28 c:/program files (x86)/cypress/psoc creator/3.2/psoc creator/import/gnu/arm/4.8.4/bin/../lib/gcc/arm-none-eabi/4.8.4/../../../../arm-none-eabi/lib/armv6-m\libg_s.a(lib_a-memcpy-stub.o)
 .debug_frame   0x000017b0       0x20 c:/program files (x86)/cypress/psoc creator/3.2/psoc creator/import/gnu/arm/4.8.4/bin/../lib/gcc/arm-none-eabi/4.8.4/../../../../arm-none-eabi/lib/armv6-m\libg_s.a(lib_a-memset.o)
 .debug_frame   0x000017d0       0x28 c:/program files (x86)/cypress/psoc creator/3.2/psoc creator/import/gnu/arm/4.8.4/bin/../lib/gcc/arm-none-eabi/4.8.4/../../../../arm-none-eabi/lib/armv6-m\libg_s.a(lib_a-strcat.o)
 .debug_frame   0x000017f8       0x20 c:/program files (x86)/cypress/psoc creator/3.2/psoc creator/import/gnu/arm/4.8.4/bin/../lib/gcc/arm-none-eabi/4.8.4/../../../../arm-none-eabi/lib/armv6-m\libg_s.a(lib_a-strlen.o)

.debug_str      0x00000000     0x2788
 *(.debug_str)
 .debug_str     0x00000000      0x4e2 .\CortexM0\ARM_GCC_484\Debug\main.o
                                0x576 (size before relaxing)
 .debug_str     0x000004e2       0x37 .\CortexM0\ARM_GCC_484\Debug\cymetadata.o
                                0x1c8 (size before relaxing)
 .debug_str     0x00000519      0x166 .\CortexM0\ARM_GCC_484\Debug\Cm0Start.o
                                0x322 (size before relaxing)
 .debug_str     0x0000067f       0x7a .\CortexM0\ARM_GCC_484\Debug\cybootloader.o
                                0x20b (size before relaxing)
 .debug_str     0x000006f9       0x96 .\CortexM0\ARM_GCC_484\Debug\Interface_driver.a(cyfitter_cfg.o)
                                0x269 (size before relaxing)
 .debug_str     0x0000078f      0x330 .\CortexM0\ARM_GCC_484\Debug\Interface_driver.a(UART_1.o)
                                0x506 (size before relaxing)
 .debug_str     0x00000abf      0x1a7 .\CortexM0\ARM_GCC_484\Debug\Interface_driver.a(UART_1_I2C.o)
                                0x42e (size before relaxing)
 .debug_str     0x00000c66      0x2e5 .\CortexM0\ARM_GCC_484\Debug\Interface_driver.a(UART_1_I2C_MASTER.o)
                                0x4fa (size before relaxing)
 .debug_str     0x00000f4b      0x237 .\CortexM0\ARM_GCC_484\Debug\Interface_driver.a(UART_1_I2C_SLAVE.o)
                                0x451 (size before relaxing)
 .debug_str     0x00001182      0x182 .\CortexM0\ARM_GCC_484\Debug\Interface_driver.a(UART_1_SPI.o)
                                0x50d (size before relaxing)
 .debug_str     0x00001304      0x143 .\CortexM0\ARM_GCC_484\Debug\Interface_driver.a(UART_1_UART.o)
                                0x693 (size before relaxing)
 .debug_str     0x00001447      0x2ff .\CortexM0\ARM_GCC_484\Debug\Interface_driver.a(UART_1_EZI2C.o)
                                0x5d1 (size before relaxing)
 .debug_str     0x00001746      0x111 .\CortexM0\ARM_GCC_484\Debug\Interface_driver.a(UART_1_EZI2C_INT.o)
                                0x421 (size before relaxing)
 .debug_str     0x00001857      0x103 .\CortexM0\ARM_GCC_484\Debug\Interface_driver.a(UART_2.o)
                                0x2ca (size before relaxing)
 .debug_str     0x0000195a      0x124 .\CortexM0\ARM_GCC_484\Debug\Interface_driver.a(UART_2_SPI_UART.o)
                                0x2f4 (size before relaxing)
 .debug_str     0x00001a7e       0x81 .\CortexM0\ARM_GCC_484\Debug\Interface_driver.a(UART_2_UART.o)
                                0x317 (size before relaxing)
 .debug_str     0x00001aff       0xab .\CortexM0\ARM_GCC_484\Debug\Interface_driver.a(UART_CLK.o)
                                0x26d (size before relaxing)
 .debug_str     0x00001baa       0xaf .\CortexM0\ARM_GCC_484\Debug\Interface_driver.a(UART_1_uart_rx_i2c_scl_spi_mosi.o)
                                0x2c1 (size before relaxing)
 .debug_str     0x00001c59       0xbc .\CortexM0\ARM_GCC_484\Debug\Interface_driver.a(UART_1_uart_tx_i2c_sda_spi_miso.o)
                                0x2c1 (size before relaxing)
 .debug_str     0x00001d15      0x422 .\CortexM0\ARM_GCC_484\Debug\Interface_driver.a(CyLib.o)
                                0x667 (size before relaxing)
 .debug_str     0x00002137      0x471 .\CortexM0\ARM_GCC_484\Debug\Interface_driver.a(CyLFClk.o)
                                0x671 (size before relaxing)
 .debug_str     0x000025a8       0x4c .\CortexM0\ARM_GCC_484\Debug\Interface_driver.a(UART_1_I2C_INT.o)
                                0x3f4 (size before relaxing)
 .debug_str     0x000025f4      0x151 .\CortexM0\ARM_GCC_484\Debug\Interface_driver.a(UART_1_SPI_UART.o)
                                0x47c (size before relaxing)
 .debug_str     0x00002745       0x43 .\CortexM0\ARM_GCC_484\Debug\Interface_driver.a(UART_1_SPI_UART_INT.o)
                                0x310 (size before relaxing)

.debug_loc      0x00000000     0x2e87
 *(.debug_loc)
 .debug_loc     0x00000000      0x2b4 .\CortexM0\ARM_GCC_484\Debug\main.o
 .debug_loc     0x000002b4      0x144 .\CortexM0\ARM_GCC_484\Debug\Cm0Start.o
 .debug_loc     0x000003f8       0xc5 .\CortexM0\ARM_GCC_484\Debug\Interface_driver.a(cyfitter_cfg.o)
 .debug_loc     0x000004bd      0x146 .\CortexM0\ARM_GCC_484\Debug\Interface_driver.a(UART_1.o)
 .debug_loc     0x00000603       0xa3 .\CortexM0\ARM_GCC_484\Debug\Interface_driver.a(UART_1_I2C.o)
 .debug_loc     0x000006a6      0x879 .\CortexM0\ARM_GCC_484\Debug\Interface_driver.a(UART_1_I2C_MASTER.o)
 .debug_loc     0x00000f1f      0x175 .\CortexM0\ARM_GCC_484\Debug\Interface_driver.a(UART_1_I2C_SLAVE.o)
 .debug_loc     0x00001094       0x8c .\CortexM0\ARM_GCC_484\Debug\Interface_driver.a(UART_1_SPI.o)
 .debug_loc     0x00001120      0x1bf .\CortexM0\ARM_GCC_484\Debug\Interface_driver.a(UART_1_UART.o)
 .debug_loc     0x000012df      0x265 .\CortexM0\ARM_GCC_484\Debug\Interface_driver.a(UART_1_EZI2C.o)
 .debug_loc     0x00001544      0x245 .\CortexM0\ARM_GCC_484\Debug\Interface_driver.a(UART_1_EZI2C_INT.o)
 .debug_loc     0x00001789       0x3c .\CortexM0\ARM_GCC_484\Debug\Interface_driver.a(UART_2.o)
 .debug_loc     0x000017c5       0x96 .\CortexM0\ARM_GCC_484\Debug\Interface_driver.a(UART_2_SPI_UART.o)
 .debug_loc     0x0000185b      0x13f .\CortexM0\ARM_GCC_484\Debug\Interface_driver.a(UART_2_UART.o)
 .debug_loc     0x0000199a       0x21 .\CortexM0\ARM_GCC_484\Debug\Interface_driver.a(UART_CLK.o)
 .debug_loc     0x000019bb       0x81 .\CortexM0\ARM_GCC_484\Debug\Interface_driver.a(UART_1_uart_rx_i2c_scl_spi_mosi.o)
 .debug_loc     0x00001a3c       0x81 .\CortexM0\ARM_GCC_484\Debug\Interface_driver.a(UART_1_uart_tx_i2c_sda_spi_miso.o)
 .debug_loc     0x00001abd      0x5f7 .\CortexM0\ARM_GCC_484\Debug\Interface_driver.a(CyLib.o)
 .debug_loc     0x000020b4      0x7df .\CortexM0\ARM_GCC_484\Debug\Interface_driver.a(CyLFClk.o)
 .debug_loc     0x00002893      0x259 .\CortexM0\ARM_GCC_484\Debug\Interface_driver.a(UART_1_I2C_INT.o)
 .debug_loc     0x00002aec      0x375 .\CortexM0\ARM_GCC_484\Debug\Interface_driver.a(UART_1_SPI_UART.o)
 .debug_loc     0x00002e61       0x26 .\CortexM0\ARM_GCC_484\Debug\Interface_driver.a(UART_1_SPI_UART_INT.o)

.debug_macinfo
 *(.debug_macinfo)

.debug_ranges   0x00000000      0x7d8
 *(.debug_ranges)
 .debug_ranges  0x00000000       0x38 .\CortexM0\ARM_GCC_484\Debug\main.o
 .debug_ranges  0x00000038       0x50 .\CortexM0\ARM_GCC_484\Debug\Cm0Start.o
 .debug_ranges  0x00000088       0x38 .\CortexM0\ARM_GCC_484\Debug\Interface_driver.a(cyfitter_cfg.o)
 .debug_ranges  0x000000c0       0x68 .\CortexM0\ARM_GCC_484\Debug\Interface_driver.a(UART_1.o)
 .debug_ranges  0x00000128       0x28 .\CortexM0\ARM_GCC_484\Debug\Interface_driver.a(UART_1_I2C.o)
 .debug_ranges  0x00000150       0x78 .\CortexM0\ARM_GCC_484\Debug\Interface_driver.a(UART_1_I2C_MASTER.o)
 .debug_ranges  0x000001c8       0x68 .\CortexM0\ARM_GCC_484\Debug\Interface_driver.a(UART_1_I2C_SLAVE.o)
 .debug_ranges  0x00000230       0x38 .\CortexM0\ARM_GCC_484\Debug\Interface_driver.a(UART_1_SPI.o)
 .debug_ranges  0x00000268       0x60 .\CortexM0\ARM_GCC_484\Debug\Interface_driver.a(UART_1_UART.o)
 .debug_ranges  0x000002c8       0x78 .\CortexM0\ARM_GCC_484\Debug\Interface_driver.a(UART_1_EZI2C.o)
 .debug_ranges  0x00000340       0x18 .\CortexM0\ARM_GCC_484\Debug\Interface_driver.a(UART_1_EZI2C_INT.o)
 .debug_ranges  0x00000358       0x50 .\CortexM0\ARM_GCC_484\Debug\Interface_driver.a(UART_2.o)
 .debug_ranges  0x000003a8       0x50 .\CortexM0\ARM_GCC_484\Debug\Interface_driver.a(UART_2_SPI_UART.o)
 .debug_ranges  0x000003f8       0x50 .\CortexM0\ARM_GCC_484\Debug\Interface_driver.a(UART_2_UART.o)
 .debug_ranges  0x00000448       0x30 .\CortexM0\ARM_GCC_484\Debug\Interface_driver.a(UART_CLK.o)
 .debug_ranges  0x00000478       0x30 .\CortexM0\ARM_GCC_484\Debug\Interface_driver.a(UART_1_uart_rx_i2c_scl_spi_mosi.o)
 .debug_ranges  0x000004a8       0x30 .\CortexM0\ARM_GCC_484\Debug\Interface_driver.a(UART_1_uart_tx_i2c_sda_spi_miso.o)
 .debug_ranges  0x000004d8      0x160 .\CortexM0\ARM_GCC_484\Debug\Interface_driver.a(CyLib.o)
 .debug_ranges  0x00000638      0x110 .\CortexM0\ARM_GCC_484\Debug\Interface_driver.a(CyLFClk.o)
 .debug_ranges  0x00000748       0x10 .\CortexM0\ARM_GCC_484\Debug\Interface_driver.a(UART_1_I2C_INT.o)
 .debug_ranges  0x00000758       0x70 .\CortexM0\ARM_GCC_484\Debug\Interface_driver.a(UART_1_SPI_UART.o)
 .debug_ranges  0x000007c8       0x10 .\CortexM0\ARM_GCC_484\Debug\Interface_driver.a(UART_1_SPI_UART_INT.o)

.comment        0x00000000       0x70
 .comment       0x00000000       0x70 .\CortexM0\ARM_GCC_484\Debug\main.o
                                 0x71 (size before relaxing)
 .comment       0x00000000       0x71 .\CortexM0\ARM_GCC_484\Debug\cymetadata.o
 .comment       0x00000000       0x71 .\CortexM0\ARM_GCC_484\Debug\Cm0Start.o
 .comment       0x00000000       0x71 .\CortexM0\ARM_GCC_484\Debug\cybootloader.o
 .comment       0x00000000       0x71 .\CortexM0\ARM_GCC_484\Debug\Interface_driver.a(cyfitter_cfg.o)
 .comment       0x00000000       0x71 .\CortexM0\ARM_GCC_484\Debug\Interface_driver.a(UART_1.o)
 .comment       0x00000000       0x71 .\CortexM0\ARM_GCC_484\Debug\Interface_driver.a(UART_1_I2C.o)
 .comment       0x00000000       0x71 .\CortexM0\ARM_GCC_484\Debug\Interface_driver.a(UART_1_I2C_MASTER.o)
 .comment       0x00000000       0x71 .\CortexM0\ARM_GCC_484\Debug\Interface_driver.a(UART_1_I2C_SLAVE.o)
 .comment       0x00000000       0x71 .\CortexM0\ARM_GCC_484\Debug\Interface_driver.a(UART_1_SPI.o)
 .comment       0x00000000       0x71 .\CortexM0\ARM_GCC_484\Debug\Interface_driver.a(UART_1_UART.o)
 .comment       0x00000000       0x71 .\CortexM0\ARM_GCC_484\Debug\Interface_driver.a(UART_1_EZI2C.o)
 .comment       0x00000000       0x71 .\CortexM0\ARM_GCC_484\Debug\Interface_driver.a(UART_1_EZI2C_INT.o)
 .comment       0x00000000       0x71 .\CortexM0\ARM_GCC_484\Debug\Interface_driver.a(UART_2.o)
 .comment       0x00000000       0x71 .\CortexM0\ARM_GCC_484\Debug\Interface_driver.a(UART_2_SPI_UART.o)
 .comment       0x00000000       0x71 .\CortexM0\ARM_GCC_484\Debug\Interface_driver.a(UART_2_UART.o)
 .comment       0x00000000       0x71 .\CortexM0\ARM_GCC_484\Debug\Interface_driver.a(UART_CLK.o)
 .comment       0x00000000       0x71 .\CortexM0\ARM_GCC_484\Debug\Interface_driver.a(UART_1_uart_rx_i2c_scl_spi_mosi.o)
 .comment       0x00000000       0x71 .\CortexM0\ARM_GCC_484\Debug\Interface_driver.a(UART_1_uart_tx_i2c_sda_spi_miso.o)
 .comment       0x00000000       0x71 .\CortexM0\ARM_GCC_484\Debug\Interface_driver.a(CyLib.o)
 .comment       0x00000000       0x71 .\CortexM0\ARM_GCC_484\Debug\Interface_driver.a(CyLFClk.o)
 .comment       0x00000000       0x71 .\CortexM0\ARM_GCC_484\Debug\Interface_driver.a(UART_1_I2C_INT.o)
 .comment       0x00000000       0x71 .\CortexM0\ARM_GCC_484\Debug\Interface_driver.a(UART_1_SPI_UART.o)
 .comment       0x00000000       0x71 .\CortexM0\ARM_GCC_484\Debug\Interface_driver.a(UART_1_SPI_UART_INT.o)

.debug_weaknames
 *(.debug_weaknames)

.debug_funcnames
 *(.debug_funcnames)

.debug_typenames
 *(.debug_typenames)

.debug_varnames
 *(.debug_varnames)

.note.gnu.arm.ident
 *(.note.gnu.arm.ident)

.ARM.attributes
                0x00000000       0x28
 *(.ARM.attributes)
 .ARM.attributes
                0x00000000       0x1e c:/program files (x86)/cypress/psoc creator/3.2/psoc creator/import/gnu/arm/4.8.4/bin/../lib/gcc/arm-none-eabi/4.8.4/armv6-m/crti.o
 .ARM.attributes
                0x0000001e       0x2c c:/program files (x86)/cypress/psoc creator/3.2/psoc creator/import/gnu/arm/4.8.4/bin/../lib/gcc/arm-none-eabi/4.8.4/armv6-m/crtbegin.o
 .ARM.attributes
                0x0000004a       0x1b c:/program files (x86)/cypress/psoc creator/3.2/psoc creator/import/gnu/arm/4.8.4/bin/../lib/gcc/arm-none-eabi/4.8.4/../../../../arm-none-eabi/lib/armv6-m/crt0.o
 .ARM.attributes
                0x00000065       0x31 .\CortexM0\ARM_GCC_484\Debug\main.o
 .ARM.attributes
                0x00000096       0x31 .\CortexM0\ARM_GCC_484\Debug\cymetadata.o
 .ARM.attributes
                0x000000c7       0x31 .\CortexM0\ARM_GCC_484\Debug\Cm0Start.o
 .ARM.attributes
                0x000000f8       0x31 .\CortexM0\ARM_GCC_484\Debug\cybootloader.o
 .ARM.attributes
                0x00000129       0x31 .\CortexM0\ARM_GCC_484\Debug\Interface_driver.a(cyfitter_cfg.o)
 .ARM.attributes
                0x0000015a       0x31 .\CortexM0\ARM_GCC_484\Debug\Interface_driver.a(UART_1.o)
 .ARM.attributes
                0x0000018b       0x31 .\CortexM0\ARM_GCC_484\Debug\Interface_driver.a(UART_1_I2C.o)
 .ARM.attributes
                0x000001bc       0x31 .\CortexM0\ARM_GCC_484\Debug\Interface_driver.a(UART_1_I2C_MASTER.o)
 .ARM.attributes
                0x000001ed       0x31 .\CortexM0\ARM_GCC_484\Debug\Interface_driver.a(UART_1_I2C_SLAVE.o)
 .ARM.attributes
                0x0000021e       0x31 .\CortexM0\ARM_GCC_484\Debug\Interface_driver.a(UART_1_SPI.o)
 .ARM.attributes
                0x0000024f       0x31 .\CortexM0\ARM_GCC_484\Debug\Interface_driver.a(UART_1_UART.o)
 .ARM.attributes
                0x00000280       0x31 .\CortexM0\ARM_GCC_484\Debug\Interface_driver.a(UART_1_EZI2C.o)
 .ARM.attributes
                0x000002b1       0x31 .\CortexM0\ARM_GCC_484\Debug\Interface_driver.a(UART_1_EZI2C_INT.o)
 .ARM.attributes
                0x000002e2       0x31 .\CortexM0\ARM_GCC_484\Debug\Interface_driver.a(UART_2.o)
 .ARM.attributes
                0x00000313       0x31 .\CortexM0\ARM_GCC_484\Debug\Interface_driver.a(UART_2_SPI_UART.o)
 .ARM.attributes
                0x00000344       0x31 .\CortexM0\ARM_GCC_484\Debug\Interface_driver.a(UART_2_UART.o)
 .ARM.attributes
                0x00000375       0x31 .\CortexM0\ARM_GCC_484\Debug\Interface_driver.a(UART_CLK.o)
 .ARM.attributes
                0x000003a6       0x31 .\CortexM0\ARM_GCC_484\Debug\Interface_driver.a(UART_1_uart_rx_i2c_scl_spi_mosi.o)
 .ARM.attributes
                0x000003d7       0x31 .\CortexM0\ARM_GCC_484\Debug\Interface_driver.a(UART_1_uart_tx_i2c_sda_spi_miso.o)
 .ARM.attributes
                0x00000408       0x31 .\CortexM0\ARM_GCC_484\Debug\Interface_driver.a(CyLib.o)
 .ARM.attributes
                0x00000439       0x31 .\CortexM0\ARM_GCC_484\Debug\Interface_driver.a(CyLFClk.o)
 .ARM.attributes
                0x0000046a       0x31 .\CortexM0\ARM_GCC_484\Debug\Interface_driver.a(UART_1_I2C_INT.o)
 .ARM.attributes
                0x0000049b       0x31 .\CortexM0\ARM_GCC_484\Debug\Interface_driver.a(UART_1_SPI_UART.o)
 .ARM.attributes
                0x000004cc       0x31 .\CortexM0\ARM_GCC_484\Debug\Interface_driver.a(UART_1_SPI_UART_INT.o)
 .ARM.attributes
                0x000004fd       0x21 .\CortexM0\ARM_GCC_484\Debug\Interface_driver.a(CyBootAsmGnu.o)
 .ARM.attributes
                0x0000051e       0x1e c:/program files (x86)/cypress/psoc creator/3.2/psoc creator/import/gnu/arm/4.8.4/bin/../lib/gcc/arm-none-eabi/4.8.4/armv6-m\libgcc.a(_udivsi3.o)
 .ARM.attributes
                0x0000053c       0x1e c:/program files (x86)/cypress/psoc creator/3.2/psoc creator/import/gnu/arm/4.8.4/bin/../lib/gcc/arm-none-eabi/4.8.4/armv6-m\libgcc.a(_dvmd_tls.o)
 .ARM.attributes
                0x0000055a       0x2c c:/program files (x86)/cypress/psoc creator/3.2/psoc creator/import/gnu/arm/4.8.4/bin/../lib/gcc/arm-none-eabi/4.8.4/armv6-m\libgcc.a(_fixunssfsi.o)
 .ARM.attributes
                0x00000586       0x2c c:/program files (x86)/cypress/psoc creator/3.2/psoc creator/import/gnu/arm/4.8.4/bin/../lib/gcc/arm-none-eabi/4.8.4/armv6-m\libgcc.a(subsf3.o)
 .ARM.attributes
                0x000005b2       0x2c c:/program files (x86)/cypress/psoc creator/3.2/psoc creator/import/gnu/arm/4.8.4/bin/../lib/gcc/arm-none-eabi/4.8.4/armv6-m\libgcc.a(fixsfsi.o)
 .ARM.attributes
                0x000005de       0x2c c:/program files (x86)/cypress/psoc creator/3.2/psoc creator/import/gnu/arm/4.8.4/bin/../lib/gcc/arm-none-eabi/4.8.4/armv6-m\libgcc.a(floatunsisf.o)
 .ARM.attributes
                0x0000060a       0x1e c:/program files (x86)/cypress/psoc creator/3.2/psoc creator/import/gnu/arm/4.8.4/bin/../lib/gcc/arm-none-eabi/4.8.4/armv6-m\libgcc.a(_arm_cmpsf2.o)
 .ARM.attributes
                0x00000628       0x1e c:/program files (x86)/cypress/psoc creator/3.2/psoc creator/import/gnu/arm/4.8.4/bin/../lib/gcc/arm-none-eabi/4.8.4/armv6-m\libgcc.a(_clzsi2.o)
 .ARM.attributes
                0x00000646       0x2c c:/program files (x86)/cypress/psoc creator/3.2/psoc creator/import/gnu/arm/4.8.4/bin/../lib/gcc/arm-none-eabi/4.8.4/armv6-m\libgcc.a(eqsf2.o)
 .ARM.attributes
                0x00000672       0x2c c:/program files (x86)/cypress/psoc creator/3.2/psoc creator/import/gnu/arm/4.8.4/bin/../lib/gcc/arm-none-eabi/4.8.4/armv6-m\libgcc.a(gesf2.o)
 .ARM.attributes
                0x0000069e       0x2c c:/program files (x86)/cypress/psoc creator/3.2/psoc creator/import/gnu/arm/4.8.4/bin/../lib/gcc/arm-none-eabi/4.8.4/armv6-m\libgcc.a(lesf2.o)
 .ARM.attributes
                0x000006ca       0x2c c:/program files (x86)/cypress/psoc creator/3.2/psoc creator/import/gnu/arm/4.8.4/bin/../lib/gcc/arm-none-eabi/4.8.4/../../../../arm-none-eabi/lib/armv6-m\libg_s.a(lib_a-ctype_.o)
 .ARM.attributes
                0x000006f6       0x2c c:/program files (x86)/cypress/psoc creator/3.2/psoc creator/import/gnu/arm/4.8.4/bin/../lib/gcc/arm-none-eabi/4.8.4/../../../../arm-none-eabi/lib/armv6-m\libg_s.a(lib_a-errno.o)
 .ARM.attributes
                0x00000722       0x2c c:/program files (x86)/cypress/psoc creator/3.2/psoc creator/import/gnu/arm/4.8.4/bin/../lib/gcc/arm-none-eabi/4.8.4/../../../../arm-none-eabi/lib/armv6-m\libg_s.a(lib_a-exit.o)
 .ARM.attributes
                0x0000074e       0x2c c:/program files (x86)/cypress/psoc creator/3.2/psoc creator/import/gnu/arm/4.8.4/bin/../lib/gcc/arm-none-eabi/4.8.4/../../../../arm-none-eabi/lib/armv6-m\libg_s.a(lib_a-impure.o)
 .ARM.attributes
                0x0000077a       0x2c c:/program files (x86)/cypress/psoc creator/3.2/psoc creator/import/gnu/arm/4.8.4/bin/../lib/gcc/arm-none-eabi/4.8.4/../../../../arm-none-eabi/lib/armv6-m\libg_s.a(lib_a-init.o)
 .ARM.attributes
                0x000007a6       0x2c c:/program files (x86)/cypress/psoc creator/3.2/psoc creator/import/gnu/arm/4.8.4/bin/../lib/gcc/arm-none-eabi/4.8.4/../../../../arm-none-eabi/lib/armv6-m\libg_s.a(lib_a-memcpy-stub.o)
 .ARM.attributes
                0x000007d2       0x2c c:/program files (x86)/cypress/psoc creator/3.2/psoc creator/import/gnu/arm/4.8.4/bin/../lib/gcc/arm-none-eabi/4.8.4/../../../../arm-none-eabi/lib/armv6-m\libg_s.a(lib_a-memset.o)
 .ARM.attributes
                0x000007fe       0x2c c:/program files (x86)/cypress/psoc creator/3.2/psoc creator/import/gnu/arm/4.8.4/bin/../lib/gcc/arm-none-eabi/4.8.4/../../../../arm-none-eabi/lib/armv6-m\libg_s.a(lib_a-strcat.o)
 .ARM.attributes
                0x0000082a       0x1c c:/program files (x86)/cypress/psoc creator/3.2/psoc creator/import/gnu/arm/4.8.4/bin/../lib/gcc/arm-none-eabi/4.8.4/../../../../arm-none-eabi/lib/armv6-m\libg_s.a(lib_a-strcmp.o)
 .ARM.attributes
                0x00000846       0x2c c:/program files (x86)/cypress/psoc creator/3.2/psoc creator/import/gnu/arm/4.8.4/bin/../lib/gcc/arm-none-eabi/4.8.4/../../../../arm-none-eabi/lib/armv6-m\libg_s.a(lib_a-strlen.o)
 .ARM.attributes
                0x00000872       0x2c c:/program files (x86)/cypress/psoc creator/3.2/psoc creator/import/gnu/arm/4.8.4/bin/../lib/gcc/arm-none-eabi/4.8.4/armv6-m/crtend.o
 .ARM.attributes
                0x0000089e       0x1e c:/program files (x86)/cypress/psoc creator/3.2/psoc creator/import/gnu/arm/4.8.4/bin/../lib/gcc/arm-none-eabi/4.8.4/armv6-m/crtn.o

/DISCARD/
 *(.note.GNU-stack)
OUTPUT(.\CortexM0\ARM_GCC_484\Debug\Interface_driver.elf elf32-littlearm)
