ARM GAS  C:\Users\Marcelo\AppData\Local\Temp\ccX2zZUc.s 			page 1


   1              		.cpu cortex-m0
   2              		.fpu softvfp
   3              		.eabi_attribute 20, 1
   4              		.eabi_attribute 21, 1
   5              		.eabi_attribute 23, 3
   6              		.eabi_attribute 24, 1
   7              		.eabi_attribute 25, 1
   8              		.eabi_attribute 26, 1
   9              		.eabi_attribute 30, 1
  10              		.eabi_attribute 34, 0
  11              		.eabi_attribute 18, 4
  12              		.code	16
  13              		.file	"UART_1_I2C_SLAVE.c"
  14              		.text
  15              	.Ltext0:
  16              		.cfi_sections	.debug_frame
  17              		.section	.text.UART_1_SetI2cAddressCustomInterruptHandler,"ax",%progbits
  18              		.align	2
  19              		.global	UART_1_SetI2cAddressCustomInterruptHandler
  20              		.code	16
  21              		.thumb_func
  22              		.type	UART_1_SetI2cAddressCustomInterruptHandler, %function
  23              	UART_1_SetI2cAddressCustomInterruptHandler:
  24              	.LFB0:
  25              		.file 1 ".\\Generated_Source\\PSoC4\\UART_1_I2C_SLAVE.c"
   1:.\Generated_Source\PSoC4/UART_1_I2C_SLAVE.c **** /*******************************************************************************
   2:.\Generated_Source\PSoC4/UART_1_I2C_SLAVE.c **** * File Name: UART_1_I2C_SLAVE.c
   3:.\Generated_Source\PSoC4/UART_1_I2C_SLAVE.c **** * Version 3.0
   4:.\Generated_Source\PSoC4/UART_1_I2C_SLAVE.c **** *
   5:.\Generated_Source\PSoC4/UART_1_I2C_SLAVE.c **** * Description:
   6:.\Generated_Source\PSoC4/UART_1_I2C_SLAVE.c **** *  This file provides the source code to the API for the SCB Component in
   7:.\Generated_Source\PSoC4/UART_1_I2C_SLAVE.c **** *  I2C Slave mode.
   8:.\Generated_Source\PSoC4/UART_1_I2C_SLAVE.c **** *
   9:.\Generated_Source\PSoC4/UART_1_I2C_SLAVE.c **** * Note:
  10:.\Generated_Source\PSoC4/UART_1_I2C_SLAVE.c **** *
  11:.\Generated_Source\PSoC4/UART_1_I2C_SLAVE.c **** *******************************************************************************
  12:.\Generated_Source\PSoC4/UART_1_I2C_SLAVE.c **** * Copyright 2013-2015, Cypress Semiconductor Corporation.  All rights reserved.
  13:.\Generated_Source\PSoC4/UART_1_I2C_SLAVE.c **** * You may use this file only in accordance with the license, terms, conditions,
  14:.\Generated_Source\PSoC4/UART_1_I2C_SLAVE.c **** * disclaimers, and limitations in the end user license agreement accompanying
  15:.\Generated_Source\PSoC4/UART_1_I2C_SLAVE.c **** * the software package with which this file was provided.
  16:.\Generated_Source\PSoC4/UART_1_I2C_SLAVE.c **** *******************************************************************************/
  17:.\Generated_Source\PSoC4/UART_1_I2C_SLAVE.c **** 
  18:.\Generated_Source\PSoC4/UART_1_I2C_SLAVE.c **** #include "UART_1_I2C_PVT.h"
  19:.\Generated_Source\PSoC4/UART_1_I2C_SLAVE.c **** 
  20:.\Generated_Source\PSoC4/UART_1_I2C_SLAVE.c **** #if(UART_1_I2C_SLAVE_CONST)
  21:.\Generated_Source\PSoC4/UART_1_I2C_SLAVE.c **** 
  22:.\Generated_Source\PSoC4/UART_1_I2C_SLAVE.c **** /***************************************
  23:.\Generated_Source\PSoC4/UART_1_I2C_SLAVE.c **** *      I2C Slave Private Vars
  24:.\Generated_Source\PSoC4/UART_1_I2C_SLAVE.c **** ***************************************/
  25:.\Generated_Source\PSoC4/UART_1_I2C_SLAVE.c **** 
  26:.\Generated_Source\PSoC4/UART_1_I2C_SLAVE.c **** volatile uint8 UART_1_slStatus;          /* Slave Status */
  27:.\Generated_Source\PSoC4/UART_1_I2C_SLAVE.c **** 
  28:.\Generated_Source\PSoC4/UART_1_I2C_SLAVE.c **** /* Receive buffer variables */
  29:.\Generated_Source\PSoC4/UART_1_I2C_SLAVE.c **** volatile uint8 * UART_1_slWrBufPtr;      /* Pointer to Receive buffer  */
  30:.\Generated_Source\PSoC4/UART_1_I2C_SLAVE.c **** volatile uint32  UART_1_slWrBufSize;     /* Slave Receive buffer size  */
  31:.\Generated_Source\PSoC4/UART_1_I2C_SLAVE.c **** volatile uint32  UART_1_slWrBufIndex;    /* Slave Receive buffer Index */
  32:.\Generated_Source\PSoC4/UART_1_I2C_SLAVE.c **** 
ARM GAS  C:\Users\Marcelo\AppData\Local\Temp\ccX2zZUc.s 			page 2


  33:.\Generated_Source\PSoC4/UART_1_I2C_SLAVE.c **** /* Transmit buffer variables */
  34:.\Generated_Source\PSoC4/UART_1_I2C_SLAVE.c **** volatile uint8 * UART_1_slRdBufPtr;      /* Pointer to Transmit buffer  */
  35:.\Generated_Source\PSoC4/UART_1_I2C_SLAVE.c **** volatile uint32  UART_1_slRdBufSize;     /* Slave Transmit buffer size  */
  36:.\Generated_Source\PSoC4/UART_1_I2C_SLAVE.c **** volatile uint32  UART_1_slRdBufIndex;    /* Slave Transmit buffer Index */
  37:.\Generated_Source\PSoC4/UART_1_I2C_SLAVE.c **** volatile uint32  UART_1_slRdBufIndexTmp; /* Slave Transmit buffer Index Tmp */
  38:.\Generated_Source\PSoC4/UART_1_I2C_SLAVE.c **** volatile uint8   UART_1_slOverFlowCount; /* Slave Transmit Overflow counter */
  39:.\Generated_Source\PSoC4/UART_1_I2C_SLAVE.c **** 
  40:.\Generated_Source\PSoC4/UART_1_I2C_SLAVE.c **** #if (UART_1_I2C_CUSTOM_ADDRESS_HANDLER_CONST)
  41:.\Generated_Source\PSoC4/UART_1_I2C_SLAVE.c **** 
  42:.\Generated_Source\PSoC4/UART_1_I2C_SLAVE.c ****     uint32 (*UART_1_customAddressHandler)(void) = NULL;
  43:.\Generated_Source\PSoC4/UART_1_I2C_SLAVE.c **** 
  44:.\Generated_Source\PSoC4/UART_1_I2C_SLAVE.c **** 
  45:.\Generated_Source\PSoC4/UART_1_I2C_SLAVE.c ****     /*******************************************************************************
  46:.\Generated_Source\PSoC4/UART_1_I2C_SLAVE.c ****     * Function Name: UART_1_SetI2cAddressCustomInterruptHandler
  47:.\Generated_Source\PSoC4/UART_1_I2C_SLAVE.c ****     ********************************************************************************
  48:.\Generated_Source\PSoC4/UART_1_I2C_SLAVE.c ****     *
  49:.\Generated_Source\PSoC4/UART_1_I2C_SLAVE.c ****     * Summary:
  50:.\Generated_Source\PSoC4/UART_1_I2C_SLAVE.c ****     *  Registers a function to be called by the I2C slave interrupt handler during
  51:.\Generated_Source\PSoC4/UART_1_I2C_SLAVE.c ****     *  the I2C interrupt address processing. This function should be used when
  52:.\Generated_Source\PSoC4/UART_1_I2C_SLAVE.c ****     *  multiple I2C addresses need to be decoded or general call address supported.
  53:.\Generated_Source\PSoC4/UART_1_I2C_SLAVE.c ****     *  The registered function must return decision whether to ACK or NACK address.
  54:.\Generated_Source\PSoC4/UART_1_I2C_SLAVE.c ****     *  Only one I2C address handler is supported, which is the function provided
  55:.\Generated_Source\PSoC4/UART_1_I2C_SLAVE.c ****     *  by the most recent call.
  56:.\Generated_Source\PSoC4/UART_1_I2C_SLAVE.c ****     *  At initialization time no I2C address handler is registered.
  57:.\Generated_Source\PSoC4/UART_1_I2C_SLAVE.c ****     *
  58:.\Generated_Source\PSoC4/UART_1_I2C_SLAVE.c ****     * Parameters:
  59:.\Generated_Source\PSoC4/UART_1_I2C_SLAVE.c ****     *  func: Pointer to the function to register.
  60:.\Generated_Source\PSoC4/UART_1_I2C_SLAVE.c ****     *        The value NULL indicates to remove the current custom interrupt
  61:.\Generated_Source\PSoC4/UART_1_I2C_SLAVE.c ****     *        handler.
  62:.\Generated_Source\PSoC4/UART_1_I2C_SLAVE.c ****     *
  63:.\Generated_Source\PSoC4/UART_1_I2C_SLAVE.c ****     * Return:
  64:.\Generated_Source\PSoC4/UART_1_I2C_SLAVE.c ****     *  None
  65:.\Generated_Source\PSoC4/UART_1_I2C_SLAVE.c ****     *
  66:.\Generated_Source\PSoC4/UART_1_I2C_SLAVE.c ****     *******************************************************************************/
  67:.\Generated_Source\PSoC4/UART_1_I2C_SLAVE.c ****     void UART_1_SetI2cAddressCustomInterruptHandler(uint32 (*func) (void))
  68:.\Generated_Source\PSoC4/UART_1_I2C_SLAVE.c ****     {
  26              		.loc 1 68 0
  27              		.cfi_startproc
  28              	.LVL0:
  69:.\Generated_Source\PSoC4/UART_1_I2C_SLAVE.c ****         /* Register custom address handler */
  70:.\Generated_Source\PSoC4/UART_1_I2C_SLAVE.c ****         UART_1_customAddressHandler = func;
  29              		.loc 1 70 0
  30 0000 014B     		ldr	r3, .L2
  31 0002 1860     		str	r0, [r3]
  71:.\Generated_Source\PSoC4/UART_1_I2C_SLAVE.c ****     }
  32              		.loc 1 71 0
  33              		@ sp needed
  34 0004 7047     		bx	lr
  35              	.L3:
  36 0006 C046     		.align	2
  37              	.L2:
  38 0008 00000000 		.word	.LANCHOR0
  39              		.cfi_endproc
  40              	.LFE0:
  41              		.size	UART_1_SetI2cAddressCustomInterruptHandler, .-UART_1_SetI2cAddressCustomInterruptHandler
  42              		.section	.text.UART_1_I2CSlaveStatus,"ax",%progbits
  43              		.align	2
ARM GAS  C:\Users\Marcelo\AppData\Local\Temp\ccX2zZUc.s 			page 3


  44              		.global	UART_1_I2CSlaveStatus
  45              		.code	16
  46              		.thumb_func
  47              		.type	UART_1_I2CSlaveStatus, %function
  48              	UART_1_I2CSlaveStatus:
  49              	.LFB1:
  72:.\Generated_Source\PSoC4/UART_1_I2C_SLAVE.c **** #endif /* (UART_1_I2C_CUSTOM_ADDRESS_HANDLER_CONST) */
  73:.\Generated_Source\PSoC4/UART_1_I2C_SLAVE.c **** 
  74:.\Generated_Source\PSoC4/UART_1_I2C_SLAVE.c **** 
  75:.\Generated_Source\PSoC4/UART_1_I2C_SLAVE.c **** /*******************************************************************************
  76:.\Generated_Source\PSoC4/UART_1_I2C_SLAVE.c **** * Function Name: UART_1_I2CSlaveStatus
  77:.\Generated_Source\PSoC4/UART_1_I2C_SLAVE.c **** ********************************************************************************
  78:.\Generated_Source\PSoC4/UART_1_I2C_SLAVE.c **** *
  79:.\Generated_Source\PSoC4/UART_1_I2C_SLAVE.c **** * Summary:
  80:.\Generated_Source\PSoC4/UART_1_I2C_SLAVE.c **** *  Returns the I2C slave's communication status.
  81:.\Generated_Source\PSoC4/UART_1_I2C_SLAVE.c **** *
  82:.\Generated_Source\PSoC4/UART_1_I2C_SLAVE.c **** * Parameters:
  83:.\Generated_Source\PSoC4/UART_1_I2C_SLAVE.c **** *  None
  84:.\Generated_Source\PSoC4/UART_1_I2C_SLAVE.c **** *
  85:.\Generated_Source\PSoC4/UART_1_I2C_SLAVE.c **** * Return:
  86:.\Generated_Source\PSoC4/UART_1_I2C_SLAVE.c **** *  Current status of I2C slave.
  87:.\Generated_Source\PSoC4/UART_1_I2C_SLAVE.c **** *
  88:.\Generated_Source\PSoC4/UART_1_I2C_SLAVE.c **** * Global variables:
  89:.\Generated_Source\PSoC4/UART_1_I2C_SLAVE.c **** *  UART_1_slStatus - used to store current status of I2C slave.
  90:.\Generated_Source\PSoC4/UART_1_I2C_SLAVE.c **** *
  91:.\Generated_Source\PSoC4/UART_1_I2C_SLAVE.c **** *******************************************************************************/
  92:.\Generated_Source\PSoC4/UART_1_I2C_SLAVE.c **** uint32 UART_1_I2CSlaveStatus(void)
  93:.\Generated_Source\PSoC4/UART_1_I2C_SLAVE.c **** {
  50              		.loc 1 93 0
  51              		.cfi_startproc
  94:.\Generated_Source\PSoC4/UART_1_I2C_SLAVE.c ****     return((uint32) UART_1_slStatus);
  52              		.loc 1 94 0
  53 0000 014B     		ldr	r3, .L5
  54 0002 1878     		ldrb	r0, [r3]
  55 0004 C0B2     		uxtb	r0, r0
  95:.\Generated_Source\PSoC4/UART_1_I2C_SLAVE.c **** }
  56              		.loc 1 95 0
  57              		@ sp needed
  58 0006 7047     		bx	lr
  59              	.L6:
  60              		.align	2
  61              	.L5:
  62 0008 00000000 		.word	UART_1_slStatus
  63              		.cfi_endproc
  64              	.LFE1:
  65              		.size	UART_1_I2CSlaveStatus, .-UART_1_I2CSlaveStatus
  66              		.section	.text.UART_1_I2CSlaveClearReadStatus,"ax",%progbits
  67              		.align	2
  68              		.global	UART_1_I2CSlaveClearReadStatus
  69              		.code	16
  70              		.thumb_func
  71              		.type	UART_1_I2CSlaveClearReadStatus, %function
  72              	UART_1_I2CSlaveClearReadStatus:
  73              	.LFB2:
  96:.\Generated_Source\PSoC4/UART_1_I2C_SLAVE.c **** 
  97:.\Generated_Source\PSoC4/UART_1_I2C_SLAVE.c **** 
  98:.\Generated_Source\PSoC4/UART_1_I2C_SLAVE.c **** /*******************************************************************************
ARM GAS  C:\Users\Marcelo\AppData\Local\Temp\ccX2zZUc.s 			page 4


  99:.\Generated_Source\PSoC4/UART_1_I2C_SLAVE.c **** * Function Name: UART_1_I2CSlaveClearReadStatus
 100:.\Generated_Source\PSoC4/UART_1_I2C_SLAVE.c **** ********************************************************************************
 101:.\Generated_Source\PSoC4/UART_1_I2C_SLAVE.c **** *
 102:.\Generated_Source\PSoC4/UART_1_I2C_SLAVE.c **** * Summary:
 103:.\Generated_Source\PSoC4/UART_1_I2C_SLAVE.c **** *  Clears the read status flags and returns their values. No other status flags
 104:.\Generated_Source\PSoC4/UART_1_I2C_SLAVE.c **** *  are affected.
 105:.\Generated_Source\PSoC4/UART_1_I2C_SLAVE.c **** *
 106:.\Generated_Source\PSoC4/UART_1_I2C_SLAVE.c **** * Parameters:
 107:.\Generated_Source\PSoC4/UART_1_I2C_SLAVE.c **** *  None
 108:.\Generated_Source\PSoC4/UART_1_I2C_SLAVE.c **** *
 109:.\Generated_Source\PSoC4/UART_1_I2C_SLAVE.c **** * Return:
 110:.\Generated_Source\PSoC4/UART_1_I2C_SLAVE.c **** *  Current read status of I2C slave.
 111:.\Generated_Source\PSoC4/UART_1_I2C_SLAVE.c **** *
 112:.\Generated_Source\PSoC4/UART_1_I2C_SLAVE.c **** * Global variables:
 113:.\Generated_Source\PSoC4/UART_1_I2C_SLAVE.c **** *  UART_1_slStatus  - used to store current status of I2C slave.
 114:.\Generated_Source\PSoC4/UART_1_I2C_SLAVE.c **** *
 115:.\Generated_Source\PSoC4/UART_1_I2C_SLAVE.c **** *******************************************************************************/
 116:.\Generated_Source\PSoC4/UART_1_I2C_SLAVE.c **** uint32 UART_1_I2CSlaveClearReadStatus(void)
 117:.\Generated_Source\PSoC4/UART_1_I2C_SLAVE.c **** {
  74              		.loc 1 117 0
  75              		.cfi_startproc
  76 0000 10B5     		push	{r4, lr}
  77              		.cfi_def_cfa_offset 8
  78              		.cfi_offset 4, -8
  79              		.cfi_offset 14, -4
 118:.\Generated_Source\PSoC4/UART_1_I2C_SLAVE.c ****     uint32 status;
 119:.\Generated_Source\PSoC4/UART_1_I2C_SLAVE.c **** 
 120:.\Generated_Source\PSoC4/UART_1_I2C_SLAVE.c ****     UART_1_DisableInt();  /* Lock from interruption */
  80              		.loc 1 120 0
  81 0002 0B20     		mov	r0, #11
  82 0004 FFF7FEFF 		bl	CyIntDisable
  83              	.LVL1:
 121:.\Generated_Source\PSoC4/UART_1_I2C_SLAVE.c **** 
 122:.\Generated_Source\PSoC4/UART_1_I2C_SLAVE.c ****     /* Mask of transfer complete flag and error status */
 123:.\Generated_Source\PSoC4/UART_1_I2C_SLAVE.c ****     status = ((uint32) UART_1_slStatus & UART_1_I2C_SSTAT_RD_MASK);
  84              		.loc 1 123 0
  85 0008 064B     		ldr	r3, .L8
  86 000a 1C78     		ldrb	r4, [r3]
  87 000c 0F22     		mov	r2, #15
  88 000e 1440     		and	r4, r2
  89              	.LVL2:
 124:.\Generated_Source\PSoC4/UART_1_I2C_SLAVE.c ****     UART_1_slStatus &= (uint8) ~UART_1_I2C_SSTAT_RD_CLEAR;
  90              		.loc 1 124 0
  91 0010 1A78     		ldrb	r2, [r3]
  92 0012 0D21     		mov	r1, #13
  93 0014 8A43     		bic	r2, r1
  94 0016 1A70     		strb	r2, [r3]
 125:.\Generated_Source\PSoC4/UART_1_I2C_SLAVE.c **** 
 126:.\Generated_Source\PSoC4/UART_1_I2C_SLAVE.c ****     UART_1_EnableInt();   /* Release lock */
  95              		.loc 1 126 0
  96 0018 0B20     		mov	r0, #11
  97 001a FFF7FEFF 		bl	CyIntEnable
  98              	.LVL3:
 127:.\Generated_Source\PSoC4/UART_1_I2C_SLAVE.c **** 
 128:.\Generated_Source\PSoC4/UART_1_I2C_SLAVE.c ****     return(status);
 129:.\Generated_Source\PSoC4/UART_1_I2C_SLAVE.c **** }
  99              		.loc 1 129 0
ARM GAS  C:\Users\Marcelo\AppData\Local\Temp\ccX2zZUc.s 			page 5


 100 001e 201C     		mov	r0, r4
 101              		@ sp needed
 102              	.LVL4:
 103 0020 10BD     		pop	{r4, pc}
 104              	.L9:
 105 0022 C046     		.align	2
 106              	.L8:
 107 0024 00000000 		.word	UART_1_slStatus
 108              		.cfi_endproc
 109              	.LFE2:
 110              		.size	UART_1_I2CSlaveClearReadStatus, .-UART_1_I2CSlaveClearReadStatus
 111              		.section	.text.UART_1_I2CSlaveClearWriteStatus,"ax",%progbits
 112              		.align	2
 113              		.global	UART_1_I2CSlaveClearWriteStatus
 114              		.code	16
 115              		.thumb_func
 116              		.type	UART_1_I2CSlaveClearWriteStatus, %function
 117              	UART_1_I2CSlaveClearWriteStatus:
 118              	.LFB3:
 130:.\Generated_Source\PSoC4/UART_1_I2C_SLAVE.c **** 
 131:.\Generated_Source\PSoC4/UART_1_I2C_SLAVE.c **** 
 132:.\Generated_Source\PSoC4/UART_1_I2C_SLAVE.c **** /*******************************************************************************
 133:.\Generated_Source\PSoC4/UART_1_I2C_SLAVE.c **** * Function Name: UART_1_I2CSlaveClearWriteStatus
 134:.\Generated_Source\PSoC4/UART_1_I2C_SLAVE.c **** ********************************************************************************
 135:.\Generated_Source\PSoC4/UART_1_I2C_SLAVE.c **** *
 136:.\Generated_Source\PSoC4/UART_1_I2C_SLAVE.c **** * Summary:
 137:.\Generated_Source\PSoC4/UART_1_I2C_SLAVE.c **** *  Clears the write status flags and returns their values. No other status flags
 138:.\Generated_Source\PSoC4/UART_1_I2C_SLAVE.c **** *  are affected.
 139:.\Generated_Source\PSoC4/UART_1_I2C_SLAVE.c **** *
 140:.\Generated_Source\PSoC4/UART_1_I2C_SLAVE.c **** * Parameters:
 141:.\Generated_Source\PSoC4/UART_1_I2C_SLAVE.c **** *  None
 142:.\Generated_Source\PSoC4/UART_1_I2C_SLAVE.c **** *
 143:.\Generated_Source\PSoC4/UART_1_I2C_SLAVE.c **** * Return:
 144:.\Generated_Source\PSoC4/UART_1_I2C_SLAVE.c **** *  Current write status of I2C slave.
 145:.\Generated_Source\PSoC4/UART_1_I2C_SLAVE.c **** *
 146:.\Generated_Source\PSoC4/UART_1_I2C_SLAVE.c **** * Global variables:
 147:.\Generated_Source\PSoC4/UART_1_I2C_SLAVE.c **** *  UART_1_slStatus  - used to store current status of I2C slave.
 148:.\Generated_Source\PSoC4/UART_1_I2C_SLAVE.c **** *
 149:.\Generated_Source\PSoC4/UART_1_I2C_SLAVE.c **** *******************************************************************************/
 150:.\Generated_Source\PSoC4/UART_1_I2C_SLAVE.c **** uint32 UART_1_I2CSlaveClearWriteStatus(void)
 151:.\Generated_Source\PSoC4/UART_1_I2C_SLAVE.c **** {
 119              		.loc 1 151 0
 120              		.cfi_startproc
 121 0000 10B5     		push	{r4, lr}
 122              		.cfi_def_cfa_offset 8
 123              		.cfi_offset 4, -8
 124              		.cfi_offset 14, -4
 152:.\Generated_Source\PSoC4/UART_1_I2C_SLAVE.c ****     uint32 status;
 153:.\Generated_Source\PSoC4/UART_1_I2C_SLAVE.c **** 
 154:.\Generated_Source\PSoC4/UART_1_I2C_SLAVE.c ****     UART_1_DisableInt();  /* Lock from interruption */
 125              		.loc 1 154 0
 126 0002 0B20     		mov	r0, #11
 127 0004 FFF7FEFF 		bl	CyIntDisable
 128              	.LVL5:
 155:.\Generated_Source\PSoC4/UART_1_I2C_SLAVE.c **** 
 156:.\Generated_Source\PSoC4/UART_1_I2C_SLAVE.c ****     /* Mask of transfer complete flag and Error status */
 157:.\Generated_Source\PSoC4/UART_1_I2C_SLAVE.c ****     status = ((uint32) UART_1_slStatus & UART_1_I2C_SSTAT_WR_MASK);
ARM GAS  C:\Users\Marcelo\AppData\Local\Temp\ccX2zZUc.s 			page 6


 129              		.loc 1 157 0
 130 0008 064B     		ldr	r3, .L11
 131 000a 1C78     		ldrb	r4, [r3]
 132 000c 0F22     		mov	r2, #15
 133 000e 9443     		bic	r4, r2
 134              	.LVL6:
 158:.\Generated_Source\PSoC4/UART_1_I2C_SLAVE.c ****     UART_1_slStatus &= (uint8) ~UART_1_I2C_SSTAT_WR_CLEAR;
 135              		.loc 1 158 0
 136 0010 1978     		ldrb	r1, [r3]
 137 0012 2F22     		mov	r2, #47
 138 0014 0A40     		and	r2, r1
 139 0016 1A70     		strb	r2, [r3]
 159:.\Generated_Source\PSoC4/UART_1_I2C_SLAVE.c **** 
 160:.\Generated_Source\PSoC4/UART_1_I2C_SLAVE.c ****     UART_1_EnableInt();   /* Release lock */
 140              		.loc 1 160 0
 141 0018 0B20     		mov	r0, #11
 142 001a FFF7FEFF 		bl	CyIntEnable
 143              	.LVL7:
 161:.\Generated_Source\PSoC4/UART_1_I2C_SLAVE.c **** 
 162:.\Generated_Source\PSoC4/UART_1_I2C_SLAVE.c ****     return(status);
 163:.\Generated_Source\PSoC4/UART_1_I2C_SLAVE.c **** }
 144              		.loc 1 163 0
 145 001e 201C     		mov	r0, r4
 146              		@ sp needed
 147              	.LVL8:
 148 0020 10BD     		pop	{r4, pc}
 149              	.L12:
 150 0022 C046     		.align	2
 151              	.L11:
 152 0024 00000000 		.word	UART_1_slStatus
 153              		.cfi_endproc
 154              	.LFE3:
 155              		.size	UART_1_I2CSlaveClearWriteStatus, .-UART_1_I2CSlaveClearWriteStatus
 156              		.section	.text.UART_1_I2CSlaveSetAddress,"ax",%progbits
 157              		.align	2
 158              		.global	UART_1_I2CSlaveSetAddress
 159              		.code	16
 160              		.thumb_func
 161              		.type	UART_1_I2CSlaveSetAddress, %function
 162              	UART_1_I2CSlaveSetAddress:
 163              	.LFB4:
 164:.\Generated_Source\PSoC4/UART_1_I2C_SLAVE.c **** 
 165:.\Generated_Source\PSoC4/UART_1_I2C_SLAVE.c **** 
 166:.\Generated_Source\PSoC4/UART_1_I2C_SLAVE.c **** /*******************************************************************************
 167:.\Generated_Source\PSoC4/UART_1_I2C_SLAVE.c **** * Function Name: UART_1_I2CSlaveSetAddress
 168:.\Generated_Source\PSoC4/UART_1_I2C_SLAVE.c **** ********************************************************************************
 169:.\Generated_Source\PSoC4/UART_1_I2C_SLAVE.c **** *
 170:.\Generated_Source\PSoC4/UART_1_I2C_SLAVE.c **** * Summary:
 171:.\Generated_Source\PSoC4/UART_1_I2C_SLAVE.c **** *  Sets the I2C slave address.
 172:.\Generated_Source\PSoC4/UART_1_I2C_SLAVE.c **** *
 173:.\Generated_Source\PSoC4/UART_1_I2C_SLAVE.c **** * Parameters:
 174:.\Generated_Source\PSoC4/UART_1_I2C_SLAVE.c **** *  address: I2C slave address for the primary device. This value may be any
 175:.\Generated_Source\PSoC4/UART_1_I2C_SLAVE.c **** *  address between 0 and 127.
 176:.\Generated_Source\PSoC4/UART_1_I2C_SLAVE.c **** *
 177:.\Generated_Source\PSoC4/UART_1_I2C_SLAVE.c **** * Return:
 178:.\Generated_Source\PSoC4/UART_1_I2C_SLAVE.c **** *  None
 179:.\Generated_Source\PSoC4/UART_1_I2C_SLAVE.c **** *
ARM GAS  C:\Users\Marcelo\AppData\Local\Temp\ccX2zZUc.s 			page 7


 180:.\Generated_Source\PSoC4/UART_1_I2C_SLAVE.c **** *******************************************************************************/
 181:.\Generated_Source\PSoC4/UART_1_I2C_SLAVE.c **** void UART_1_I2CSlaveSetAddress(uint32 address)
 182:.\Generated_Source\PSoC4/UART_1_I2C_SLAVE.c **** {
 164              		.loc 1 182 0
 165              		.cfi_startproc
 166              	.LVL9:
 183:.\Generated_Source\PSoC4/UART_1_I2C_SLAVE.c ****     uint32 matchReg;
 184:.\Generated_Source\PSoC4/UART_1_I2C_SLAVE.c **** 
 185:.\Generated_Source\PSoC4/UART_1_I2C_SLAVE.c ****     matchReg = UART_1_RX_MATCH_REG;
 167              		.loc 1 185 0
 168 0000 044B     		ldr	r3, .L14
 169 0002 1968     		ldr	r1, [r3]
 170              	.LVL10:
 186:.\Generated_Source\PSoC4/UART_1_I2C_SLAVE.c **** 
 187:.\Generated_Source\PSoC4/UART_1_I2C_SLAVE.c ****     matchReg &= ((uint32) ~UART_1_RX_MATCH_ADDR_MASK); /* Clear address bits */
 171              		.loc 1 187 0
 172 0004 FF22     		mov	r2, #255
 173 0006 9143     		bic	r1, r2
 174              	.LVL11:
 188:.\Generated_Source\PSoC4/UART_1_I2C_SLAVE.c ****     matchReg |= ((uint32)  UART_1_GET_I2C_8BIT_ADDRESS(address));
 175              		.loc 1 188 0
 176 0008 4000     		lsl	r0, r0, #1
 177              	.LVL12:
 178 000a 0240     		and	r2, r0
 179 000c 0A43     		orr	r2, r1
 180              	.LVL13:
 189:.\Generated_Source\PSoC4/UART_1_I2C_SLAVE.c **** 
 190:.\Generated_Source\PSoC4/UART_1_I2C_SLAVE.c ****     UART_1_RX_MATCH_REG = matchReg;
 181              		.loc 1 190 0
 182 000e 1A60     		str	r2, [r3]
 191:.\Generated_Source\PSoC4/UART_1_I2C_SLAVE.c **** }
 183              		.loc 1 191 0
 184              		@ sp needed
 185 0010 7047     		bx	lr
 186              	.L15:
 187 0012 C046     		.align	2
 188              	.L14:
 189 0014 10030740 		.word	1074201360
 190              		.cfi_endproc
 191              	.LFE4:
 192              		.size	UART_1_I2CSlaveSetAddress, .-UART_1_I2CSlaveSetAddress
 193              		.section	.text.UART_1_I2CSlaveSetAddressMask,"ax",%progbits
 194              		.align	2
 195              		.global	UART_1_I2CSlaveSetAddressMask
 196              		.code	16
 197              		.thumb_func
 198              		.type	UART_1_I2CSlaveSetAddressMask, %function
 199              	UART_1_I2CSlaveSetAddressMask:
 200              	.LFB5:
 192:.\Generated_Source\PSoC4/UART_1_I2C_SLAVE.c **** 
 193:.\Generated_Source\PSoC4/UART_1_I2C_SLAVE.c **** 
 194:.\Generated_Source\PSoC4/UART_1_I2C_SLAVE.c **** /*******************************************************************************
 195:.\Generated_Source\PSoC4/UART_1_I2C_SLAVE.c **** * Function Name: UART_1_I2CSlaveSetAddressMask
 196:.\Generated_Source\PSoC4/UART_1_I2C_SLAVE.c **** ********************************************************************************
 197:.\Generated_Source\PSoC4/UART_1_I2C_SLAVE.c **** *
 198:.\Generated_Source\PSoC4/UART_1_I2C_SLAVE.c **** * Summary:
 199:.\Generated_Source\PSoC4/UART_1_I2C_SLAVE.c **** *  Sets the I2C slave address mask.
ARM GAS  C:\Users\Marcelo\AppData\Local\Temp\ccX2zZUc.s 			page 8


 200:.\Generated_Source\PSoC4/UART_1_I2C_SLAVE.c **** *
 201:.\Generated_Source\PSoC4/UART_1_I2C_SLAVE.c **** * Parameters:
 202:.\Generated_Source\PSoC4/UART_1_I2C_SLAVE.c **** *  addressMask: Address mask.
 203:.\Generated_Source\PSoC4/UART_1_I2C_SLAVE.c **** *   0 - address bit does not care while comparison.
 204:.\Generated_Source\PSoC4/UART_1_I2C_SLAVE.c **** *   1 - address bit is significant while comparison.
 205:.\Generated_Source\PSoC4/UART_1_I2C_SLAVE.c **** *
 206:.\Generated_Source\PSoC4/UART_1_I2C_SLAVE.c **** * Return:
 207:.\Generated_Source\PSoC4/UART_1_I2C_SLAVE.c **** *  None
 208:.\Generated_Source\PSoC4/UART_1_I2C_SLAVE.c **** *
 209:.\Generated_Source\PSoC4/UART_1_I2C_SLAVE.c **** *******************************************************************************/
 210:.\Generated_Source\PSoC4/UART_1_I2C_SLAVE.c **** void UART_1_I2CSlaveSetAddressMask(uint32 addressMask)
 211:.\Generated_Source\PSoC4/UART_1_I2C_SLAVE.c **** {
 201              		.loc 1 211 0
 202              		.cfi_startproc
 203              	.LVL14:
 212:.\Generated_Source\PSoC4/UART_1_I2C_SLAVE.c ****     uint32 matchReg;
 213:.\Generated_Source\PSoC4/UART_1_I2C_SLAVE.c **** 
 214:.\Generated_Source\PSoC4/UART_1_I2C_SLAVE.c ****     matchReg = UART_1_RX_MATCH_REG;
 204              		.loc 1 214 0
 205 0000 034B     		ldr	r3, .L17
 206 0002 1968     		ldr	r1, [r3]
 207              	.LVL15:
 215:.\Generated_Source\PSoC4/UART_1_I2C_SLAVE.c **** 
 216:.\Generated_Source\PSoC4/UART_1_I2C_SLAVE.c ****     matchReg &= ((uint32) ~UART_1_RX_MATCH_MASK_MASK); /* Clear address mask bits */
 208              		.loc 1 216 0
 209 0004 034A     		ldr	r2, .L17+4
 210 0006 0A40     		and	r2, r1
 211              	.LVL16:
 217:.\Generated_Source\PSoC4/UART_1_I2C_SLAVE.c ****     matchReg |= ((uint32) (addressMask << UART_1_RX_MATCH_MASK_POS));
 212              		.loc 1 217 0
 213 0008 0004     		lsl	r0, r0, #16
 214              	.LVL17:
 215 000a 1043     		orr	r0, r2
 216              	.LVL18:
 218:.\Generated_Source\PSoC4/UART_1_I2C_SLAVE.c **** 
 219:.\Generated_Source\PSoC4/UART_1_I2C_SLAVE.c ****     UART_1_RX_MATCH_REG = matchReg;
 217              		.loc 1 219 0
 218 000c 1860     		str	r0, [r3]
 220:.\Generated_Source\PSoC4/UART_1_I2C_SLAVE.c **** }
 219              		.loc 1 220 0
 220              		@ sp needed
 221 000e 7047     		bx	lr
 222              	.L18:
 223              		.align	2
 224              	.L17:
 225 0010 10030740 		.word	1074201360
 226 0014 FFFF00FF 		.word	-16711681
 227              		.cfi_endproc
 228              	.LFE5:
 229              		.size	UART_1_I2CSlaveSetAddressMask, .-UART_1_I2CSlaveSetAddressMask
 230              		.section	.text.UART_1_I2CSlaveInitReadBuf,"ax",%progbits
 231              		.align	2
 232              		.global	UART_1_I2CSlaveInitReadBuf
 233              		.code	16
 234              		.thumb_func
 235              		.type	UART_1_I2CSlaveInitReadBuf, %function
 236              	UART_1_I2CSlaveInitReadBuf:
ARM GAS  C:\Users\Marcelo\AppData\Local\Temp\ccX2zZUc.s 			page 9


 237              	.LFB6:
 221:.\Generated_Source\PSoC4/UART_1_I2C_SLAVE.c **** 
 222:.\Generated_Source\PSoC4/UART_1_I2C_SLAVE.c **** 
 223:.\Generated_Source\PSoC4/UART_1_I2C_SLAVE.c **** /*******************************************************************************
 224:.\Generated_Source\PSoC4/UART_1_I2C_SLAVE.c **** * Function Name: UART_1_I2CSlaveInitReadBuf
 225:.\Generated_Source\PSoC4/UART_1_I2C_SLAVE.c **** ********************************************************************************
 226:.\Generated_Source\PSoC4/UART_1_I2C_SLAVE.c **** *
 227:.\Generated_Source\PSoC4/UART_1_I2C_SLAVE.c **** * Summary:
 228:.\Generated_Source\PSoC4/UART_1_I2C_SLAVE.c **** *  Sets the buffer pointer and size of the read buffer. This function also
 229:.\Generated_Source\PSoC4/UART_1_I2C_SLAVE.c **** *  resets the transfer count returned with the I2C_SlaveGetReadBufSize function.
 230:.\Generated_Source\PSoC4/UART_1_I2C_SLAVE.c **** *
 231:.\Generated_Source\PSoC4/UART_1_I2C_SLAVE.c **** * Parameters:
 232:.\Generated_Source\PSoC4/UART_1_I2C_SLAVE.c **** *  readBuf:  Pointer to the data buffer to be read by the master.
 233:.\Generated_Source\PSoC4/UART_1_I2C_SLAVE.c **** *  bufSize:  Size of the read buffer exposed to the I2C master.
 234:.\Generated_Source\PSoC4/UART_1_I2C_SLAVE.c **** *
 235:.\Generated_Source\PSoC4/UART_1_I2C_SLAVE.c **** * Return:
 236:.\Generated_Source\PSoC4/UART_1_I2C_SLAVE.c **** *  None
 237:.\Generated_Source\PSoC4/UART_1_I2C_SLAVE.c **** *
 238:.\Generated_Source\PSoC4/UART_1_I2C_SLAVE.c **** * Global variables:
 239:.\Generated_Source\PSoC4/UART_1_I2C_SLAVE.c **** *  UART_1_slRdBufPtr   - used to store pointer to slave read buffer.
 240:.\Generated_Source\PSoC4/UART_1_I2C_SLAVE.c **** *  UART_1_slRdBufSize  - used to store salve read buffer size.
 241:.\Generated_Source\PSoC4/UART_1_I2C_SLAVE.c **** *  UART_1_slRdBufIndex - used to store current index within slave
 242:.\Generated_Source\PSoC4/UART_1_I2C_SLAVE.c **** *  read buffer.
 243:.\Generated_Source\PSoC4/UART_1_I2C_SLAVE.c **** *
 244:.\Generated_Source\PSoC4/UART_1_I2C_SLAVE.c **** * Side Effects:
 245:.\Generated_Source\PSoC4/UART_1_I2C_SLAVE.c **** *  If this function is called during a bus transaction, data from the previous
 246:.\Generated_Source\PSoC4/UART_1_I2C_SLAVE.c **** *  buffer location and the beginning of current buffer may be transmitted.
 247:.\Generated_Source\PSoC4/UART_1_I2C_SLAVE.c **** *
 248:.\Generated_Source\PSoC4/UART_1_I2C_SLAVE.c **** *******************************************************************************/
 249:.\Generated_Source\PSoC4/UART_1_I2C_SLAVE.c **** void UART_1_I2CSlaveInitReadBuf(uint8 * rdBuf, uint32 bufSize)
 250:.\Generated_Source\PSoC4/UART_1_I2C_SLAVE.c **** {
 238              		.loc 1 250 0
 239              		.cfi_startproc
 240              	.LVL19:
 241 0000 38B5     		push	{r3, r4, r5, lr}
 242              		.cfi_def_cfa_offset 16
 243              		.cfi_offset 3, -16
 244              		.cfi_offset 4, -12
 245              		.cfi_offset 5, -8
 246              		.cfi_offset 14, -4
 247 0002 041C     		mov	r4, r0
 248 0004 0D1C     		mov	r5, r1
 251:.\Generated_Source\PSoC4/UART_1_I2C_SLAVE.c ****     /* Check for proper buffer */
 252:.\Generated_Source\PSoC4/UART_1_I2C_SLAVE.c ****     if(NULL != rdBuf)
 249              		.loc 1 252 0
 250 0006 0028     		cmp	r0, #0
 251 0008 0ED0     		beq	.L19
 253:.\Generated_Source\PSoC4/UART_1_I2C_SLAVE.c ****     {
 254:.\Generated_Source\PSoC4/UART_1_I2C_SLAVE.c ****         UART_1_DisableInt();  /* Lock from interruption */
 252              		.loc 1 254 0
 253 000a 0B20     		mov	r0, #11
 254              	.LVL20:
 255 000c FFF7FEFF 		bl	CyIntDisable
 256              	.LVL21:
 255:.\Generated_Source\PSoC4/UART_1_I2C_SLAVE.c **** 
 256:.\Generated_Source\PSoC4/UART_1_I2C_SLAVE.c ****         UART_1_slRdBufPtr      = (volatile uint8 *) rdBuf; /* Set buffer pointer  */
 257              		.loc 1 256 0
ARM GAS  C:\Users\Marcelo\AppData\Local\Temp\ccX2zZUc.s 			page 10


 258 0010 064B     		ldr	r3, .L21
 259 0012 1C60     		str	r4, [r3]
 257:.\Generated_Source\PSoC4/UART_1_I2C_SLAVE.c ****         UART_1_slRdBufSize     = bufSize;                  /* Set buffer size     */
 260              		.loc 1 257 0
 261 0014 064B     		ldr	r3, .L21+4
 262 0016 1D60     		str	r5, [r3]
 258:.\Generated_Source\PSoC4/UART_1_I2C_SLAVE.c ****         UART_1_slRdBufIndex    = 0u;                       /* Clear buffer index  */
 263              		.loc 1 258 0
 264 0018 0023     		mov	r3, #0
 265 001a 064A     		ldr	r2, .L21+8
 266 001c 1360     		str	r3, [r2]
 259:.\Generated_Source\PSoC4/UART_1_I2C_SLAVE.c ****         UART_1_slRdBufIndexTmp = 0u;                       /* Clear buffer index  */
 267              		.loc 1 259 0
 268 001e 064A     		ldr	r2, .L21+12
 269 0020 1360     		str	r3, [r2]
 260:.\Generated_Source\PSoC4/UART_1_I2C_SLAVE.c **** 
 261:.\Generated_Source\PSoC4/UART_1_I2C_SLAVE.c ****         UART_1_EnableInt();   /* Release lock */
 270              		.loc 1 261 0
 271 0022 0B20     		mov	r0, #11
 272 0024 FFF7FEFF 		bl	CyIntEnable
 273              	.LVL22:
 274              	.L19:
 262:.\Generated_Source\PSoC4/UART_1_I2C_SLAVE.c ****     }
 263:.\Generated_Source\PSoC4/UART_1_I2C_SLAVE.c **** }
 275              		.loc 1 263 0
 276              		@ sp needed
 277              	.LVL23:
 278              	.LVL24:
 279 0028 38BD     		pop	{r3, r4, r5, pc}
 280              	.L22:
 281 002a C046     		.align	2
 282              	.L21:
 283 002c 00000000 		.word	UART_1_slRdBufPtr
 284 0030 00000000 		.word	UART_1_slRdBufSize
 285 0034 00000000 		.word	UART_1_slRdBufIndex
 286 0038 00000000 		.word	UART_1_slRdBufIndexTmp
 287              		.cfi_endproc
 288              	.LFE6:
 289              		.size	UART_1_I2CSlaveInitReadBuf, .-UART_1_I2CSlaveInitReadBuf
 290              		.section	.text.UART_1_I2CSlaveInitWriteBuf,"ax",%progbits
 291              		.align	2
 292              		.global	UART_1_I2CSlaveInitWriteBuf
 293              		.code	16
 294              		.thumb_func
 295              		.type	UART_1_I2CSlaveInitWriteBuf, %function
 296              	UART_1_I2CSlaveInitWriteBuf:
 297              	.LFB7:
 264:.\Generated_Source\PSoC4/UART_1_I2C_SLAVE.c **** 
 265:.\Generated_Source\PSoC4/UART_1_I2C_SLAVE.c **** 
 266:.\Generated_Source\PSoC4/UART_1_I2C_SLAVE.c **** /*******************************************************************************
 267:.\Generated_Source\PSoC4/UART_1_I2C_SLAVE.c **** * Function Name: UART_1_I2CSlaveInitWriteBuf
 268:.\Generated_Source\PSoC4/UART_1_I2C_SLAVE.c **** ********************************************************************************
 269:.\Generated_Source\PSoC4/UART_1_I2C_SLAVE.c **** *
 270:.\Generated_Source\PSoC4/UART_1_I2C_SLAVE.c **** * Summary:
 271:.\Generated_Source\PSoC4/UART_1_I2C_SLAVE.c **** *  Sets the buffer pointer and size of the read buffer. This function also
 272:.\Generated_Source\PSoC4/UART_1_I2C_SLAVE.c **** *  resets the transfer count returned with the I2C_SlaveGetReadBufSize function.
 273:.\Generated_Source\PSoC4/UART_1_I2C_SLAVE.c **** *
ARM GAS  C:\Users\Marcelo\AppData\Local\Temp\ccX2zZUc.s 			page 11


 274:.\Generated_Source\PSoC4/UART_1_I2C_SLAVE.c **** * Parameters:
 275:.\Generated_Source\PSoC4/UART_1_I2C_SLAVE.c **** *  writeBuf:  Pointer to the data buffer to be read by the master.
 276:.\Generated_Source\PSoC4/UART_1_I2C_SLAVE.c **** *  bufSize:  Size of the buffer exposed to the I2C master.
 277:.\Generated_Source\PSoC4/UART_1_I2C_SLAVE.c **** *
 278:.\Generated_Source\PSoC4/UART_1_I2C_SLAVE.c **** * Return:
 279:.\Generated_Source\PSoC4/UART_1_I2C_SLAVE.c **** *  None
 280:.\Generated_Source\PSoC4/UART_1_I2C_SLAVE.c **** *
 281:.\Generated_Source\PSoC4/UART_1_I2C_SLAVE.c **** * Global variables:
 282:.\Generated_Source\PSoC4/UART_1_I2C_SLAVE.c **** *  UART_1_slWrBufPtr   - used to store pointer to slave write buffer.
 283:.\Generated_Source\PSoC4/UART_1_I2C_SLAVE.c **** *  UART_1_slWrBufSize  - used to store salve write buffer size.
 284:.\Generated_Source\PSoC4/UART_1_I2C_SLAVE.c **** *  UART_1_slWrBufIndex - used to store current index within slave
 285:.\Generated_Source\PSoC4/UART_1_I2C_SLAVE.c **** *  write buffer.
 286:.\Generated_Source\PSoC4/UART_1_I2C_SLAVE.c **** *
 287:.\Generated_Source\PSoC4/UART_1_I2C_SLAVE.c **** * Side Effects:
 288:.\Generated_Source\PSoC4/UART_1_I2C_SLAVE.c **** *  If this function is called during a bus transaction, data from the previous
 289:.\Generated_Source\PSoC4/UART_1_I2C_SLAVE.c **** *  buffer location and the beginning of current buffer may be transmitted.
 290:.\Generated_Source\PSoC4/UART_1_I2C_SLAVE.c **** *
 291:.\Generated_Source\PSoC4/UART_1_I2C_SLAVE.c **** *******************************************************************************/
 292:.\Generated_Source\PSoC4/UART_1_I2C_SLAVE.c **** void UART_1_I2CSlaveInitWriteBuf(uint8 * wrBuf, uint32 bufSize)
 293:.\Generated_Source\PSoC4/UART_1_I2C_SLAVE.c **** {
 298              		.loc 1 293 0
 299              		.cfi_startproc
 300              	.LVL25:
 301 0000 38B5     		push	{r3, r4, r5, lr}
 302              		.cfi_def_cfa_offset 16
 303              		.cfi_offset 3, -16
 304              		.cfi_offset 4, -12
 305              		.cfi_offset 5, -8
 306              		.cfi_offset 14, -4
 307 0002 041C     		mov	r4, r0
 308 0004 0D1C     		mov	r5, r1
 294:.\Generated_Source\PSoC4/UART_1_I2C_SLAVE.c ****     /* Check buffer pointer */
 295:.\Generated_Source\PSoC4/UART_1_I2C_SLAVE.c ****     if(NULL != wrBuf)
 309              		.loc 1 295 0
 310 0006 0028     		cmp	r0, #0
 311 0008 0CD0     		beq	.L23
 296:.\Generated_Source\PSoC4/UART_1_I2C_SLAVE.c ****     {
 297:.\Generated_Source\PSoC4/UART_1_I2C_SLAVE.c ****         UART_1_DisableInt();  /* Lock from interruption */
 312              		.loc 1 297 0
 313 000a 0B20     		mov	r0, #11
 314              	.LVL26:
 315 000c FFF7FEFF 		bl	CyIntDisable
 316              	.LVL27:
 298:.\Generated_Source\PSoC4/UART_1_I2C_SLAVE.c **** 
 299:.\Generated_Source\PSoC4/UART_1_I2C_SLAVE.c ****         UART_1_slWrBufPtr   = (volatile uint8 *) wrBuf; /* Set buffer pointer  */
 317              		.loc 1 299 0
 318 0010 054B     		ldr	r3, .L25
 319 0012 1C60     		str	r4, [r3]
 300:.\Generated_Source\PSoC4/UART_1_I2C_SLAVE.c ****         UART_1_slWrBufSize  = bufSize;                  /* Set buffer size     */
 320              		.loc 1 300 0
 321 0014 054B     		ldr	r3, .L25+4
 322 0016 1D60     		str	r5, [r3]
 301:.\Generated_Source\PSoC4/UART_1_I2C_SLAVE.c ****         UART_1_slWrBufIndex = 0u;                       /* Clear buffer index  */
 323              		.loc 1 301 0
 324 0018 0022     		mov	r2, #0
 325 001a 054B     		ldr	r3, .L25+8
 326 001c 1A60     		str	r2, [r3]
ARM GAS  C:\Users\Marcelo\AppData\Local\Temp\ccX2zZUc.s 			page 12


 302:.\Generated_Source\PSoC4/UART_1_I2C_SLAVE.c **** 
 303:.\Generated_Source\PSoC4/UART_1_I2C_SLAVE.c ****         UART_1_EnableInt();   /* Release lock */
 327              		.loc 1 303 0
 328 001e 0B20     		mov	r0, #11
 329 0020 FFF7FEFF 		bl	CyIntEnable
 330              	.LVL28:
 331              	.L23:
 304:.\Generated_Source\PSoC4/UART_1_I2C_SLAVE.c ****     }
 305:.\Generated_Source\PSoC4/UART_1_I2C_SLAVE.c **** }
 332              		.loc 1 305 0
 333              		@ sp needed
 334              	.LVL29:
 335              	.LVL30:
 336 0024 38BD     		pop	{r3, r4, r5, pc}
 337              	.L26:
 338 0026 C046     		.align	2
 339              	.L25:
 340 0028 00000000 		.word	UART_1_slWrBufPtr
 341 002c 00000000 		.word	UART_1_slWrBufSize
 342 0030 00000000 		.word	UART_1_slWrBufIndex
 343              		.cfi_endproc
 344              	.LFE7:
 345              		.size	UART_1_I2CSlaveInitWriteBuf, .-UART_1_I2CSlaveInitWriteBuf
 346              		.section	.text.UART_1_I2CSlaveGetReadBufSize,"ax",%progbits
 347              		.align	2
 348              		.global	UART_1_I2CSlaveGetReadBufSize
 349              		.code	16
 350              		.thumb_func
 351              		.type	UART_1_I2CSlaveGetReadBufSize, %function
 352              	UART_1_I2CSlaveGetReadBufSize:
 353              	.LFB8:
 306:.\Generated_Source\PSoC4/UART_1_I2C_SLAVE.c **** 
 307:.\Generated_Source\PSoC4/UART_1_I2C_SLAVE.c **** 
 308:.\Generated_Source\PSoC4/UART_1_I2C_SLAVE.c **** /*******************************************************************************
 309:.\Generated_Source\PSoC4/UART_1_I2C_SLAVE.c **** * Function Name: UART_1_I2CSlaveGetReadBufSize
 310:.\Generated_Source\PSoC4/UART_1_I2C_SLAVE.c **** ********************************************************************************
 311:.\Generated_Source\PSoC4/UART_1_I2C_SLAVE.c **** *
 312:.\Generated_Source\PSoC4/UART_1_I2C_SLAVE.c **** * Summary:
 313:.\Generated_Source\PSoC4/UART_1_I2C_SLAVE.c **** *  Returns the number of bytes read by the I2C master since an
 314:.\Generated_Source\PSoC4/UART_1_I2C_SLAVE.c **** *  I2C_SlaveInitReadBuf or I2C_SlaveClearReadBuf function was executed.
 315:.\Generated_Source\PSoC4/UART_1_I2C_SLAVE.c **** *  The maximum return value will be the size of the read buffer.
 316:.\Generated_Source\PSoC4/UART_1_I2C_SLAVE.c **** *
 317:.\Generated_Source\PSoC4/UART_1_I2C_SLAVE.c **** * Parameters:
 318:.\Generated_Source\PSoC4/UART_1_I2C_SLAVE.c **** *  None
 319:.\Generated_Source\PSoC4/UART_1_I2C_SLAVE.c **** *
 320:.\Generated_Source\PSoC4/UART_1_I2C_SLAVE.c **** * Return:
 321:.\Generated_Source\PSoC4/UART_1_I2C_SLAVE.c **** *  Bytes read by master.
 322:.\Generated_Source\PSoC4/UART_1_I2C_SLAVE.c **** *
 323:.\Generated_Source\PSoC4/UART_1_I2C_SLAVE.c **** * Global variables:
 324:.\Generated_Source\PSoC4/UART_1_I2C_SLAVE.c **** *  UART_1_slRdBufIndex - used to store current index within slave
 325:.\Generated_Source\PSoC4/UART_1_I2C_SLAVE.c **** *  read buffer.
 326:.\Generated_Source\PSoC4/UART_1_I2C_SLAVE.c **** *
 327:.\Generated_Source\PSoC4/UART_1_I2C_SLAVE.c **** *******************************************************************************/
 328:.\Generated_Source\PSoC4/UART_1_I2C_SLAVE.c **** uint32 UART_1_I2CSlaveGetReadBufSize(void)
 329:.\Generated_Source\PSoC4/UART_1_I2C_SLAVE.c **** {
 354              		.loc 1 329 0
 355              		.cfi_startproc
ARM GAS  C:\Users\Marcelo\AppData\Local\Temp\ccX2zZUc.s 			page 13


 330:.\Generated_Source\PSoC4/UART_1_I2C_SLAVE.c ****     return(UART_1_slRdBufIndex);
 356              		.loc 1 330 0
 357 0000 014B     		ldr	r3, .L28
 358 0002 1868     		ldr	r0, [r3]
 331:.\Generated_Source\PSoC4/UART_1_I2C_SLAVE.c **** }
 359              		.loc 1 331 0
 360              		@ sp needed
 361 0004 7047     		bx	lr
 362              	.L29:
 363 0006 C046     		.align	2
 364              	.L28:
 365 0008 00000000 		.word	UART_1_slRdBufIndex
 366              		.cfi_endproc
 367              	.LFE8:
 368              		.size	UART_1_I2CSlaveGetReadBufSize, .-UART_1_I2CSlaveGetReadBufSize
 369              		.section	.text.UART_1_I2CSlaveGetWriteBufSize,"ax",%progbits
 370              		.align	2
 371              		.global	UART_1_I2CSlaveGetWriteBufSize
 372              		.code	16
 373              		.thumb_func
 374              		.type	UART_1_I2CSlaveGetWriteBufSize, %function
 375              	UART_1_I2CSlaveGetWriteBufSize:
 376              	.LFB9:
 332:.\Generated_Source\PSoC4/UART_1_I2C_SLAVE.c **** 
 333:.\Generated_Source\PSoC4/UART_1_I2C_SLAVE.c **** 
 334:.\Generated_Source\PSoC4/UART_1_I2C_SLAVE.c **** /*******************************************************************************
 335:.\Generated_Source\PSoC4/UART_1_I2C_SLAVE.c **** * Function Name: UART_1_I2CSlaveGetWriteBufSize
 336:.\Generated_Source\PSoC4/UART_1_I2C_SLAVE.c **** ********************************************************************************
 337:.\Generated_Source\PSoC4/UART_1_I2C_SLAVE.c **** *
 338:.\Generated_Source\PSoC4/UART_1_I2C_SLAVE.c **** * Summary:
 339:.\Generated_Source\PSoC4/UART_1_I2C_SLAVE.c **** *  Returns the number of bytes written by the I2C master since an
 340:.\Generated_Source\PSoC4/UART_1_I2C_SLAVE.c **** *  I2C_SlaveInitWriteBuf or I2C_SlaveClearWriteBuf function was executed.
 341:.\Generated_Source\PSoC4/UART_1_I2C_SLAVE.c **** *  The maximum return value will be the size of the write buffer.
 342:.\Generated_Source\PSoC4/UART_1_I2C_SLAVE.c **** *
 343:.\Generated_Source\PSoC4/UART_1_I2C_SLAVE.c **** * Parameters:
 344:.\Generated_Source\PSoC4/UART_1_I2C_SLAVE.c **** *  None
 345:.\Generated_Source\PSoC4/UART_1_I2C_SLAVE.c **** *
 346:.\Generated_Source\PSoC4/UART_1_I2C_SLAVE.c **** * Return:
 347:.\Generated_Source\PSoC4/UART_1_I2C_SLAVE.c **** *  Bytes written by master.
 348:.\Generated_Source\PSoC4/UART_1_I2C_SLAVE.c **** *
 349:.\Generated_Source\PSoC4/UART_1_I2C_SLAVE.c **** * Global variables:
 350:.\Generated_Source\PSoC4/UART_1_I2C_SLAVE.c **** *  UART_1_slWrBufIndex - used to store current index within slave
 351:.\Generated_Source\PSoC4/UART_1_I2C_SLAVE.c **** *  write buffer.
 352:.\Generated_Source\PSoC4/UART_1_I2C_SLAVE.c **** *
 353:.\Generated_Source\PSoC4/UART_1_I2C_SLAVE.c **** *******************************************************************************/
 354:.\Generated_Source\PSoC4/UART_1_I2C_SLAVE.c **** uint32 UART_1_I2CSlaveGetWriteBufSize(void)
 355:.\Generated_Source\PSoC4/UART_1_I2C_SLAVE.c **** {
 377              		.loc 1 355 0
 378              		.cfi_startproc
 356:.\Generated_Source\PSoC4/UART_1_I2C_SLAVE.c ****     return(UART_1_slWrBufIndex);
 379              		.loc 1 356 0
 380 0000 014B     		ldr	r3, .L31
 381 0002 1868     		ldr	r0, [r3]
 357:.\Generated_Source\PSoC4/UART_1_I2C_SLAVE.c **** }
 382              		.loc 1 357 0
 383              		@ sp needed
 384 0004 7047     		bx	lr
ARM GAS  C:\Users\Marcelo\AppData\Local\Temp\ccX2zZUc.s 			page 14


 385              	.L32:
 386 0006 C046     		.align	2
 387              	.L31:
 388 0008 00000000 		.word	UART_1_slWrBufIndex
 389              		.cfi_endproc
 390              	.LFE9:
 391              		.size	UART_1_I2CSlaveGetWriteBufSize, .-UART_1_I2CSlaveGetWriteBufSize
 392              		.section	.text.UART_1_I2CSlaveClearReadBuf,"ax",%progbits
 393              		.align	2
 394              		.global	UART_1_I2CSlaveClearReadBuf
 395              		.code	16
 396              		.thumb_func
 397              		.type	UART_1_I2CSlaveClearReadBuf, %function
 398              	UART_1_I2CSlaveClearReadBuf:
 399              	.LFB10:
 358:.\Generated_Source\PSoC4/UART_1_I2C_SLAVE.c **** 
 359:.\Generated_Source\PSoC4/UART_1_I2C_SLAVE.c **** 
 360:.\Generated_Source\PSoC4/UART_1_I2C_SLAVE.c **** /*******************************************************************************
 361:.\Generated_Source\PSoC4/UART_1_I2C_SLAVE.c **** * Function Name: UART_1_I2CSlaveClearReadBuf
 362:.\Generated_Source\PSoC4/UART_1_I2C_SLAVE.c **** ********************************************************************************
 363:.\Generated_Source\PSoC4/UART_1_I2C_SLAVE.c **** *
 364:.\Generated_Source\PSoC4/UART_1_I2C_SLAVE.c **** * Summary:
 365:.\Generated_Source\PSoC4/UART_1_I2C_SLAVE.c **** *  Resets the read pointer to the first byte in the read buffer. The next byte
 366:.\Generated_Source\PSoC4/UART_1_I2C_SLAVE.c **** *  read by the master will be the first byte in the read buffer.
 367:.\Generated_Source\PSoC4/UART_1_I2C_SLAVE.c **** *
 368:.\Generated_Source\PSoC4/UART_1_I2C_SLAVE.c **** * Parameters:
 369:.\Generated_Source\PSoC4/UART_1_I2C_SLAVE.c **** *  None
 370:.\Generated_Source\PSoC4/UART_1_I2C_SLAVE.c **** *
 371:.\Generated_Source\PSoC4/UART_1_I2C_SLAVE.c **** * Return:
 372:.\Generated_Source\PSoC4/UART_1_I2C_SLAVE.c **** *  None
 373:.\Generated_Source\PSoC4/UART_1_I2C_SLAVE.c **** *
 374:.\Generated_Source\PSoC4/UART_1_I2C_SLAVE.c **** * Global variables:
 375:.\Generated_Source\PSoC4/UART_1_I2C_SLAVE.c **** *  UART_1_slRdBufIndex - used to store current index within slave
 376:.\Generated_Source\PSoC4/UART_1_I2C_SLAVE.c **** *  read buffer.
 377:.\Generated_Source\PSoC4/UART_1_I2C_SLAVE.c **** *
 378:.\Generated_Source\PSoC4/UART_1_I2C_SLAVE.c **** *******************************************************************************/
 379:.\Generated_Source\PSoC4/UART_1_I2C_SLAVE.c **** void UART_1_I2CSlaveClearReadBuf(void)
 380:.\Generated_Source\PSoC4/UART_1_I2C_SLAVE.c **** {
 400              		.loc 1 380 0
 401              		.cfi_startproc
 381:.\Generated_Source\PSoC4/UART_1_I2C_SLAVE.c ****     UART_1_slRdBufIndex = 0u;
 402              		.loc 1 381 0
 403 0000 0022     		mov	r2, #0
 404 0002 014B     		ldr	r3, .L34
 405 0004 1A60     		str	r2, [r3]
 382:.\Generated_Source\PSoC4/UART_1_I2C_SLAVE.c **** }
 406              		.loc 1 382 0
 407              		@ sp needed
 408 0006 7047     		bx	lr
 409              	.L35:
 410              		.align	2
 411              	.L34:
 412 0008 00000000 		.word	UART_1_slRdBufIndex
 413              		.cfi_endproc
 414              	.LFE10:
 415              		.size	UART_1_I2CSlaveClearReadBuf, .-UART_1_I2CSlaveClearReadBuf
 416              		.section	.text.UART_1_I2CSlaveClearWriteBuf,"ax",%progbits
ARM GAS  C:\Users\Marcelo\AppData\Local\Temp\ccX2zZUc.s 			page 15


 417              		.align	2
 418              		.global	UART_1_I2CSlaveClearWriteBuf
 419              		.code	16
 420              		.thumb_func
 421              		.type	UART_1_I2CSlaveClearWriteBuf, %function
 422              	UART_1_I2CSlaveClearWriteBuf:
 423              	.LFB11:
 383:.\Generated_Source\PSoC4/UART_1_I2C_SLAVE.c **** 
 384:.\Generated_Source\PSoC4/UART_1_I2C_SLAVE.c **** 
 385:.\Generated_Source\PSoC4/UART_1_I2C_SLAVE.c **** /*******************************************************************************
 386:.\Generated_Source\PSoC4/UART_1_I2C_SLAVE.c **** * Function Name: UART_1_I2CSlaveClearWriteBuf
 387:.\Generated_Source\PSoC4/UART_1_I2C_SLAVE.c **** ********************************************************************************
 388:.\Generated_Source\PSoC4/UART_1_I2C_SLAVE.c **** *
 389:.\Generated_Source\PSoC4/UART_1_I2C_SLAVE.c **** * Summary:
 390:.\Generated_Source\PSoC4/UART_1_I2C_SLAVE.c **** *  Resets the write pointer to the first byte in the write buffer. The next byte
 391:.\Generated_Source\PSoC4/UART_1_I2C_SLAVE.c **** *  written by the master will be the first byte in the write buffer.
 392:.\Generated_Source\PSoC4/UART_1_I2C_SLAVE.c **** *
 393:.\Generated_Source\PSoC4/UART_1_I2C_SLAVE.c **** * Parameters:
 394:.\Generated_Source\PSoC4/UART_1_I2C_SLAVE.c **** *  None
 395:.\Generated_Source\PSoC4/UART_1_I2C_SLAVE.c **** *
 396:.\Generated_Source\PSoC4/UART_1_I2C_SLAVE.c **** * Return:
 397:.\Generated_Source\PSoC4/UART_1_I2C_SLAVE.c **** *  None
 398:.\Generated_Source\PSoC4/UART_1_I2C_SLAVE.c **** *
 399:.\Generated_Source\PSoC4/UART_1_I2C_SLAVE.c **** * Global variables:
 400:.\Generated_Source\PSoC4/UART_1_I2C_SLAVE.c **** *  UART_1_slWrBufIndex - used to store current index within slave
 401:.\Generated_Source\PSoC4/UART_1_I2C_SLAVE.c **** *  write buffer.
 402:.\Generated_Source\PSoC4/UART_1_I2C_SLAVE.c **** *
 403:.\Generated_Source\PSoC4/UART_1_I2C_SLAVE.c **** *******************************************************************************/
 404:.\Generated_Source\PSoC4/UART_1_I2C_SLAVE.c **** void UART_1_I2CSlaveClearWriteBuf(void)
 405:.\Generated_Source\PSoC4/UART_1_I2C_SLAVE.c **** {
 424              		.loc 1 405 0
 425              		.cfi_startproc
 406:.\Generated_Source\PSoC4/UART_1_I2C_SLAVE.c ****     UART_1_slWrBufIndex = 0u;
 426              		.loc 1 406 0
 427 0000 0022     		mov	r2, #0
 428 0002 014B     		ldr	r3, .L37
 429 0004 1A60     		str	r2, [r3]
 407:.\Generated_Source\PSoC4/UART_1_I2C_SLAVE.c **** }
 430              		.loc 1 407 0
 431              		@ sp needed
 432 0006 7047     		bx	lr
 433              	.L38:
 434              		.align	2
 435              	.L37:
 436 0008 00000000 		.word	UART_1_slWrBufIndex
 437              		.cfi_endproc
 438              	.LFE11:
 439              		.size	UART_1_I2CSlaveClearWriteBuf, .-UART_1_I2CSlaveClearWriteBuf
 440              		.global	UART_1_customAddressHandler
 441              		.comm	UART_1_slOverFlowCount,1,1
 442              		.comm	UART_1_slRdBufIndexTmp,4,4
 443              		.comm	UART_1_slRdBufIndex,4,4
 444              		.comm	UART_1_slRdBufSize,4,4
 445              		.comm	UART_1_slRdBufPtr,4,4
 446              		.comm	UART_1_slWrBufIndex,4,4
 447              		.comm	UART_1_slWrBufSize,4,4
 448              		.comm	UART_1_slWrBufPtr,4,4
ARM GAS  C:\Users\Marcelo\AppData\Local\Temp\ccX2zZUc.s 			page 16


 449              		.comm	UART_1_slStatus,1,1
 450              		.bss
 451              		.align	2
 452              		.set	.LANCHOR0,. + 0
 453              		.type	UART_1_customAddressHandler, %object
 454              		.size	UART_1_customAddressHandler, 4
 455              	UART_1_customAddressHandler:
 456 0000 00000000 		.space	4
 457              		.text
 458              	.Letext0:
 459              		.file 2 "Generated_Source\\PSoC4/cytypes.h"
 460              		.file 3 "Generated_Source\\PSoC4/CyLib.h"
 461              		.section	.debug_info,"",%progbits
 462              	.Ldebug_info0:
 463 0000 C4030000 		.4byte	0x3c4
 464 0004 0400     		.2byte	0x4
 465 0006 00000000 		.4byte	.Ldebug_abbrev0
 466 000a 04       		.byte	0x4
 467 000b 01       		.uleb128 0x1
 468 000c 4E010000 		.4byte	.LASF46
 469 0010 01       		.byte	0x1
 470 0011 88000000 		.4byte	.LASF47
 471 0015 18000000 		.4byte	.LASF48
 472 0019 00000000 		.4byte	.Ldebug_ranges0+0
 473 001d 00000000 		.4byte	0
 474 0021 00000000 		.4byte	.Ldebug_line0
 475 0025 02       		.uleb128 0x2
 476 0026 01       		.byte	0x1
 477 0027 06       		.byte	0x6
 478 0028 35040000 		.4byte	.LASF0
 479 002c 02       		.uleb128 0x2
 480 002d 01       		.byte	0x1
 481 002e 08       		.byte	0x8
 482 002f CA010000 		.4byte	.LASF1
 483 0033 02       		.uleb128 0x2
 484 0034 02       		.byte	0x2
 485 0035 05       		.byte	0x5
 486 0036 F1030000 		.4byte	.LASF2
 487 003a 02       		.uleb128 0x2
 488 003b 02       		.byte	0x2
 489 003c 07       		.byte	0x7
 490 003d B4000000 		.4byte	.LASF3
 491 0041 02       		.uleb128 0x2
 492 0042 04       		.byte	0x4
 493 0043 05       		.byte	0x5
 494 0044 03040000 		.4byte	.LASF4
 495 0048 02       		.uleb128 0x2
 496 0049 04       		.byte	0x4
 497 004a 07       		.byte	0x7
 498 004b 14020000 		.4byte	.LASF5
 499 004f 02       		.uleb128 0x2
 500 0050 08       		.byte	0x8
 501 0051 05       		.byte	0x5
 502 0052 87030000 		.4byte	.LASF6
 503 0056 02       		.uleb128 0x2
 504 0057 08       		.byte	0x8
 505 0058 07       		.byte	0x7
ARM GAS  C:\Users\Marcelo\AppData\Local\Temp\ccX2zZUc.s 			page 17


 506 0059 06030000 		.4byte	.LASF7
 507 005d 03       		.uleb128 0x3
 508 005e 04       		.byte	0x4
 509 005f 05       		.byte	0x5
 510 0060 696E7400 		.ascii	"int\000"
 511 0064 02       		.uleb128 0x2
 512 0065 04       		.byte	0x4
 513 0066 07       		.byte	0x7
 514 0067 D4020000 		.4byte	.LASF8
 515 006b 04       		.uleb128 0x4
 516 006c 42020000 		.4byte	.LASF9
 517 0070 02       		.byte	0x2
 518 0071 B3       		.byte	0xb3
 519 0072 2C000000 		.4byte	0x2c
 520 0076 04       		.uleb128 0x4
 521 0077 CD020000 		.4byte	.LASF10
 522 007b 02       		.byte	0x2
 523 007c B5       		.byte	0xb5
 524 007d 48000000 		.4byte	0x48
 525 0081 02       		.uleb128 0x2
 526 0082 04       		.byte	0x4
 527 0083 04       		.byte	0x4
 528 0084 34010000 		.4byte	.LASF11
 529 0088 02       		.uleb128 0x2
 530 0089 08       		.byte	0x8
 531 008a 04       		.byte	0x4
 532 008b 99020000 		.4byte	.LASF12
 533 008f 02       		.uleb128 0x2
 534 0090 01       		.byte	0x1
 535 0091 08       		.byte	0x8
 536 0092 95030000 		.4byte	.LASF13
 537 0096 05       		.uleb128 0x5
 538 0097 6B000000 		.4byte	0x6b
 539 009b 06       		.uleb128 0x6
 540 009c 00000000 		.4byte	.LASF14
 541 00a0 02       		.byte	0x2
 542 00a1 5F01     		.2byte	0x15f
 543 00a3 A7000000 		.4byte	0xa7
 544 00a7 05       		.uleb128 0x5
 545 00a8 76000000 		.4byte	0x76
 546 00ac 02       		.uleb128 0x2
 547 00ad 04       		.byte	0x4
 548 00ae 07       		.byte	0x7
 549 00af 7E030000 		.4byte	.LASF15
 550 00b3 07       		.uleb128 0x7
 551 00b4 B9030000 		.4byte	.LASF19
 552 00b8 01       		.byte	0x1
 553 00b9 43       		.byte	0x43
 554 00ba 00000000 		.4byte	.LFB0
 555 00be 0C000000 		.4byte	.LFE0-.LFB0
 556 00c2 01       		.uleb128 0x1
 557 00c3 9C       		.byte	0x9c
 558 00c4 D6000000 		.4byte	0xd6
 559 00c8 08       		.uleb128 0x8
 560 00c9 A0020000 		.4byte	.LASF21
 561 00cd 01       		.byte	0x1
 562 00ce 43       		.byte	0x43
ARM GAS  C:\Users\Marcelo\AppData\Local\Temp\ccX2zZUc.s 			page 18


 563 00cf DB000000 		.4byte	0xdb
 564 00d3 01       		.uleb128 0x1
 565 00d4 50       		.byte	0x50
 566 00d5 00       		.byte	0
 567 00d6 09       		.uleb128 0x9
 568 00d7 76000000 		.4byte	0x76
 569 00db 0A       		.uleb128 0xa
 570 00dc 04       		.byte	0x4
 571 00dd D6000000 		.4byte	0xd6
 572 00e1 0B       		.uleb128 0xb
 573 00e2 02010000 		.4byte	.LASF31
 574 00e6 01       		.byte	0x1
 575 00e7 5C       		.byte	0x5c
 576 00e8 76000000 		.4byte	0x76
 577 00ec 00000000 		.4byte	.LFB1
 578 00f0 0C000000 		.4byte	.LFE1-.LFB1
 579 00f4 01       		.uleb128 0x1
 580 00f5 9C       		.byte	0x9c
 581 00f6 0C       		.uleb128 0xc
 582 00f7 7A020000 		.4byte	.LASF16
 583 00fb 01       		.byte	0x1
 584 00fc 74       		.byte	0x74
 585 00fd 76000000 		.4byte	0x76
 586 0101 00000000 		.4byte	.LFB2
 587 0105 28000000 		.4byte	.LFE2-.LFB2
 588 0109 01       		.uleb128 0x1
 589 010a 9C       		.byte	0x9c
 590 010b 41010000 		.4byte	0x141
 591 010f 0D       		.uleb128 0xd
 592 0110 C7000000 		.4byte	.LASF18
 593 0114 01       		.byte	0x1
 594 0115 76       		.byte	0x76
 595 0116 76000000 		.4byte	0x76
 596 011a 00000000 		.4byte	.LLST0
 597 011e 0E       		.uleb128 0xe
 598 011f 08000000 		.4byte	.LVL1
 599 0123 A9030000 		.4byte	0x3a9
 600 0127 31010000 		.4byte	0x131
 601 012b 0F       		.uleb128 0xf
 602 012c 01       		.uleb128 0x1
 603 012d 50       		.byte	0x50
 604 012e 01       		.uleb128 0x1
 605 012f 3B       		.byte	0x3b
 606 0130 00       		.byte	0
 607 0131 10       		.uleb128 0x10
 608 0132 1E000000 		.4byte	.LVL3
 609 0136 BA030000 		.4byte	0x3ba
 610 013a 0F       		.uleb128 0xf
 611 013b 01       		.uleb128 0x1
 612 013c 50       		.byte	0x50
 613 013d 01       		.uleb128 0x1
 614 013e 3B       		.byte	0x3b
 615 013f 00       		.byte	0
 616 0140 00       		.byte	0
 617 0141 0C       		.uleb128 0xc
 618 0142 0C040000 		.4byte	.LASF17
 619 0146 01       		.byte	0x1
ARM GAS  C:\Users\Marcelo\AppData\Local\Temp\ccX2zZUc.s 			page 19


 620 0147 96       		.byte	0x96
 621 0148 76000000 		.4byte	0x76
 622 014c 00000000 		.4byte	.LFB3
 623 0150 28000000 		.4byte	.LFE3-.LFB3
 624 0154 01       		.uleb128 0x1
 625 0155 9C       		.byte	0x9c
 626 0156 8C010000 		.4byte	0x18c
 627 015a 0D       		.uleb128 0xd
 628 015b C7000000 		.4byte	.LASF18
 629 015f 01       		.byte	0x1
 630 0160 98       		.byte	0x98
 631 0161 76000000 		.4byte	0x76
 632 0165 1E000000 		.4byte	.LLST1
 633 0169 0E       		.uleb128 0xe
 634 016a 08000000 		.4byte	.LVL5
 635 016e A9030000 		.4byte	0x3a9
 636 0172 7C010000 		.4byte	0x17c
 637 0176 0F       		.uleb128 0xf
 638 0177 01       		.uleb128 0x1
 639 0178 50       		.byte	0x50
 640 0179 01       		.uleb128 0x1
 641 017a 3B       		.byte	0x3b
 642 017b 00       		.byte	0
 643 017c 10       		.uleb128 0x10
 644 017d 1E000000 		.4byte	.LVL7
 645 0181 BA030000 		.4byte	0x3ba
 646 0185 0F       		.uleb128 0xf
 647 0186 01       		.uleb128 0x1
 648 0187 50       		.byte	0x50
 649 0188 01       		.uleb128 0x1
 650 0189 3B       		.byte	0x3b
 651 018a 00       		.byte	0
 652 018b 00       		.byte	0
 653 018c 07       		.uleb128 0x7
 654 018d 5A020000 		.4byte	.LASF20
 655 0191 01       		.byte	0x1
 656 0192 B5       		.byte	0xb5
 657 0193 00000000 		.4byte	.LFB4
 658 0197 18000000 		.4byte	.LFE4-.LFB4
 659 019b 01       		.uleb128 0x1
 660 019c 9C       		.byte	0x9c
 661 019d C0010000 		.4byte	0x1c0
 662 01a1 11       		.uleb128 0x11
 663 01a2 FE020000 		.4byte	.LASF22
 664 01a6 01       		.byte	0x1
 665 01a7 B5       		.byte	0xb5
 666 01a8 76000000 		.4byte	0x76
 667 01ac 3C000000 		.4byte	.LLST2
 668 01b0 0D       		.uleb128 0xd
 669 01b1 2C040000 		.4byte	.LASF23
 670 01b5 01       		.byte	0x1
 671 01b6 B7       		.byte	0xb7
 672 01b7 76000000 		.4byte	0x76
 673 01bb 5D000000 		.4byte	.LLST3
 674 01bf 00       		.byte	0
 675 01c0 07       		.uleb128 0x7
 676 01c1 D8010000 		.4byte	.LASF24
ARM GAS  C:\Users\Marcelo\AppData\Local\Temp\ccX2zZUc.s 			page 20


 677 01c5 01       		.byte	0x1
 678 01c6 D2       		.byte	0xd2
 679 01c7 00000000 		.4byte	.LFB5
 680 01cb 18000000 		.4byte	.LFE5-.LFB5
 681 01cf 01       		.uleb128 0x1
 682 01d0 9C       		.byte	0x9c
 683 01d1 F4010000 		.4byte	0x1f4
 684 01d5 11       		.uleb128 0x11
 685 01d6 1D030000 		.4byte	.LASF25
 686 01da 01       		.byte	0x1
 687 01db D2       		.byte	0xd2
 688 01dc 76000000 		.4byte	0x76
 689 01e0 7B000000 		.4byte	.LLST4
 690 01e4 0D       		.uleb128 0xd
 691 01e5 2C040000 		.4byte	.LASF23
 692 01e9 01       		.byte	0x1
 693 01ea D4       		.byte	0xd4
 694 01eb 76000000 		.4byte	0x76
 695 01ef 9C000000 		.4byte	.LLST5
 696 01f3 00       		.byte	0
 697 01f4 07       		.uleb128 0x7
 698 01f5 CE000000 		.4byte	.LASF26
 699 01f9 01       		.byte	0x1
 700 01fa F9       		.byte	0xf9
 701 01fb 00000000 		.4byte	.LFB6
 702 01ff 3C000000 		.4byte	.LFE6-.LFB6
 703 0203 01       		.uleb128 0x1
 704 0204 9C       		.byte	0x9c
 705 0205 4A020000 		.4byte	0x24a
 706 0209 11       		.uleb128 0x11
 707 020a E9000000 		.4byte	.LASF27
 708 020e 01       		.byte	0x1
 709 020f F9       		.byte	0xf9
 710 0210 4A020000 		.4byte	0x24a
 711 0214 C5000000 		.4byte	.LLST6
 712 0218 11       		.uleb128 0x11
 713 0219 FB030000 		.4byte	.LASF28
 714 021d 01       		.byte	0x1
 715 021e F9       		.byte	0xf9
 716 021f 76000000 		.4byte	0x76
 717 0223 F1000000 		.4byte	.LLST7
 718 0227 0E       		.uleb128 0xe
 719 0228 10000000 		.4byte	.LVL21
 720 022c A9030000 		.4byte	0x3a9
 721 0230 3A020000 		.4byte	0x23a
 722 0234 0F       		.uleb128 0xf
 723 0235 01       		.uleb128 0x1
 724 0236 50       		.byte	0x50
 725 0237 01       		.uleb128 0x1
 726 0238 3B       		.byte	0x3b
 727 0239 00       		.byte	0
 728 023a 10       		.uleb128 0x10
 729 023b 28000000 		.4byte	.LVL22
 730 023f BA030000 		.4byte	0x3ba
 731 0243 0F       		.uleb128 0xf
 732 0244 01       		.uleb128 0x1
 733 0245 50       		.byte	0x50
ARM GAS  C:\Users\Marcelo\AppData\Local\Temp\ccX2zZUc.s 			page 21


 734 0246 01       		.uleb128 0x1
 735 0247 3B       		.byte	0x3b
 736 0248 00       		.byte	0
 737 0249 00       		.byte	0
 738 024a 0A       		.uleb128 0xa
 739 024b 04       		.byte	0x4
 740 024c 6B000000 		.4byte	0x6b
 741 0250 12       		.uleb128 0x12
 742 0251 26020000 		.4byte	.LASF29
 743 0255 01       		.byte	0x1
 744 0256 2401     		.2byte	0x124
 745 0258 00000000 		.4byte	.LFB7
 746 025c 34000000 		.4byte	.LFE7-.LFB7
 747 0260 01       		.uleb128 0x1
 748 0261 9C       		.byte	0x9c
 749 0262 A9020000 		.4byte	0x2a9
 750 0266 13       		.uleb128 0x13
 751 0267 74020000 		.4byte	.LASF30
 752 026b 01       		.byte	0x1
 753 026c 2401     		.2byte	0x124
 754 026e 4A020000 		.4byte	0x24a
 755 0272 1D010000 		.4byte	.LLST8
 756 0276 13       		.uleb128 0x13
 757 0277 FB030000 		.4byte	.LASF28
 758 027b 01       		.byte	0x1
 759 027c 2401     		.2byte	0x124
 760 027e 76000000 		.4byte	0x76
 761 0282 49010000 		.4byte	.LLST9
 762 0286 0E       		.uleb128 0xe
 763 0287 10000000 		.4byte	.LVL27
 764 028b A9030000 		.4byte	0x3a9
 765 028f 99020000 		.4byte	0x299
 766 0293 0F       		.uleb128 0xf
 767 0294 01       		.uleb128 0x1
 768 0295 50       		.byte	0x50
 769 0296 01       		.uleb128 0x1
 770 0297 3B       		.byte	0x3b
 771 0298 00       		.byte	0
 772 0299 10       		.uleb128 0x10
 773 029a 24000000 		.4byte	.LVL28
 774 029e BA030000 		.4byte	0x3ba
 775 02a2 0F       		.uleb128 0xf
 776 02a3 01       		.uleb128 0x1
 777 02a4 50       		.byte	0x50
 778 02a5 01       		.uleb128 0x1
 779 02a6 3B       		.byte	0x3b
 780 02a7 00       		.byte	0
 781 02a8 00       		.byte	0
 782 02a9 14       		.uleb128 0x14
 783 02aa F6010000 		.4byte	.LASF32
 784 02ae 01       		.byte	0x1
 785 02af 4801     		.2byte	0x148
 786 02b1 76000000 		.4byte	0x76
 787 02b5 00000000 		.4byte	.LFB8
 788 02b9 0C000000 		.4byte	.LFE8-.LFB8
 789 02bd 01       		.uleb128 0x1
 790 02be 9C       		.byte	0x9c
ARM GAS  C:\Users\Marcelo\AppData\Local\Temp\ccX2zZUc.s 			page 22


 791 02bf 14       		.uleb128 0x14
 792 02c0 9A030000 		.4byte	.LASF33
 793 02c4 01       		.byte	0x1
 794 02c5 6201     		.2byte	0x162
 795 02c7 76000000 		.4byte	0x76
 796 02cb 00000000 		.4byte	.LFB9
 797 02cf 0C000000 		.4byte	.LFE9-.LFB9
 798 02d3 01       		.uleb128 0x1
 799 02d4 9C       		.byte	0x9c
 800 02d5 15       		.uleb128 0x15
 801 02d6 B1020000 		.4byte	.LASF34
 802 02da 01       		.byte	0x1
 803 02db 7B01     		.2byte	0x17b
 804 02dd 00000000 		.4byte	.LFB10
 805 02e1 0C000000 		.4byte	.LFE10-.LFB10
 806 02e5 01       		.uleb128 0x1
 807 02e6 9C       		.byte	0x9c
 808 02e7 15       		.uleb128 0x15
 809 02e8 E1020000 		.4byte	.LASF35
 810 02ec 01       		.byte	0x1
 811 02ed 9401     		.2byte	0x194
 812 02ef 00000000 		.4byte	.LFB11
 813 02f3 0C000000 		.4byte	.LFE11-.LFB11
 814 02f7 01       		.uleb128 0x1
 815 02f8 9C       		.byte	0x9c
 816 02f9 16       		.uleb128 0x16
 817 02fa 41040000 		.4byte	.LASF36
 818 02fe 01       		.byte	0x1
 819 02ff 1A       		.byte	0x1a
 820 0300 96000000 		.4byte	0x96
 821 0304 05       		.uleb128 0x5
 822 0305 03       		.byte	0x3
 823 0306 00000000 		.4byte	UART_1_slStatus
 824 030a 16       		.uleb128 0x16
 825 030b 48020000 		.4byte	.LASF37
 826 030f 01       		.byte	0x1
 827 0310 1D       		.byte	0x1d
 828 0311 1B030000 		.4byte	0x31b
 829 0315 05       		.uleb128 0x5
 830 0316 03       		.byte	0x3
 831 0317 00000000 		.4byte	UART_1_slWrBufPtr
 832 031b 0A       		.uleb128 0xa
 833 031c 04       		.byte	0x4
 834 031d 96000000 		.4byte	0x96
 835 0321 16       		.uleb128 0x16
 836 0322 29030000 		.4byte	.LASF38
 837 0326 01       		.byte	0x1
 838 0327 1E       		.byte	0x1e
 839 0328 A7000000 		.4byte	0xa7
 840 032c 05       		.uleb128 0x5
 841 032d 03       		.byte	0x3
 842 032e 00000000 		.4byte	UART_1_slWrBufSize
 843 0332 16       		.uleb128 0x16
 844 0333 3A010000 		.4byte	.LASF39
 845 0337 01       		.byte	0x1
 846 0338 1F       		.byte	0x1f
 847 0339 A7000000 		.4byte	0xa7
ARM GAS  C:\Users\Marcelo\AppData\Local\Temp\ccX2zZUc.s 			page 23


 848 033d 05       		.uleb128 0x5
 849 033e 03       		.byte	0x3
 850 033f 00000000 		.4byte	UART_1_slWrBufIndex
 851 0343 16       		.uleb128 0x16
 852 0344 06000000 		.4byte	.LASF40
 853 0348 01       		.byte	0x1
 854 0349 22       		.byte	0x22
 855 034a 1B030000 		.4byte	0x31b
 856 034e 05       		.uleb128 0x5
 857 034f 03       		.byte	0x3
 858 0350 00000000 		.4byte	UART_1_slRdBufPtr
 859 0354 16       		.uleb128 0x16
 860 0355 EF000000 		.4byte	.LASF41
 861 0359 01       		.byte	0x1
 862 035a 23       		.byte	0x23
 863 035b A7000000 		.4byte	0xa7
 864 035f 05       		.uleb128 0x5
 865 0360 03       		.byte	0x3
 866 0361 00000000 		.4byte	UART_1_slRdBufSize
 867 0365 16       		.uleb128 0x16
 868 0366 3C030000 		.4byte	.LASF42
 869 036a 01       		.byte	0x1
 870 036b 24       		.byte	0x24
 871 036c A7000000 		.4byte	0xa7
 872 0370 05       		.uleb128 0x5
 873 0371 03       		.byte	0x3
 874 0372 00000000 		.4byte	UART_1_slRdBufIndex
 875 0376 16       		.uleb128 0x16
 876 0377 50030000 		.4byte	.LASF43
 877 037b 01       		.byte	0x1
 878 037c 25       		.byte	0x25
 879 037d A7000000 		.4byte	0xa7
 880 0381 05       		.uleb128 0x5
 881 0382 03       		.byte	0x3
 882 0383 00000000 		.4byte	UART_1_slRdBufIndexTmp
 883 0387 16       		.uleb128 0x16
 884 0388 67030000 		.4byte	.LASF44
 885 038c 01       		.byte	0x1
 886 038d 26       		.byte	0x26
 887 038e 96000000 		.4byte	0x96
 888 0392 05       		.uleb128 0x5
 889 0393 03       		.byte	0x3
 890 0394 00000000 		.4byte	UART_1_slOverFlowCount
 891 0398 16       		.uleb128 0x16
 892 0399 18010000 		.4byte	.LASF45
 893 039d 01       		.byte	0x1
 894 039e 2A       		.byte	0x2a
 895 039f DB000000 		.4byte	0xdb
 896 03a3 05       		.uleb128 0x5
 897 03a4 03       		.byte	0x3
 898 03a5 00000000 		.4byte	UART_1_customAddressHandler
 899 03a9 17       		.uleb128 0x17
 900 03aa E4030000 		.4byte	.LASF49
 901 03ae 03       		.byte	0x3
 902 03af 4E       		.byte	0x4e
 903 03b0 BA030000 		.4byte	0x3ba
 904 03b4 18       		.uleb128 0x18
ARM GAS  C:\Users\Marcelo\AppData\Local\Temp\ccX2zZUc.s 			page 24


 905 03b5 6B000000 		.4byte	0x6b
 906 03b9 00       		.byte	0
 907 03ba 19       		.uleb128 0x19
 908 03bb A5020000 		.4byte	.LASF50
 909 03bf 03       		.byte	0x3
 910 03c0 4C       		.byte	0x4c
 911 03c1 18       		.uleb128 0x18
 912 03c2 6B000000 		.4byte	0x6b
 913 03c6 00       		.byte	0
 914 03c7 00       		.byte	0
 915              		.section	.debug_abbrev,"",%progbits
 916              	.Ldebug_abbrev0:
 917 0000 01       		.uleb128 0x1
 918 0001 11       		.uleb128 0x11
 919 0002 01       		.byte	0x1
 920 0003 25       		.uleb128 0x25
 921 0004 0E       		.uleb128 0xe
 922 0005 13       		.uleb128 0x13
 923 0006 0B       		.uleb128 0xb
 924 0007 03       		.uleb128 0x3
 925 0008 0E       		.uleb128 0xe
 926 0009 1B       		.uleb128 0x1b
 927 000a 0E       		.uleb128 0xe
 928 000b 55       		.uleb128 0x55
 929 000c 17       		.uleb128 0x17
 930 000d 11       		.uleb128 0x11
 931 000e 01       		.uleb128 0x1
 932 000f 10       		.uleb128 0x10
 933 0010 17       		.uleb128 0x17
 934 0011 00       		.byte	0
 935 0012 00       		.byte	0
 936 0013 02       		.uleb128 0x2
 937 0014 24       		.uleb128 0x24
 938 0015 00       		.byte	0
 939 0016 0B       		.uleb128 0xb
 940 0017 0B       		.uleb128 0xb
 941 0018 3E       		.uleb128 0x3e
 942 0019 0B       		.uleb128 0xb
 943 001a 03       		.uleb128 0x3
 944 001b 0E       		.uleb128 0xe
 945 001c 00       		.byte	0
 946 001d 00       		.byte	0
 947 001e 03       		.uleb128 0x3
 948 001f 24       		.uleb128 0x24
 949 0020 00       		.byte	0
 950 0021 0B       		.uleb128 0xb
 951 0022 0B       		.uleb128 0xb
 952 0023 3E       		.uleb128 0x3e
 953 0024 0B       		.uleb128 0xb
 954 0025 03       		.uleb128 0x3
 955 0026 08       		.uleb128 0x8
 956 0027 00       		.byte	0
 957 0028 00       		.byte	0
 958 0029 04       		.uleb128 0x4
 959 002a 16       		.uleb128 0x16
 960 002b 00       		.byte	0
 961 002c 03       		.uleb128 0x3
ARM GAS  C:\Users\Marcelo\AppData\Local\Temp\ccX2zZUc.s 			page 25


 962 002d 0E       		.uleb128 0xe
 963 002e 3A       		.uleb128 0x3a
 964 002f 0B       		.uleb128 0xb
 965 0030 3B       		.uleb128 0x3b
 966 0031 0B       		.uleb128 0xb
 967 0032 49       		.uleb128 0x49
 968 0033 13       		.uleb128 0x13
 969 0034 00       		.byte	0
 970 0035 00       		.byte	0
 971 0036 05       		.uleb128 0x5
 972 0037 35       		.uleb128 0x35
 973 0038 00       		.byte	0
 974 0039 49       		.uleb128 0x49
 975 003a 13       		.uleb128 0x13
 976 003b 00       		.byte	0
 977 003c 00       		.byte	0
 978 003d 06       		.uleb128 0x6
 979 003e 16       		.uleb128 0x16
 980 003f 00       		.byte	0
 981 0040 03       		.uleb128 0x3
 982 0041 0E       		.uleb128 0xe
 983 0042 3A       		.uleb128 0x3a
 984 0043 0B       		.uleb128 0xb
 985 0044 3B       		.uleb128 0x3b
 986 0045 05       		.uleb128 0x5
 987 0046 49       		.uleb128 0x49
 988 0047 13       		.uleb128 0x13
 989 0048 00       		.byte	0
 990 0049 00       		.byte	0
 991 004a 07       		.uleb128 0x7
 992 004b 2E       		.uleb128 0x2e
 993 004c 01       		.byte	0x1
 994 004d 3F       		.uleb128 0x3f
 995 004e 19       		.uleb128 0x19
 996 004f 03       		.uleb128 0x3
 997 0050 0E       		.uleb128 0xe
 998 0051 3A       		.uleb128 0x3a
 999 0052 0B       		.uleb128 0xb
 1000 0053 3B       		.uleb128 0x3b
 1001 0054 0B       		.uleb128 0xb
 1002 0055 27       		.uleb128 0x27
 1003 0056 19       		.uleb128 0x19
 1004 0057 11       		.uleb128 0x11
 1005 0058 01       		.uleb128 0x1
 1006 0059 12       		.uleb128 0x12
 1007 005a 06       		.uleb128 0x6
 1008 005b 40       		.uleb128 0x40
 1009 005c 18       		.uleb128 0x18
 1010 005d 9742     		.uleb128 0x2117
 1011 005f 19       		.uleb128 0x19
 1012 0060 01       		.uleb128 0x1
 1013 0061 13       		.uleb128 0x13
 1014 0062 00       		.byte	0
 1015 0063 00       		.byte	0
 1016 0064 08       		.uleb128 0x8
 1017 0065 05       		.uleb128 0x5
 1018 0066 00       		.byte	0
ARM GAS  C:\Users\Marcelo\AppData\Local\Temp\ccX2zZUc.s 			page 26


 1019 0067 03       		.uleb128 0x3
 1020 0068 0E       		.uleb128 0xe
 1021 0069 3A       		.uleb128 0x3a
 1022 006a 0B       		.uleb128 0xb
 1023 006b 3B       		.uleb128 0x3b
 1024 006c 0B       		.uleb128 0xb
 1025 006d 49       		.uleb128 0x49
 1026 006e 13       		.uleb128 0x13
 1027 006f 02       		.uleb128 0x2
 1028 0070 18       		.uleb128 0x18
 1029 0071 00       		.byte	0
 1030 0072 00       		.byte	0
 1031 0073 09       		.uleb128 0x9
 1032 0074 15       		.uleb128 0x15
 1033 0075 00       		.byte	0
 1034 0076 27       		.uleb128 0x27
 1035 0077 19       		.uleb128 0x19
 1036 0078 49       		.uleb128 0x49
 1037 0079 13       		.uleb128 0x13
 1038 007a 00       		.byte	0
 1039 007b 00       		.byte	0
 1040 007c 0A       		.uleb128 0xa
 1041 007d 0F       		.uleb128 0xf
 1042 007e 00       		.byte	0
 1043 007f 0B       		.uleb128 0xb
 1044 0080 0B       		.uleb128 0xb
 1045 0081 49       		.uleb128 0x49
 1046 0082 13       		.uleb128 0x13
 1047 0083 00       		.byte	0
 1048 0084 00       		.byte	0
 1049 0085 0B       		.uleb128 0xb
 1050 0086 2E       		.uleb128 0x2e
 1051 0087 00       		.byte	0
 1052 0088 3F       		.uleb128 0x3f
 1053 0089 19       		.uleb128 0x19
 1054 008a 03       		.uleb128 0x3
 1055 008b 0E       		.uleb128 0xe
 1056 008c 3A       		.uleb128 0x3a
 1057 008d 0B       		.uleb128 0xb
 1058 008e 3B       		.uleb128 0x3b
 1059 008f 0B       		.uleb128 0xb
 1060 0090 27       		.uleb128 0x27
 1061 0091 19       		.uleb128 0x19
 1062 0092 49       		.uleb128 0x49
 1063 0093 13       		.uleb128 0x13
 1064 0094 11       		.uleb128 0x11
 1065 0095 01       		.uleb128 0x1
 1066 0096 12       		.uleb128 0x12
 1067 0097 06       		.uleb128 0x6
 1068 0098 40       		.uleb128 0x40
 1069 0099 18       		.uleb128 0x18
 1070 009a 9742     		.uleb128 0x2117
 1071 009c 19       		.uleb128 0x19
 1072 009d 00       		.byte	0
 1073 009e 00       		.byte	0
 1074 009f 0C       		.uleb128 0xc
 1075 00a0 2E       		.uleb128 0x2e
ARM GAS  C:\Users\Marcelo\AppData\Local\Temp\ccX2zZUc.s 			page 27


 1076 00a1 01       		.byte	0x1
 1077 00a2 3F       		.uleb128 0x3f
 1078 00a3 19       		.uleb128 0x19
 1079 00a4 03       		.uleb128 0x3
 1080 00a5 0E       		.uleb128 0xe
 1081 00a6 3A       		.uleb128 0x3a
 1082 00a7 0B       		.uleb128 0xb
 1083 00a8 3B       		.uleb128 0x3b
 1084 00a9 0B       		.uleb128 0xb
 1085 00aa 27       		.uleb128 0x27
 1086 00ab 19       		.uleb128 0x19
 1087 00ac 49       		.uleb128 0x49
 1088 00ad 13       		.uleb128 0x13
 1089 00ae 11       		.uleb128 0x11
 1090 00af 01       		.uleb128 0x1
 1091 00b0 12       		.uleb128 0x12
 1092 00b1 06       		.uleb128 0x6
 1093 00b2 40       		.uleb128 0x40
 1094 00b3 18       		.uleb128 0x18
 1095 00b4 9742     		.uleb128 0x2117
 1096 00b6 19       		.uleb128 0x19
 1097 00b7 01       		.uleb128 0x1
 1098 00b8 13       		.uleb128 0x13
 1099 00b9 00       		.byte	0
 1100 00ba 00       		.byte	0
 1101 00bb 0D       		.uleb128 0xd
 1102 00bc 34       		.uleb128 0x34
 1103 00bd 00       		.byte	0
 1104 00be 03       		.uleb128 0x3
 1105 00bf 0E       		.uleb128 0xe
 1106 00c0 3A       		.uleb128 0x3a
 1107 00c1 0B       		.uleb128 0xb
 1108 00c2 3B       		.uleb128 0x3b
 1109 00c3 0B       		.uleb128 0xb
 1110 00c4 49       		.uleb128 0x49
 1111 00c5 13       		.uleb128 0x13
 1112 00c6 02       		.uleb128 0x2
 1113 00c7 17       		.uleb128 0x17
 1114 00c8 00       		.byte	0
 1115 00c9 00       		.byte	0
 1116 00ca 0E       		.uleb128 0xe
 1117 00cb 898201   		.uleb128 0x4109
 1118 00ce 01       		.byte	0x1
 1119 00cf 11       		.uleb128 0x11
 1120 00d0 01       		.uleb128 0x1
 1121 00d1 31       		.uleb128 0x31
 1122 00d2 13       		.uleb128 0x13
 1123 00d3 01       		.uleb128 0x1
 1124 00d4 13       		.uleb128 0x13
 1125 00d5 00       		.byte	0
 1126 00d6 00       		.byte	0
 1127 00d7 0F       		.uleb128 0xf
 1128 00d8 8A8201   		.uleb128 0x410a
 1129 00db 00       		.byte	0
 1130 00dc 02       		.uleb128 0x2
 1131 00dd 18       		.uleb128 0x18
 1132 00de 9142     		.uleb128 0x2111
ARM GAS  C:\Users\Marcelo\AppData\Local\Temp\ccX2zZUc.s 			page 28


 1133 00e0 18       		.uleb128 0x18
 1134 00e1 00       		.byte	0
 1135 00e2 00       		.byte	0
 1136 00e3 10       		.uleb128 0x10
 1137 00e4 898201   		.uleb128 0x4109
 1138 00e7 01       		.byte	0x1
 1139 00e8 11       		.uleb128 0x11
 1140 00e9 01       		.uleb128 0x1
 1141 00ea 31       		.uleb128 0x31
 1142 00eb 13       		.uleb128 0x13
 1143 00ec 00       		.byte	0
 1144 00ed 00       		.byte	0
 1145 00ee 11       		.uleb128 0x11
 1146 00ef 05       		.uleb128 0x5
 1147 00f0 00       		.byte	0
 1148 00f1 03       		.uleb128 0x3
 1149 00f2 0E       		.uleb128 0xe
 1150 00f3 3A       		.uleb128 0x3a
 1151 00f4 0B       		.uleb128 0xb
 1152 00f5 3B       		.uleb128 0x3b
 1153 00f6 0B       		.uleb128 0xb
 1154 00f7 49       		.uleb128 0x49
 1155 00f8 13       		.uleb128 0x13
 1156 00f9 02       		.uleb128 0x2
 1157 00fa 17       		.uleb128 0x17
 1158 00fb 00       		.byte	0
 1159 00fc 00       		.byte	0
 1160 00fd 12       		.uleb128 0x12
 1161 00fe 2E       		.uleb128 0x2e
 1162 00ff 01       		.byte	0x1
 1163 0100 3F       		.uleb128 0x3f
 1164 0101 19       		.uleb128 0x19
 1165 0102 03       		.uleb128 0x3
 1166 0103 0E       		.uleb128 0xe
 1167 0104 3A       		.uleb128 0x3a
 1168 0105 0B       		.uleb128 0xb
 1169 0106 3B       		.uleb128 0x3b
 1170 0107 05       		.uleb128 0x5
 1171 0108 27       		.uleb128 0x27
 1172 0109 19       		.uleb128 0x19
 1173 010a 11       		.uleb128 0x11
 1174 010b 01       		.uleb128 0x1
 1175 010c 12       		.uleb128 0x12
 1176 010d 06       		.uleb128 0x6
 1177 010e 40       		.uleb128 0x40
 1178 010f 18       		.uleb128 0x18
 1179 0110 9742     		.uleb128 0x2117
 1180 0112 19       		.uleb128 0x19
 1181 0113 01       		.uleb128 0x1
 1182 0114 13       		.uleb128 0x13
 1183 0115 00       		.byte	0
 1184 0116 00       		.byte	0
 1185 0117 13       		.uleb128 0x13
 1186 0118 05       		.uleb128 0x5
 1187 0119 00       		.byte	0
 1188 011a 03       		.uleb128 0x3
 1189 011b 0E       		.uleb128 0xe
ARM GAS  C:\Users\Marcelo\AppData\Local\Temp\ccX2zZUc.s 			page 29


 1190 011c 3A       		.uleb128 0x3a
 1191 011d 0B       		.uleb128 0xb
 1192 011e 3B       		.uleb128 0x3b
 1193 011f 05       		.uleb128 0x5
 1194 0120 49       		.uleb128 0x49
 1195 0121 13       		.uleb128 0x13
 1196 0122 02       		.uleb128 0x2
 1197 0123 17       		.uleb128 0x17
 1198 0124 00       		.byte	0
 1199 0125 00       		.byte	0
 1200 0126 14       		.uleb128 0x14
 1201 0127 2E       		.uleb128 0x2e
 1202 0128 00       		.byte	0
 1203 0129 3F       		.uleb128 0x3f
 1204 012a 19       		.uleb128 0x19
 1205 012b 03       		.uleb128 0x3
 1206 012c 0E       		.uleb128 0xe
 1207 012d 3A       		.uleb128 0x3a
 1208 012e 0B       		.uleb128 0xb
 1209 012f 3B       		.uleb128 0x3b
 1210 0130 05       		.uleb128 0x5
 1211 0131 27       		.uleb128 0x27
 1212 0132 19       		.uleb128 0x19
 1213 0133 49       		.uleb128 0x49
 1214 0134 13       		.uleb128 0x13
 1215 0135 11       		.uleb128 0x11
 1216 0136 01       		.uleb128 0x1
 1217 0137 12       		.uleb128 0x12
 1218 0138 06       		.uleb128 0x6
 1219 0139 40       		.uleb128 0x40
 1220 013a 18       		.uleb128 0x18
 1221 013b 9742     		.uleb128 0x2117
 1222 013d 19       		.uleb128 0x19
 1223 013e 00       		.byte	0
 1224 013f 00       		.byte	0
 1225 0140 15       		.uleb128 0x15
 1226 0141 2E       		.uleb128 0x2e
 1227 0142 00       		.byte	0
 1228 0143 3F       		.uleb128 0x3f
 1229 0144 19       		.uleb128 0x19
 1230 0145 03       		.uleb128 0x3
 1231 0146 0E       		.uleb128 0xe
 1232 0147 3A       		.uleb128 0x3a
 1233 0148 0B       		.uleb128 0xb
 1234 0149 3B       		.uleb128 0x3b
 1235 014a 05       		.uleb128 0x5
 1236 014b 27       		.uleb128 0x27
 1237 014c 19       		.uleb128 0x19
 1238 014d 11       		.uleb128 0x11
 1239 014e 01       		.uleb128 0x1
 1240 014f 12       		.uleb128 0x12
 1241 0150 06       		.uleb128 0x6
 1242 0151 40       		.uleb128 0x40
 1243 0152 18       		.uleb128 0x18
 1244 0153 9742     		.uleb128 0x2117
 1245 0155 19       		.uleb128 0x19
 1246 0156 00       		.byte	0
ARM GAS  C:\Users\Marcelo\AppData\Local\Temp\ccX2zZUc.s 			page 30


 1247 0157 00       		.byte	0
 1248 0158 16       		.uleb128 0x16
 1249 0159 34       		.uleb128 0x34
 1250 015a 00       		.byte	0
 1251 015b 03       		.uleb128 0x3
 1252 015c 0E       		.uleb128 0xe
 1253 015d 3A       		.uleb128 0x3a
 1254 015e 0B       		.uleb128 0xb
 1255 015f 3B       		.uleb128 0x3b
 1256 0160 0B       		.uleb128 0xb
 1257 0161 49       		.uleb128 0x49
 1258 0162 13       		.uleb128 0x13
 1259 0163 3F       		.uleb128 0x3f
 1260 0164 19       		.uleb128 0x19
 1261 0165 02       		.uleb128 0x2
 1262 0166 18       		.uleb128 0x18
 1263 0167 00       		.byte	0
 1264 0168 00       		.byte	0
 1265 0169 17       		.uleb128 0x17
 1266 016a 2E       		.uleb128 0x2e
 1267 016b 01       		.byte	0x1
 1268 016c 3F       		.uleb128 0x3f
 1269 016d 19       		.uleb128 0x19
 1270 016e 03       		.uleb128 0x3
 1271 016f 0E       		.uleb128 0xe
 1272 0170 3A       		.uleb128 0x3a
 1273 0171 0B       		.uleb128 0xb
 1274 0172 3B       		.uleb128 0x3b
 1275 0173 0B       		.uleb128 0xb
 1276 0174 27       		.uleb128 0x27
 1277 0175 19       		.uleb128 0x19
 1278 0176 3C       		.uleb128 0x3c
 1279 0177 19       		.uleb128 0x19
 1280 0178 01       		.uleb128 0x1
 1281 0179 13       		.uleb128 0x13
 1282 017a 00       		.byte	0
 1283 017b 00       		.byte	0
 1284 017c 18       		.uleb128 0x18
 1285 017d 05       		.uleb128 0x5
 1286 017e 00       		.byte	0
 1287 017f 49       		.uleb128 0x49
 1288 0180 13       		.uleb128 0x13
 1289 0181 00       		.byte	0
 1290 0182 00       		.byte	0
 1291 0183 19       		.uleb128 0x19
 1292 0184 2E       		.uleb128 0x2e
 1293 0185 01       		.byte	0x1
 1294 0186 3F       		.uleb128 0x3f
 1295 0187 19       		.uleb128 0x19
 1296 0188 03       		.uleb128 0x3
 1297 0189 0E       		.uleb128 0xe
 1298 018a 3A       		.uleb128 0x3a
 1299 018b 0B       		.uleb128 0xb
 1300 018c 3B       		.uleb128 0x3b
 1301 018d 0B       		.uleb128 0xb
 1302 018e 27       		.uleb128 0x27
 1303 018f 19       		.uleb128 0x19
ARM GAS  C:\Users\Marcelo\AppData\Local\Temp\ccX2zZUc.s 			page 31


 1304 0190 3C       		.uleb128 0x3c
 1305 0191 19       		.uleb128 0x19
 1306 0192 00       		.byte	0
 1307 0193 00       		.byte	0
 1308 0194 00       		.byte	0
 1309              		.section	.debug_loc,"",%progbits
 1310              	.Ldebug_loc0:
 1311              	.LLST0:
 1312 0000 10000000 		.4byte	.LVL2
 1313 0004 20000000 		.4byte	.LVL4
 1314 0008 0100     		.2byte	0x1
 1315 000a 54       		.byte	0x54
 1316 000b 20000000 		.4byte	.LVL4
 1317 000f 28000000 		.4byte	.LFE2
 1318 0013 0100     		.2byte	0x1
 1319 0015 50       		.byte	0x50
 1320 0016 00000000 		.4byte	0
 1321 001a 00000000 		.4byte	0
 1322              	.LLST1:
 1323 001e 10000000 		.4byte	.LVL6
 1324 0022 20000000 		.4byte	.LVL8
 1325 0026 0100     		.2byte	0x1
 1326 0028 54       		.byte	0x54
 1327 0029 20000000 		.4byte	.LVL8
 1328 002d 28000000 		.4byte	.LFE3
 1329 0031 0100     		.2byte	0x1
 1330 0033 50       		.byte	0x50
 1331 0034 00000000 		.4byte	0
 1332 0038 00000000 		.4byte	0
 1333              	.LLST2:
 1334 003c 00000000 		.4byte	.LVL9
 1335 0040 0A000000 		.4byte	.LVL12
 1336 0044 0100     		.2byte	0x1
 1337 0046 50       		.byte	0x50
 1338 0047 0A000000 		.4byte	.LVL12
 1339 004b 18000000 		.4byte	.LFE4
 1340 004f 0400     		.2byte	0x4
 1341 0051 F3       		.byte	0xf3
 1342 0052 01       		.uleb128 0x1
 1343 0053 50       		.byte	0x50
 1344 0054 9F       		.byte	0x9f
 1345 0055 00000000 		.4byte	0
 1346 0059 00000000 		.4byte	0
 1347              	.LLST3:
 1348 005d 04000000 		.4byte	.LVL10
 1349 0061 0E000000 		.4byte	.LVL13
 1350 0065 0100     		.2byte	0x1
 1351 0067 51       		.byte	0x51
 1352 0068 0E000000 		.4byte	.LVL13
 1353 006c 18000000 		.4byte	.LFE4
 1354 0070 0100     		.2byte	0x1
 1355 0072 52       		.byte	0x52
 1356 0073 00000000 		.4byte	0
 1357 0077 00000000 		.4byte	0
 1358              	.LLST4:
 1359 007b 00000000 		.4byte	.LVL14
 1360 007f 0A000000 		.4byte	.LVL17
ARM GAS  C:\Users\Marcelo\AppData\Local\Temp\ccX2zZUc.s 			page 32


 1361 0083 0100     		.2byte	0x1
 1362 0085 50       		.byte	0x50
 1363 0086 0A000000 		.4byte	.LVL17
 1364 008a 18000000 		.4byte	.LFE5
 1365 008e 0400     		.2byte	0x4
 1366 0090 F3       		.byte	0xf3
 1367 0091 01       		.uleb128 0x1
 1368 0092 50       		.byte	0x50
 1369 0093 9F       		.byte	0x9f
 1370 0094 00000000 		.4byte	0
 1371 0098 00000000 		.4byte	0
 1372              	.LLST5:
 1373 009c 04000000 		.4byte	.LVL15
 1374 00a0 08000000 		.4byte	.LVL16
 1375 00a4 0100     		.2byte	0x1
 1376 00a6 51       		.byte	0x51
 1377 00a7 08000000 		.4byte	.LVL16
 1378 00ab 0C000000 		.4byte	.LVL18
 1379 00af 0100     		.2byte	0x1
 1380 00b1 52       		.byte	0x52
 1381 00b2 0C000000 		.4byte	.LVL18
 1382 00b6 18000000 		.4byte	.LFE5
 1383 00ba 0100     		.2byte	0x1
 1384 00bc 50       		.byte	0x50
 1385 00bd 00000000 		.4byte	0
 1386 00c1 00000000 		.4byte	0
 1387              	.LLST6:
 1388 00c5 00000000 		.4byte	.LVL19
 1389 00c9 0C000000 		.4byte	.LVL20
 1390 00cd 0100     		.2byte	0x1
 1391 00cf 50       		.byte	0x50
 1392 00d0 0C000000 		.4byte	.LVL20
 1393 00d4 28000000 		.4byte	.LVL23
 1394 00d8 0100     		.2byte	0x1
 1395 00da 54       		.byte	0x54
 1396 00db 28000000 		.4byte	.LVL23
 1397 00df 3C000000 		.4byte	.LFE6
 1398 00e3 0400     		.2byte	0x4
 1399 00e5 F3       		.byte	0xf3
 1400 00e6 01       		.uleb128 0x1
 1401 00e7 50       		.byte	0x50
 1402 00e8 9F       		.byte	0x9f
 1403 00e9 00000000 		.4byte	0
 1404 00ed 00000000 		.4byte	0
 1405              	.LLST7:
 1406 00f1 00000000 		.4byte	.LVL19
 1407 00f5 0F000000 		.4byte	.LVL21-1
 1408 00f9 0100     		.2byte	0x1
 1409 00fb 51       		.byte	0x51
 1410 00fc 0F000000 		.4byte	.LVL21-1
 1411 0100 28000000 		.4byte	.LVL24
 1412 0104 0100     		.2byte	0x1
 1413 0106 55       		.byte	0x55
 1414 0107 28000000 		.4byte	.LVL24
 1415 010b 3C000000 		.4byte	.LFE6
 1416 010f 0400     		.2byte	0x4
 1417 0111 F3       		.byte	0xf3
ARM GAS  C:\Users\Marcelo\AppData\Local\Temp\ccX2zZUc.s 			page 33


 1418 0112 01       		.uleb128 0x1
 1419 0113 51       		.byte	0x51
 1420 0114 9F       		.byte	0x9f
 1421 0115 00000000 		.4byte	0
 1422 0119 00000000 		.4byte	0
 1423              	.LLST8:
 1424 011d 00000000 		.4byte	.LVL25
 1425 0121 0C000000 		.4byte	.LVL26
 1426 0125 0100     		.2byte	0x1
 1427 0127 50       		.byte	0x50
 1428 0128 0C000000 		.4byte	.LVL26
 1429 012c 24000000 		.4byte	.LVL29
 1430 0130 0100     		.2byte	0x1
 1431 0132 54       		.byte	0x54
 1432 0133 24000000 		.4byte	.LVL29
 1433 0137 34000000 		.4byte	.LFE7
 1434 013b 0400     		.2byte	0x4
 1435 013d F3       		.byte	0xf3
 1436 013e 01       		.uleb128 0x1
 1437 013f 50       		.byte	0x50
 1438 0140 9F       		.byte	0x9f
 1439 0141 00000000 		.4byte	0
 1440 0145 00000000 		.4byte	0
 1441              	.LLST9:
 1442 0149 00000000 		.4byte	.LVL25
 1443 014d 0F000000 		.4byte	.LVL27-1
 1444 0151 0100     		.2byte	0x1
 1445 0153 51       		.byte	0x51
 1446 0154 0F000000 		.4byte	.LVL27-1
 1447 0158 24000000 		.4byte	.LVL30
 1448 015c 0100     		.2byte	0x1
 1449 015e 55       		.byte	0x55
 1450 015f 24000000 		.4byte	.LVL30
 1451 0163 34000000 		.4byte	.LFE7
 1452 0167 0400     		.2byte	0x4
 1453 0169 F3       		.byte	0xf3
 1454 016a 01       		.uleb128 0x1
 1455 016b 51       		.byte	0x51
 1456 016c 9F       		.byte	0x9f
 1457 016d 00000000 		.4byte	0
 1458 0171 00000000 		.4byte	0
 1459              		.section	.debug_aranges,"",%progbits
 1460 0000 74000000 		.4byte	0x74
 1461 0004 0200     		.2byte	0x2
 1462 0006 00000000 		.4byte	.Ldebug_info0
 1463 000a 04       		.byte	0x4
 1464 000b 00       		.byte	0
 1465 000c 0000     		.2byte	0
 1466 000e 0000     		.2byte	0
 1467 0010 00000000 		.4byte	.LFB0
 1468 0014 0C000000 		.4byte	.LFE0-.LFB0
 1469 0018 00000000 		.4byte	.LFB1
 1470 001c 0C000000 		.4byte	.LFE1-.LFB1
 1471 0020 00000000 		.4byte	.LFB2
 1472 0024 28000000 		.4byte	.LFE2-.LFB2
 1473 0028 00000000 		.4byte	.LFB3
 1474 002c 28000000 		.4byte	.LFE3-.LFB3
ARM GAS  C:\Users\Marcelo\AppData\Local\Temp\ccX2zZUc.s 			page 34


 1475 0030 00000000 		.4byte	.LFB4
 1476 0034 18000000 		.4byte	.LFE4-.LFB4
 1477 0038 00000000 		.4byte	.LFB5
 1478 003c 18000000 		.4byte	.LFE5-.LFB5
 1479 0040 00000000 		.4byte	.LFB6
 1480 0044 3C000000 		.4byte	.LFE6-.LFB6
 1481 0048 00000000 		.4byte	.LFB7
 1482 004c 34000000 		.4byte	.LFE7-.LFB7
 1483 0050 00000000 		.4byte	.LFB8
 1484 0054 0C000000 		.4byte	.LFE8-.LFB8
 1485 0058 00000000 		.4byte	.LFB9
 1486 005c 0C000000 		.4byte	.LFE9-.LFB9
 1487 0060 00000000 		.4byte	.LFB10
 1488 0064 0C000000 		.4byte	.LFE10-.LFB10
 1489 0068 00000000 		.4byte	.LFB11
 1490 006c 0C000000 		.4byte	.LFE11-.LFB11
 1491 0070 00000000 		.4byte	0
 1492 0074 00000000 		.4byte	0
 1493              		.section	.debug_ranges,"",%progbits
 1494              	.Ldebug_ranges0:
 1495 0000 00000000 		.4byte	.LFB0
 1496 0004 0C000000 		.4byte	.LFE0
 1497 0008 00000000 		.4byte	.LFB1
 1498 000c 0C000000 		.4byte	.LFE1
 1499 0010 00000000 		.4byte	.LFB2
 1500 0014 28000000 		.4byte	.LFE2
 1501 0018 00000000 		.4byte	.LFB3
 1502 001c 28000000 		.4byte	.LFE3
 1503 0020 00000000 		.4byte	.LFB4
 1504 0024 18000000 		.4byte	.LFE4
 1505 0028 00000000 		.4byte	.LFB5
 1506 002c 18000000 		.4byte	.LFE5
 1507 0030 00000000 		.4byte	.LFB6
 1508 0034 3C000000 		.4byte	.LFE6
 1509 0038 00000000 		.4byte	.LFB7
 1510 003c 34000000 		.4byte	.LFE7
 1511 0040 00000000 		.4byte	.LFB8
 1512 0044 0C000000 		.4byte	.LFE8
 1513 0048 00000000 		.4byte	.LFB9
 1514 004c 0C000000 		.4byte	.LFE9
 1515 0050 00000000 		.4byte	.LFB10
 1516 0054 0C000000 		.4byte	.LFE10
 1517 0058 00000000 		.4byte	.LFB11
 1518 005c 0C000000 		.4byte	.LFE11
 1519 0060 00000000 		.4byte	0
 1520 0064 00000000 		.4byte	0
 1521              		.section	.debug_line,"",%progbits
 1522              	.Ldebug_line0:
 1523 0000 66010000 		.section	.debug_str,"MS",%progbits,1
 1523      02007100 
 1523      00000201 
 1523      FB0E0D00 
 1523      01010101 
 1524              	.LASF14:
 1525 0000 72656733 		.ascii	"reg32\000"
 1525      3200
 1526              	.LASF40:
ARM GAS  C:\Users\Marcelo\AppData\Local\Temp\ccX2zZUc.s 			page 35


 1527 0006 55415254 		.ascii	"UART_1_slRdBufPtr\000"
 1527      5F315F73 
 1527      6C526442 
 1527      75665074 
 1527      7200
 1528              	.LASF48:
 1529 0018 433A5C55 		.ascii	"C:\\Users\\Marcelo\\Documents\\Proyecto_Tesis\\tabl"
 1529      73657273 
 1529      5C4D6172 
 1529      63656C6F 
 1529      5C446F63 
 1530 0046 65726F5F 		.ascii	"ero_hogar\\Psoc_Creator\\Data Exchange MT174\\Inter"
 1530      686F6761 
 1530      725C5073 
 1530      6F635F43 
 1530      72656174 
 1531 0076 66616365 		.ascii	"face_driver.cydsn\000"
 1531      5F647269 
 1531      7665722E 
 1531      63796473 
 1531      6E00
 1532              	.LASF47:
 1533 0088 2E5C4765 		.ascii	".\\Generated_Source\\PSoC4\\UART_1_I2C_SLAVE.c\000"
 1533      6E657261 
 1533      7465645F 
 1533      536F7572 
 1533      63655C50 
 1534              	.LASF3:
 1535 00b4 73686F72 		.ascii	"short unsigned int\000"
 1535      7420756E 
 1535      7369676E 
 1535      65642069 
 1535      6E7400
 1536              	.LASF18:
 1537 00c7 73746174 		.ascii	"status\000"
 1537      757300
 1538              	.LASF26:
 1539 00ce 55415254 		.ascii	"UART_1_I2CSlaveInitReadBuf\000"
 1539      5F315F49 
 1539      3243536C 
 1539      61766549 
 1539      6E697452 
 1540              	.LASF27:
 1541 00e9 72644275 		.ascii	"rdBuf\000"
 1541      6600
 1542              	.LASF41:
 1543 00ef 55415254 		.ascii	"UART_1_slRdBufSize\000"
 1543      5F315F73 
 1543      6C526442 
 1543      75665369 
 1543      7A6500
 1544              	.LASF31:
 1545 0102 55415254 		.ascii	"UART_1_I2CSlaveStatus\000"
 1545      5F315F49 
 1545      3243536C 
 1545      61766553 
 1545      74617475 
ARM GAS  C:\Users\Marcelo\AppData\Local\Temp\ccX2zZUc.s 			page 36


 1546              	.LASF45:
 1547 0118 55415254 		.ascii	"UART_1_customAddressHandler\000"
 1547      5F315F63 
 1547      7573746F 
 1547      6D416464 
 1547      72657373 
 1548              	.LASF11:
 1549 0134 666C6F61 		.ascii	"float\000"
 1549      7400
 1550              	.LASF39:
 1551 013a 55415254 		.ascii	"UART_1_slWrBufIndex\000"
 1551      5F315F73 
 1551      6C577242 
 1551      7566496E 
 1551      64657800 
 1552              	.LASF46:
 1553 014e 474E5520 		.ascii	"GNU C 4.8.4 20140526 (release) [ARM/embedded-4_8-br"
 1553      4320342E 
 1553      382E3420 
 1553      32303134 
 1553      30353236 
 1554 0181 616E6368 		.ascii	"anch revision 211358] -mcpu=cortex-m0 -mthumb -g -O"
 1554      20726576 
 1554      6973696F 
 1554      6E203231 
 1554      31333538 
 1555 01b4 67202D66 		.ascii	"g -ffunction-sections\000"
 1555      66756E63 
 1555      74696F6E 
 1555      2D736563 
 1555      74696F6E 
 1556              	.LASF1:
 1557 01ca 756E7369 		.ascii	"unsigned char\000"
 1557      676E6564 
 1557      20636861 
 1557      7200
 1558              	.LASF24:
 1559 01d8 55415254 		.ascii	"UART_1_I2CSlaveSetAddressMask\000"
 1559      5F315F49 
 1559      3243536C 
 1559      61766553 
 1559      65744164 
 1560              	.LASF32:
 1561 01f6 55415254 		.ascii	"UART_1_I2CSlaveGetReadBufSize\000"
 1561      5F315F49 
 1561      3243536C 
 1561      61766547 
 1561      65745265 
 1562              	.LASF5:
 1563 0214 6C6F6E67 		.ascii	"long unsigned int\000"
 1563      20756E73 
 1563      69676E65 
 1563      6420696E 
 1563      7400
 1564              	.LASF29:
 1565 0226 55415254 		.ascii	"UART_1_I2CSlaveInitWriteBuf\000"
 1565      5F315F49 
ARM GAS  C:\Users\Marcelo\AppData\Local\Temp\ccX2zZUc.s 			page 37


 1565      3243536C 
 1565      61766549 
 1565      6E697457 
 1566              	.LASF9:
 1567 0242 75696E74 		.ascii	"uint8\000"
 1567      3800
 1568              	.LASF37:
 1569 0248 55415254 		.ascii	"UART_1_slWrBufPtr\000"
 1569      5F315F73 
 1569      6C577242 
 1569      75665074 
 1569      7200
 1570              	.LASF20:
 1571 025a 55415254 		.ascii	"UART_1_I2CSlaveSetAddress\000"
 1571      5F315F49 
 1571      3243536C 
 1571      61766553 
 1571      65744164 
 1572              	.LASF30:
 1573 0274 77724275 		.ascii	"wrBuf\000"
 1573      6600
 1574              	.LASF16:
 1575 027a 55415254 		.ascii	"UART_1_I2CSlaveClearReadStatus\000"
 1575      5F315F49 
 1575      3243536C 
 1575      61766543 
 1575      6C656172 
 1576              	.LASF12:
 1577 0299 646F7562 		.ascii	"double\000"
 1577      6C6500
 1578              	.LASF21:
 1579 02a0 66756E63 		.ascii	"func\000"
 1579      00
 1580              	.LASF50:
 1581 02a5 4379496E 		.ascii	"CyIntEnable\000"
 1581      74456E61 
 1581      626C6500 
 1582              	.LASF34:
 1583 02b1 55415254 		.ascii	"UART_1_I2CSlaveClearReadBuf\000"
 1583      5F315F49 
 1583      3243536C 
 1583      61766543 
 1583      6C656172 
 1584              	.LASF10:
 1585 02cd 75696E74 		.ascii	"uint32\000"
 1585      333200
 1586              	.LASF8:
 1587 02d4 756E7369 		.ascii	"unsigned int\000"
 1587      676E6564 
 1587      20696E74 
 1587      00
 1588              	.LASF35:
 1589 02e1 55415254 		.ascii	"UART_1_I2CSlaveClearWriteBuf\000"
 1589      5F315F49 
 1589      3243536C 
 1589      61766543 
 1589      6C656172 
ARM GAS  C:\Users\Marcelo\AppData\Local\Temp\ccX2zZUc.s 			page 38


 1590              	.LASF22:
 1591 02fe 61646472 		.ascii	"address\000"
 1591      65737300 
 1592              	.LASF7:
 1593 0306 6C6F6E67 		.ascii	"long long unsigned int\000"
 1593      206C6F6E 
 1593      6720756E 
 1593      7369676E 
 1593      65642069 
 1594              	.LASF25:
 1595 031d 61646472 		.ascii	"addressMask\000"
 1595      6573734D 
 1595      61736B00 
 1596              	.LASF38:
 1597 0329 55415254 		.ascii	"UART_1_slWrBufSize\000"
 1597      5F315F73 
 1597      6C577242 
 1597      75665369 
 1597      7A6500
 1598              	.LASF42:
 1599 033c 55415254 		.ascii	"UART_1_slRdBufIndex\000"
 1599      5F315F73 
 1599      6C526442 
 1599      7566496E 
 1599      64657800 
 1600              	.LASF43:
 1601 0350 55415254 		.ascii	"UART_1_slRdBufIndexTmp\000"
 1601      5F315F73 
 1601      6C526442 
 1601      7566496E 
 1601      64657854 
 1602              	.LASF44:
 1603 0367 55415254 		.ascii	"UART_1_slOverFlowCount\000"
 1603      5F315F73 
 1603      6C4F7665 
 1603      72466C6F 
 1603      77436F75 
 1604              	.LASF15:
 1605 037e 73697A65 		.ascii	"sizetype\000"
 1605      74797065 
 1605      00
 1606              	.LASF6:
 1607 0387 6C6F6E67 		.ascii	"long long int\000"
 1607      206C6F6E 
 1607      6720696E 
 1607      7400
 1608              	.LASF13:
 1609 0395 63686172 		.ascii	"char\000"
 1609      00
 1610              	.LASF33:
 1611 039a 55415254 		.ascii	"UART_1_I2CSlaveGetWriteBufSize\000"
 1611      5F315F49 
 1611      3243536C 
 1611      61766547 
 1611      65745772 
 1612              	.LASF19:
 1613 03b9 55415254 		.ascii	"UART_1_SetI2cAddressCustomInterruptHandler\000"
ARM GAS  C:\Users\Marcelo\AppData\Local\Temp\ccX2zZUc.s 			page 39


 1613      5F315F53 
 1613      65744932 
 1613      63416464 
 1613      72657373 
 1614              	.LASF49:
 1615 03e4 4379496E 		.ascii	"CyIntDisable\000"
 1615      74446973 
 1615      61626C65 
 1615      00
 1616              	.LASF2:
 1617 03f1 73686F72 		.ascii	"short int\000"
 1617      7420696E 
 1617      7400
 1618              	.LASF28:
 1619 03fb 62756653 		.ascii	"bufSize\000"
 1619      697A6500 
 1620              	.LASF4:
 1621 0403 6C6F6E67 		.ascii	"long int\000"
 1621      20696E74 
 1621      00
 1622              	.LASF17:
 1623 040c 55415254 		.ascii	"UART_1_I2CSlaveClearWriteStatus\000"
 1623      5F315F49 
 1623      3243536C 
 1623      61766543 
 1623      6C656172 
 1624              	.LASF23:
 1625 042c 6D617463 		.ascii	"matchReg\000"
 1625      68526567 
 1625      00
 1626              	.LASF0:
 1627 0435 7369676E 		.ascii	"signed char\000"
 1627      65642063 
 1627      68617200 
 1628              	.LASF36:
 1629 0441 55415254 		.ascii	"UART_1_slStatus\000"
 1629      5F315F73 
 1629      6C537461 
 1629      74757300 
 1630              		.ident	"GCC: (GNU Tools for ARM Embedded Processors) 4.8.4 20140526 (release) [ARM/embedded-4_8-br
